Archive member included because of file (symbol)

C:/apps/Freescale/CW MCU v10.6/MCU/ARM_GCC_Support/ewl/lib/armv7e-m\libc.a(exit.o)
                              ./Project_Settings/Startup_Code/__arm_start.o (exit)
C:/apps/Freescale/CW MCU v10.6/MCU/ARM_GCC_Support/ewl/lib/armv7e-m\libc.a(memset.o)
                              ./Project_Settings/Startup_Code/__arm_start.o (memset)
C:/apps/Freescale/CW MCU v10.6/MCU/ARM_GCC_Support/ewl/lib/armv7e-m\libc.a(printformat_.o)
                              (__pformatter_)
C:/apps/Freescale/CW MCU v10.6/MCU/ARM_GCC_Support/ewl/lib/armv7e-m\libc.a(scanformat_.o)
                              (__sformatter)
C:/apps/Freescale/CW MCU v10.6/MCU/ARM_GCC_Support/ewl/lib/armv7e-m\libc.a(ctype_aeabi.o)
                              C:/apps/Freescale/CW MCU v10.6/MCU/ARM_GCC_Support/ewl/lib/armv7e-m\libc.a(scanformat_.o) (isspace)
C:/apps/Freescale/CW MCU v10.6/MCU/ARM_GCC_Support/ewl/lib/armv7e-m\libc.a(__strtoul.o)
                              C:/apps/Freescale/CW MCU v10.6/MCU/ARM_GCC_Support/ewl/lib/armv7e-m\libc.a(scanformat_.o) (__strtoul)
C:/apps/Freescale/CW MCU v10.6/MCU/ARM_GCC_Support/ewl/lib/armv7e-m\libc.a(__filll_mem.o)
                              C:/apps/Freescale/CW MCU v10.6/MCU/ARM_GCC_Support/ewl/lib/armv7e-m\libc.a(memset.o) (__fill_mem)
C:/apps/Freescale/CW MCU v10.6/MCU/ARM_GCC_Support/ewl/lib/armv7e-m\libc.a(memchr.o)
                              C:/apps/Freescale/CW MCU v10.6/MCU/ARM_GCC_Support/ewl/lib/armv7e-m\libc.a(printformat_.o) (memchr)
C:/apps/Freescale/CW MCU v10.6/MCU/ARM_GCC_Support/ewl/lib/armv7e-m\libc.a(strchr.o)
                              C:/apps/Freescale/CW MCU v10.6/MCU/ARM_GCC_Support/ewl/lib/armv7e-m\libc.a(printformat_.o) (strchr)
C:/apps/Freescale/CW MCU v10.6/MCU/ARM_GCC_Support/ewl/lib/armv7e-m\libc.a(strlen.o)
                              C:/apps/Freescale/CW MCU v10.6/MCU/ARM_GCC_Support/ewl/lib/armv7e-m\libc.a(printformat_.o) (strlen)
C:/apps/Freescale/CW MCU v10.6/MCU/ARM_GCC_Support/ewl/lib/armv7e-m\librt.a(gcc_ctor_dtor.o)
                              ./Project_Settings/Startup_Code/__arm_start.o (__init_cpp)
C:/apps/Freescale/CW MCU v10.6/MCU/ARM_GCC_Support/ewl/lib/armv7e-m\librt.a(ROMCopy.o)
                              ./Project_Settings/Startup_Code/__arm_start.o (__copy_rom_sections_to_ram)
C:/apps/Freescale/CW MCU v10.6/MCU/ARM_GCC_Support/ewl/lib/armv7e-m\librt.a(__arm_eabi_init.o)
                              C:/apps/Freescale/CW MCU v10.6/MCU/ARM_GCC_Support/ewl/lib/armv7e-m\libc.a(exit.o) (__destroy_global_chain)

Discarded input sections

 .text          0x00000000        0x0 ./Project_Settings/Startup_Code/kinetis_sysinit.o
 .data          0x00000000        0x0 ./Project_Settings/Startup_Code/kinetis_sysinit.o
 .bss           0x00000000        0x0 ./Project_Settings/Startup_Code/kinetis_sysinit.o
 .text          0x00000000        0x0 ./Project_Settings/Startup_Code/__arm_start.o
 .data          0x00000000        0x0 ./Project_Settings/Startup_Code/__arm_start.o
 .bss           0x00000000        0x0 ./Project_Settings/Startup_Code/__arm_start.o
 .text.__iar_program_start
                0x00000000        0x4 ./Project_Settings/Startup_Code/__arm_start.o
 .text          0x00000000        0x0 ./Project_Settings/Startup_Code/__arm_end.o
 .data          0x00000000        0x0 ./Project_Settings/Startup_Code/__arm_end.o
 .bss           0x00000000        0x0 ./Project_Settings/Startup_Code/__arm_end.o
 .text          0x00000000        0x0 ./Sources/uart.o
 .data          0x00000000        0x0 ./Sources/uart.o
 .bss           0x00000000        0x0 ./Sources/uart.o
 .bss.uartInitialised
                0x00000000        0x4 ./Sources/uart.o
 .text.InitializeUART
                0x00000000      0x198 ./Sources/uart.o
 .text.WriteUARTN
                0x00000000       0x38 ./Sources/uart.o
 .text.ReadUARTN
                0x00000000       0x30 ./Sources/uart.o
 .text.__write_console
                0x00000000       0x88 ./Sources/uart.o
 .text.__read_console
                0x00000000       0x64 ./Sources/uart.o
 .text.__close_console
                0x00000000       0x18 ./Sources/uart.o
 .debug_info    0x00000000      0x85e ./Sources/uart.o
 .debug_abbrev  0x00000000      0x181 ./Sources/uart.o
 .debug_loc     0x00000000      0x144 ./Sources/uart.o
 .debug_aranges
                0x00000000       0x48 ./Sources/uart.o
 .debug_macinfo
                0x00000000    0x3dcbc ./Sources/uart.o
 .debug_line    0x00000000      0x34a ./Sources/uart.o
 .debug_str     0x00000000      0x3e3 ./Sources/uart.o
 .comment       0x00000000       0x7a ./Sources/uart.o
 .ARM.attributes
                0x00000000       0x33 ./Sources/uart.o
 .debug_frame   0x00000000       0xbc ./Sources/uart.o
 .text          0x00000000        0x0 ./Sources/timer.o
 .data          0x00000000        0x0 ./Sources/timer.o
 .bss           0x00000000        0x0 ./Sources/timer.o
 .text          0x00000000        0x0 ./Sources/nokia_LCD.o
 .data          0x00000000        0x0 ./Sources/nokia_LCD.o
 .bss           0x00000000        0x0 ./Sources/nokia_LCD.o
 .text.lcdPwmOff
                0x00000000       0x18 ./Sources/nokia_LCD.o
 .text.lcd_write130x130bmp
                0x00000000       0x9c ./Sources/nokia_LCD.o
 .text          0x00000000        0x0 ./Sources/lcd_spi.o
 .data          0x00000000        0x0 ./Sources/lcd_spi.o
 .bss           0x00000000        0x0 ./Sources/lcd_spi.o
 .text          0x00000000        0x0 ./Sources/lcd_fonts.o
 .data          0x00000000        0x0 ./Sources/lcd_fonts.o
 .bss           0x00000000        0x0 ./Sources/lcd_fonts.o
 .text          0x00000000        0x0 ./Sources/clock.o
 .data          0x00000000        0x0 ./Sources/clock.o
 .bss           0x00000000        0x0 ./Sources/clock.o
 .text          0x00000000        0x0 ./Sources/TicTacToe.o
 .data          0x00000000        0x0 ./Sources/TicTacToe.o
 .bss           0x00000000        0x0 ./Sources/TicTacToe.o
 .text          0x00000000        0x0 ./Sources/T6_Main.o
 .data          0x00000000        0x0 ./Sources/T6_Main.o
 .bss           0x00000000        0x0 ./Sources/T6_Main.o
 .text          0x00000000        0x0 ./Sources/Music.o
 .data          0x00000000        0x0 ./Sources/Music.o
 .bss           0x00000000        0x0 ./Sources/Music.o
 .text          0x00000000        0x0 ./Sources/Joystick.o
 .data          0x00000000        0x0 ./Sources/Joystick.o
 .bss           0x00000000        0x0 ./Sources/Joystick.o
 .text          0x00000000        0x0 C:/apps/Freescale/CW MCU v10.6/MCU/ARM_GCC_Support/ewl/lib/armv7e-m\libc.a(exit.o)
 .data          0x00000000        0x0 C:/apps/Freescale/CW MCU v10.6/MCU/ARM_GCC_Support/ewl/lib/armv7e-m\libc.a(exit.o)
 .bss           0x00000000        0x0 C:/apps/Freescale/CW MCU v10.6/MCU/ARM_GCC_Support/ewl/lib/armv7e-m\libc.a(exit.o)
 .text          0x00000000        0x0 C:/apps/Freescale/CW MCU v10.6/MCU/ARM_GCC_Support/ewl/lib/armv7e-m\libc.a(memset.o)
 .data          0x00000000        0x0 C:/apps/Freescale/CW MCU v10.6/MCU/ARM_GCC_Support/ewl/lib/armv7e-m\libc.a(memset.o)
 .bss           0x00000000        0x0 C:/apps/Freescale/CW MCU v10.6/MCU/ARM_GCC_Support/ewl/lib/armv7e-m\libc.a(memset.o)
 .text          0x00000000        0x0 C:/apps/Freescale/CW MCU v10.6/MCU/ARM_GCC_Support/ewl/lib/armv7e-m\libc.a(printformat_.o)
 .data          0x00000000        0x0 C:/apps/Freescale/CW MCU v10.6/MCU/ARM_GCC_Support/ewl/lib/armv7e-m\libc.a(printformat_.o)
 .bss           0x00000000        0x0 C:/apps/Freescale/CW MCU v10.6/MCU/ARM_GCC_Support/ewl/lib/armv7e-m\libc.a(printformat_.o)
 .text          0x00000000        0x0 C:/apps/Freescale/CW MCU v10.6/MCU/ARM_GCC_Support/ewl/lib/armv7e-m\libc.a(scanformat_.o)
 .data          0x00000000        0x0 C:/apps/Freescale/CW MCU v10.6/MCU/ARM_GCC_Support/ewl/lib/armv7e-m\libc.a(scanformat_.o)
 .bss           0x00000000        0x0 C:/apps/Freescale/CW MCU v10.6/MCU/ARM_GCC_Support/ewl/lib/armv7e-m\libc.a(scanformat_.o)
 .text          0x00000000        0x0 C:/apps/Freescale/CW MCU v10.6/MCU/ARM_GCC_Support/ewl/lib/armv7e-m\libc.a(ctype_aeabi.o)
 .data          0x00000000        0x0 C:/apps/Freescale/CW MCU v10.6/MCU/ARM_GCC_Support/ewl/lib/armv7e-m\libc.a(ctype_aeabi.o)
 .bss           0x00000000        0x0 C:/apps/Freescale/CW MCU v10.6/MCU/ARM_GCC_Support/ewl/lib/armv7e-m\libc.a(ctype_aeabi.o)
 .text.isalnum  0x00000000       0x18 C:/apps/Freescale/CW MCU v10.6/MCU/ARM_GCC_Support/ewl/lib/armv7e-m\libc.a(ctype_aeabi.o)
 .text.iscntrl  0x00000000       0x1c C:/apps/Freescale/CW MCU v10.6/MCU/ARM_GCC_Support/ewl/lib/armv7e-m\libc.a(ctype_aeabi.o)
 .text.isdigit  0x00000000        0xc C:/apps/Freescale/CW MCU v10.6/MCU/ARM_GCC_Support/ewl/lib/armv7e-m\libc.a(ctype_aeabi.o)
 .text.isgraph  0x00000000       0x18 C:/apps/Freescale/CW MCU v10.6/MCU/ARM_GCC_Support/ewl/lib/armv7e-m\libc.a(ctype_aeabi.o)
 .text.islower  0x00000000       0x1c C:/apps/Freescale/CW MCU v10.6/MCU/ARM_GCC_Support/ewl/lib/armv7e-m\libc.a(ctype_aeabi.o)
 .text.isprint  0x00000000       0x18 C:/apps/Freescale/CW MCU v10.6/MCU/ARM_GCC_Support/ewl/lib/armv7e-m\libc.a(ctype_aeabi.o)
 .text.ispunct  0x00000000       0x1c C:/apps/Freescale/CW MCU v10.6/MCU/ARM_GCC_Support/ewl/lib/armv7e-m\libc.a(ctype_aeabi.o)
 .text.isupper  0x00000000       0x1c C:/apps/Freescale/CW MCU v10.6/MCU/ARM_GCC_Support/ewl/lib/armv7e-m\libc.a(ctype_aeabi.o)
 .text.isxdigit
                0x00000000       0x1c C:/apps/Freescale/CW MCU v10.6/MCU/ARM_GCC_Support/ewl/lib/armv7e-m\libc.a(ctype_aeabi.o)
 .text.isblank  0x00000000       0x28 C:/apps/Freescale/CW MCU v10.6/MCU/ARM_GCC_Support/ewl/lib/armv7e-m\libc.a(ctype_aeabi.o)
 .text.tolower  0x00000000        0xc C:/apps/Freescale/CW MCU v10.6/MCU/ARM_GCC_Support/ewl/lib/armv7e-m\libc.a(ctype_aeabi.o)
 .text          0x00000000        0x0 C:/apps/Freescale/CW MCU v10.6/MCU/ARM_GCC_Support/ewl/lib/armv7e-m\libc.a(__strtoul.o)
 .data          0x00000000        0x0 C:/apps/Freescale/CW MCU v10.6/MCU/ARM_GCC_Support/ewl/lib/armv7e-m\libc.a(__strtoul.o)
 .bss           0x00000000        0x0 C:/apps/Freescale/CW MCU v10.6/MCU/ARM_GCC_Support/ewl/lib/armv7e-m\libc.a(__strtoul.o)
 .text          0x00000000        0x0 C:/apps/Freescale/CW MCU v10.6/MCU/ARM_GCC_Support/ewl/lib/armv7e-m\libc.a(__filll_mem.o)
 .data          0x00000000        0x0 C:/apps/Freescale/CW MCU v10.6/MCU/ARM_GCC_Support/ewl/lib/armv7e-m\libc.a(__filll_mem.o)
 .bss           0x00000000        0x0 C:/apps/Freescale/CW MCU v10.6/MCU/ARM_GCC_Support/ewl/lib/armv7e-m\libc.a(__filll_mem.o)
 .text          0x00000000        0x0 C:/apps/Freescale/CW MCU v10.6/MCU/ARM_GCC_Support/ewl/lib/armv7e-m\libc.a(memchr.o)
 .data          0x00000000        0x0 C:/apps/Freescale/CW MCU v10.6/MCU/ARM_GCC_Support/ewl/lib/armv7e-m\libc.a(memchr.o)
 .bss           0x00000000        0x0 C:/apps/Freescale/CW MCU v10.6/MCU/ARM_GCC_Support/ewl/lib/armv7e-m\libc.a(memchr.o)
 .text          0x00000000        0x0 C:/apps/Freescale/CW MCU v10.6/MCU/ARM_GCC_Support/ewl/lib/armv7e-m\libc.a(strchr.o)
 .data          0x00000000        0x0 C:/apps/Freescale/CW MCU v10.6/MCU/ARM_GCC_Support/ewl/lib/armv7e-m\libc.a(strchr.o)
 .bss           0x00000000        0x0 C:/apps/Freescale/CW MCU v10.6/MCU/ARM_GCC_Support/ewl/lib/armv7e-m\libc.a(strchr.o)
 .text          0x00000000        0x0 C:/apps/Freescale/CW MCU v10.6/MCU/ARM_GCC_Support/ewl/lib/armv7e-m\libc.a(strlen.o)
 .data          0x00000000        0x0 C:/apps/Freescale/CW MCU v10.6/MCU/ARM_GCC_Support/ewl/lib/armv7e-m\libc.a(strlen.o)
 .bss           0x00000000        0x0 C:/apps/Freescale/CW MCU v10.6/MCU/ARM_GCC_Support/ewl/lib/armv7e-m\libc.a(strlen.o)
 .text          0x00000000        0x0 C:/apps/Freescale/CW MCU v10.6/MCU/ARM_GCC_Support/ewl/lib/armv7e-m\librt.a(gcc_ctor_dtor.o)
 .data          0x00000000        0x0 C:/apps/Freescale/CW MCU v10.6/MCU/ARM_GCC_Support/ewl/lib/armv7e-m\librt.a(gcc_ctor_dtor.o)
 .bss           0x00000000        0x0 C:/apps/Freescale/CW MCU v10.6/MCU/ARM_GCC_Support/ewl/lib/armv7e-m\librt.a(gcc_ctor_dtor.o)
 .bss.__dso_handle
                0x00000000        0x4 C:/apps/Freescale/CW MCU v10.6/MCU/ARM_GCC_Support/ewl/lib/armv7e-m\librt.a(gcc_ctor_dtor.o)
 .text          0x00000000        0x0 C:/apps/Freescale/CW MCU v10.6/MCU/ARM_GCC_Support/ewl/lib/armv7e-m\librt.a(ROMCopy.o)
 .data          0x00000000        0x0 C:/apps/Freescale/CW MCU v10.6/MCU/ARM_GCC_Support/ewl/lib/armv7e-m\librt.a(ROMCopy.o)
 .bss           0x00000000        0x0 C:/apps/Freescale/CW MCU v10.6/MCU/ARM_GCC_Support/ewl/lib/armv7e-m\librt.a(ROMCopy.o)
 .text.__flush_cache
                0x00000000        0x2 C:/apps/Freescale/CW MCU v10.6/MCU/ARM_GCC_Support/ewl/lib/armv7e-m\librt.a(ROMCopy.o)
 .text          0x00000000        0x0 C:/apps/Freescale/CW MCU v10.6/MCU/ARM_GCC_Support/ewl/lib/armv7e-m\librt.a(__arm_eabi_init.o)
 .data          0x00000000        0x0 C:/apps/Freescale/CW MCU v10.6/MCU/ARM_GCC_Support/ewl/lib/armv7e-m\librt.a(__arm_eabi_init.o)
 .bss           0x00000000        0x0 C:/apps/Freescale/CW MCU v10.6/MCU/ARM_GCC_Support/ewl/lib/armv7e-m\librt.a(__arm_eabi_init.o)
 .text.__register_global_object
                0x00000000       0x14 C:/apps/Freescale/CW MCU v10.6/MCU/ARM_GCC_Support/ewl/lib/armv7e-m\librt.a(__arm_eabi_init.o)
 .text.__cxa_atexit
                0x00000000       0x38 C:/apps/Freescale/CW MCU v10.6/MCU/ARM_GCC_Support/ewl/lib/armv7e-m\librt.a(__arm_eabi_init.o)
 .text.__aeabi_atexit
                0x00000000        0xa C:/apps/Freescale/CW MCU v10.6/MCU/ARM_GCC_Support/ewl/lib/armv7e-m\librt.a(__arm_eabi_init.o)
 .text.__register_atexit
                0x00000000        0x8 C:/apps/Freescale/CW MCU v10.6/MCU/ARM_GCC_Support/ewl/lib/armv7e-m\librt.a(__arm_eabi_init.o)
 .text.__init_hardware
                0x00000000        0x4 C:/apps/Freescale/CW MCU v10.6/MCU/ARM_GCC_Support/ewl/lib/armv7e-m\librt.a(__arm_eabi_init.o)
 .bss.atexit_curr_func
                0x00000000        0x4 C:/apps/Freescale/CW MCU v10.6/MCU/ARM_GCC_Support/ewl/lib/armv7e-m\librt.a(__arm_eabi_init.o)
 .bss.atexit_funcs
                0x00000000      0x300 C:/apps/Freescale/CW MCU v10.6/MCU/ARM_GCC_Support/ewl/lib/armv7e-m\librt.a(__arm_eabi_init.o)

Memory Configuration

Name             Origin             Length             Attributes
m_interrupts     0x00000000         0x000000f8         xr
m_cfmprotrom     0x00000400         0x00000010         xr
m_text           0x00000800         0x0001f800         xr
m_data           0x1fffe000         0x00002000         xrw
m_data2          0x20000000         0x00002000         xrw
*default*        0x00000000         0xffffffff

Linker script and memory map

LOAD ./Project_Settings/Startup_Code/kinetis_sysinit.o
LOAD ./Project_Settings/Startup_Code/__arm_start.o
LOAD ./Project_Settings/Startup_Code/__arm_end.o
LOAD ./Sources/uart.o
LOAD ./Sources/timer.o
LOAD ./Sources/nokia_LCD.o
LOAD ./Sources/lcd_spi.o
LOAD ./Sources/lcd_fonts.o
LOAD ./Sources/clock.o
LOAD ./Sources/TicTacToe.o
LOAD ./Sources/T6_Main.o
LOAD ./Sources/Music.o
LOAD ./Sources/Joystick.o
                0x0000303c                __pformatter = __pformatter_
                [0x00003434]                __sformatter = __sformatter
START GROUP
LOAD C:/apps/Freescale/CW MCU v10.6/MCU/ARM_GCC_Support/ewl/lib/armv7e-m\libc.a
LOAD C:/apps/Freescale/CW MCU v10.6/MCU/ARM_GCC_Support/ewl/lib/armv7e-m\libm.a
LOAD c:/apps/freescale/cw mcu v10.6/cross_tools/arm-none-eabi-gcc-4_7_3/bin/../lib/gcc/arm-none-eabi/4.7.3/armv7e-m\libgcc.a
LOAD C:/apps/Freescale/CW MCU v10.6/MCU/ARM_GCC_Support/ewl/lib/armv7e-m\librt.a
LOAD C:/apps/Freescale/CW MCU v10.6/MCU/ARM_GCC_Support/ewl/lib/armv7e-m\libuart.a
END GROUP
                0x20000000                _estack = 0x20000000
                0x20000000                __SP_INIT = _estack
                0x00000400                __heap_size = 0x400
                0x00000400                __stack_size = 0x400

.interrupts     0x00000000       0xf8
                0x00000000                __vector_table = .
                0x00000000                . = ALIGN (0x4)
 *(.vectortable)
 .vectortable   0x00000000       0xf8 ./Project_Settings/Startup_Code/kinetis_sysinit.o
                0x00000000                InterruptVector
                0x000000f8                . = ALIGN (0x4)

.cfmprotect     0x00000400        0x0
                0x00000400                . = ALIGN (0x4)
 *(.cfmconfig)
                0x00000400                . = ALIGN (0x4)

.text           0x00000800     0x45d0
                0x00000800                . = ALIGN (0x4)
 *(.text)
 *(.text*)
 .text.HardFault_Handler
                0x00000800       0x14 ./Project_Settings/Startup_Code/kinetis_sysinit.o
                0x00000800                HardFault_Handler
 .text._HardFault_Handler
                0x00000814        0xc ./Project_Settings/Startup_Code/kinetis_sysinit.o
                0x00000814                _HardFault_Handler
 .text.Default_Handler
                0x00000820        0xc ./Project_Settings/Startup_Code/kinetis_sysinit.o
                0x00000820                RTC_Alarm_IRQHandler
                0x00000820                DebugMon_Handler
                0x00000820                I2C0_IRQHandler
                0x00000820                SysTick_Handler
                0x00000820                PendSV_Handler
                0x00000820                NMI_Handler
                0x00000820                DMA2_IRQHandler
                0x00000820                LLWU_IRQHandler
                0x00000820                TSI0_IRQHandler
                0x00000820                SWI_IRQHandler
                0x00000820                ADC0_IRQHandler
                0x00000820                UsageFault_Handler
                0x00000820                I2S0_Tx_IRQHandler
                0x00000820                CMT_IRQHandler
                0x00000820                CMP1_IRQHandler
                0x00000820                PORTD_IRQHandler
                0x00000820                PORTB_IRQHandler
                0x00000820                I2S0_Rx_IRQHandler
                0x00000820                PDB0_IRQHandler
                0x00000820                FTM1_IRQHandler
                0x00000820                UART0_RxTx_IRQHandler
                0x00000820                PIT_Ch3_IRQHandler
                0x00000820                RTC_Seconds_IRQHandler
                0x00000820                MCG_IRQHandler
                0x00000820                Default_Handler
                0x00000820                USBDCD_IRQHandler
                0x00000820                UART0_Error_IRQHandler
                0x00000820                UART1_RxTx_IRQHandler
                0x00000820                MemManage_Handler
                0x00000820                PIT_Ch0_IRQHandler
                0x00000820                SVC_Handler
                0x00000820                USBOTG_IRQHandler
                0x00000820                DMA3_IRQHandler
                0x00000820                UART0_LON_IRQHandler
                0x00000820                DMA0_IRQHandler
                0x00000820                UART1_Error_IRQHandler
                0x00000820                UART2_Error_IRQHandler
                0x00000820                UART2_RxTx_IRQHandler
                0x00000820                FTFL_Command_IRQHandler
                0x00000820                PMC_IRQHandler
                0x00000820                DMA_Error_IRQHandler
                0x00000820                SPI0_IRQHandler
                0x00000820                PORTA_IRQHandler
                0x00000820                FTFL_Collision_IRQHandler
                0x00000820                PORTE_IRQHandler
                0x00000820                WDOG_IRQHandler
                0x00000820                PIT_Ch1_IRQHandler
                0x00000820                LPTMR0_IRQHandler
                0x00000820                BusFault_Handler
                0x00000820                CMP0_IRQHandler
                0x00000820                PIT_Ch2_IRQHandler
                0x00000820                PORTC_IRQHandler
                0x00000820                DMA1_IRQHandler
 .text.__init_hardware
                0x0000082c       0x44 ./Project_Settings/Startup_Code/kinetis_sysinit.o
                0x0000082c                __init_hardware
 .text.zero_fill_bss
                0x00000870       0x2c ./Project_Settings/Startup_Code/__arm_start.o
 .text.__thumb_startup
                0x0000089c       0x30 ./Project_Settings/Startup_Code/__arm_start.o
                0x0000089c                __thumb_startup
 .text._ExitProcess
                0x000008cc        0xc ./Project_Settings/Startup_Code/__arm_end.o
                0x000008cc                _ExitProcess
 .text.millisecondTimerWait
                0x000008d8       0xb4 ./Sources/timer.o
                0x000008d8                millisecondTimerWait
 .text.timer_initialise
                0x0000098c       0x48 ./Sources/timer.o
                0x0000098c                timer_initialise
 .text.lcdPwmOn
                0x000009d4       0x18 ./Sources/nokia_LCD.o
                0x000009d4                lcdPwmOn
 .text.lcdPwmInitialise
                0x000009ec       0x58 ./Sources/nokia_LCD.o
                0x000009ec                lcdPwmInitialise
 .text.lcd_initialise
                0x00000a44       0x58 ./Sources/nokia_LCD.o
                0x00000a44                lcd_initialise
 .text.lcd_clear
                0x00000a9c       0xa4 ./Sources/nokia_LCD.o
                0x00000a9c                lcd_clear
 .text.lcd_setXY
                0x00000b40       0x4c ./Sources/nokia_LCD.o
 .text.lcd_drawPixel
                0x00000b8c       0x48 ./Sources/nokia_LCD.o
                0x00000b8c                lcd_drawPixel
 .text.lcd_drawLine
                0x00000bd4      0x110 ./Sources/nokia_LCD.o
                0x00000bd4                lcd_drawLine
 .text.lcd_drawRect
                0x00000ce4      0x144 ./Sources/nokia_LCD.o
                0x00000ce4                lcd_drawRect
 .text.lcd_putChar
                0x00000e28      0x184 ./Sources/nokia_LCD.o
                0x00000e28                lcd_putChar
 .text.lcd_putStr
                0x00000fac       0x74 ./Sources/nokia_LCD.o
                0x00000fac                lcd_putStr
 .text.lcd_setContrast
                0x00001020       0x24 ./Sources/nokia_LCD.o
                0x00001020                lcd_setContrast
 .text.lcd_drawCircle
                0x00001044      0x1f0 ./Sources/nokia_LCD.o
                0x00001044                lcd_drawCircle
 .text.lcd_spiSetCTAR0
                0x00001234       0x2c ./Sources/lcd_spi.o
 .text.lcd_spiSetCTAR1
                0x00001260       0x2c ./Sources/lcd_spi.o
 .text.lcd_spiInitialise
                0x0000128c      0x110 ./Sources/lcd_spi.o
                0x0000128c                lcd_spiInitialise
 .text.lcd_spiSetSpeed
                0x0000139c       0xc4 ./Sources/lcd_spi.o
                0x0000139c                lcd_spiSetSpeed
 .text.lcd_spiTxCommand
                0x00001460       0x88 ./Sources/lcd_spi.o
                0x00001460                lcd_spiTxCommand
 .text.lcd_spiTxData
                0x000014e8       0x8c ./Sources/lcd_spi.o
                0x000014e8                lcd_spiTxData
 .text.clock_initialise
                0x00001574      0x250 ./Sources/clock.o
                0x00001574                clock_initialise
 .text.SystemCoreClockUpdate
                0x000017c4      0x338 ./Sources/clock.o
                0x000017c4                SystemCoreClockUpdate
 .text.drawBoardBackground
                0x00001afc       0x10 ./Sources/TicTacToe.o
                0x00001afc                drawBoardBackground
 .text.drawBoardGrid
                0x00001b0c       0x74 ./Sources/TicTacToe.o
                0x00001b0c                drawBoardGrid
 .text.drawNought
                0x00001b80       0x28 ./Sources/TicTacToe.o
                0x00001b80                drawNought
 .text.drawCross
                0x00001ba8       0x54 ./Sources/TicTacToe.o
                0x00001ba8                drawCross
 .text.drawPlayers
                0x00001bfc      0x29c ./Sources/TicTacToe.o
                0x00001bfc                drawPlayers
 .text.machineAI
                0x00001e98      0x104 ./Sources/TicTacToe.o
                0x00001e98                machineAI
 .text.compareStatus
                0x00001f9c       0x38 ./Sources/TicTacToe.o
                0x00001f9c                compareStatus
 .text.checkWinner
                0x00001fd4      0x380 ./Sources/TicTacToe.o
                0x00001fd4                checkWinner
 .text.checkDraw
                0x00002354       0x8c ./Sources/TicTacToe.o
                0x00002354                checkDraw
 .text.readJoystick
                0x000023e0      0x1d0 ./Sources/TicTacToe.o
                0x000023e0                readJoystick
 .text.doMenu   0x000025b0       0xc0 ./Sources/TicTacToe.o
                0x000025b0                doMenu
 .text.playNoughtsAndCrosses
                0x00002670      0x24c ./Sources/TicTacToe.o
                0x00002670                playNoughtsAndCrosses
 .text.randomPLAYER
                0x000028bc       0x44 ./Sources/T6_Main.o
                0x000028bc                randomPLAYER
 .text.main     0x00002900       0x30 ./Sources/T6_Main.o
                0x00002900                main
 .text.NVIC_EnableIrq
                0x00002930       0x5c ./Sources/Music.o
 .text.initMusic
                0x0000298c      0x18c ./Sources/Music.o
                0x0000298c                initMusic
 .text.FTM0_IRQHandler
                0x00002b18      0x130 ./Sources/Music.o
                0x00002b18                FTM0_IRQHandler
 .text.restartMusic
                0x00002c48       0x70 ./Sources/Music.o
                0x00002c48                restartMusic
 .text.initJoystick
                0x00002cb8       0xc0 ./Sources/Joystick.o
                0x00002cb8                initJoystick
 .text.pollJoystick
                0x00002d78       0x88 ./Sources/Joystick.o
 .text.delay20ms
                0x00002e00       0x14 ./Sources/Joystick.o
 .text.getJoystick
                0x00002e14       0x4c ./Sources/Joystick.o
                0x00002e14                getJoystick
 .text.exit     0x00002e60       0x38 C:/apps/Freescale/CW MCU v10.6/MCU/ARM_GCC_Support/ewl/lib/armv7e-m\libc.a(exit.o)
                0x00002e60                exit
 .text.memset   0x00002e98        0xc C:/apps/Freescale/CW MCU v10.6/MCU/ARM_GCC_Support/ewl/lib/armv7e-m\libc.a(memset.o)
                0x00002e98                memset
 .text.long2str.isra.0
                0x00002ea4      0x196 C:/apps/Freescale/CW MCU v10.6/MCU/ARM_GCC_Support/ewl/lib/armv7e-m\libc.a(printformat_.o)
 *fill*         0x0000303a        0x2 00
 .text.__pformatter_
                0x0000303c      0x3f8 C:/apps/Freescale/CW MCU v10.6/MCU/ARM_GCC_Support/ewl/lib/armv7e-m\libc.a(printformat_.o)
                0x0000303c                __pformatter_
 .text.__sformatter
                0x00003434      0x6f4 C:/apps/Freescale/CW MCU v10.6/MCU/ARM_GCC_Support/ewl/lib/armv7e-m\libc.a(scanformat_.o)
                0x00003434                __sformatter
 .text.isalpha  0x00003b28       0x1c C:/apps/Freescale/CW MCU v10.6/MCU/ARM_GCC_Support/ewl/lib/armv7e-m\libc.a(ctype_aeabi.o)
                0x00003b28                isalpha
 .text.isspace  0x00003b44       0x1c C:/apps/Freescale/CW MCU v10.6/MCU/ARM_GCC_Support/ewl/lib/armv7e-m\libc.a(ctype_aeabi.o)
                0x00003b44                isspace
 .text.toupper  0x00003b60        0xc C:/apps/Freescale/CW MCU v10.6/MCU/ARM_GCC_Support/ewl/lib/armv7e-m\libc.a(ctype_aeabi.o)
                0x00003b60                toupper
 .text.__strtoul
                0x00003b6c      0x214 C:/apps/Freescale/CW MCU v10.6/MCU/ARM_GCC_Support/ewl/lib/armv7e-m\libc.a(__strtoul.o)
                0x00003b6c                __strtoul
 .text.__fill_mem
                0x00003d80       0x76 C:/apps/Freescale/CW MCU v10.6/MCU/ARM_GCC_Support/ewl/lib/armv7e-m\libc.a(__filll_mem.o)
                0x00003d80                __fill_mem
 .text.memchr   0x00003df6       0x18 C:/apps/Freescale/CW MCU v10.6/MCU/ARM_GCC_Support/ewl/lib/armv7e-m\libc.a(memchr.o)
                0x00003df6                memchr
 .text.strchr   0x00003e0e       0x1a C:/apps/Freescale/CW MCU v10.6/MCU/ARM_GCC_Support/ewl/lib/armv7e-m\libc.a(strchr.o)
                0x00003e0e                strchr
 .text.strlen   0x00003e28       0x10 C:/apps/Freescale/CW MCU v10.6/MCU/ARM_GCC_Support/ewl/lib/armv7e-m\libc.a(strlen.o)
                0x00003e28                strlen
 .text.__init_cpp
                0x00003e38       0x4c C:/apps/Freescale/CW MCU v10.6/MCU/ARM_GCC_Support/ewl/lib/armv7e-m\librt.a(gcc_ctor_dtor.o)
                0x00003e38                __init_cpp
 .text.__fini_cpp
                0x00003e84       0x34 C:/apps/Freescale/CW MCU v10.6/MCU/ARM_GCC_Support/ewl/lib/armv7e-m\librt.a(gcc_ctor_dtor.o)
                0x00003e84                __fini_cpp
 .text.__copy_rom_section
                0x00003eb8       0x44 C:/apps/Freescale/CW MCU v10.6/MCU/ARM_GCC_Support/ewl/lib/armv7e-m\librt.a(ROMCopy.o)
                0x00003eb8                __copy_rom_section
 .text.__copy_rom_sections_to_ram
                0x00003efc       0x30 C:/apps/Freescale/CW MCU v10.6/MCU/ARM_GCC_Support/ewl/lib/armv7e-m\librt.a(ROMCopy.o)
                0x00003efc                __copy_rom_sections_to_ram
 .text.__destroy_global_chain
                0x00003f2c       0x18 C:/apps/Freescale/CW MCU v10.6/MCU/ARM_GCC_Support/ewl/lib/armv7e-m\librt.a(__arm_eabi_init.o)
                0x00003f2c                __destroy_global_chain
 .text.__init_registers
                0x00003f44       0x24 C:/apps/Freescale/CW MCU v10.6/MCU/ARM_GCC_Support/ewl/lib/armv7e-m\librt.a(__arm_eabi_init.o)
                0x00003f44                __init_registers
 .text.__init_user
                0x00003f68        0x4 C:/apps/Freescale/CW MCU v10.6/MCU/ARM_GCC_Support/ewl/lib/armv7e-m\librt.a(__arm_eabi_init.o)
                0x00003f68                __init_user
 *(.rodata)
 .rodata        0x00003f6c       0x94 ./Sources/TicTacToe.o
 *(.rodata*)
 .rodata.ctas_9bit
                0x00004000        0x4 ./Sources/lcd_spi.o
 .rodata.spiBaudTable
                0x00004004       0xa0 ./Sources/lcd_spi.o
 .rodata.FONT6x8
                0x000040a4      0x308 ./Sources/lcd_fonts.o
                0x000040a4                FONT6x8
 .rodata.FONT8x8
                0x000043ac      0x308 ./Sources/lcd_fonts.o
                0x000043ac                FONT8x8
 .rodata.FONT8x16
                0x000046b4      0x610 ./Sources/lcd_fonts.o
                0x000046b4                FONT8x16
 .rodata.str1.1
                0x00004cc4        0x1 C:/apps/Freescale/CW MCU v10.6/MCU/ARM_GCC_Support/ewl/lib/armv7e-m\libc.a(printformat_.o)
 .rodata.CSWTCH.20
                0x00004cc5        0x5 C:/apps/Freescale/CW MCU v10.6/MCU/ARM_GCC_Support/ewl/lib/armv7e-m\libc.a(printformat_.o)
 .rodata.CSWTCH.21
                0x00004cca        0x5 C:/apps/Freescale/CW MCU v10.6/MCU/ARM_GCC_Support/ewl/lib/armv7e-m\libc.a(printformat_.o)
 .rodata.__aeabi_ctype_table_C
                0x00004ccf      0x101 C:/apps/Freescale/CW MCU v10.6/MCU/ARM_GCC_Support/ewl/lib/armv7e-m\libc.a(ctype_aeabi.o)
                0x00004ccf                __aeabi_ctype_table_C
 *(.glue_7)
 .glue_7        0x00000000        0x0 linker stubs
 *(.glue_7t)
 .glue_7t       0x00000000        0x0 linker stubs
 *(.eh_frame)
 *(.init)
 *(.fini)
                0x00004dd0                . = ALIGN (0x4)
                0x00004dd0                _etext = .

.vfp11_veneer   0x00004dd0        0x0
 .vfp11_veneer  0x00000000        0x0 linker stubs

.v4_bx          0x00004dd0        0x0
 .v4_bx         0x00000000        0x0 linker stubs

.iplt           0x00004dd0        0x0
 .iplt          0x00000000        0x0 ./Project_Settings/Startup_Code/kinetis_sysinit.o

.rel.dyn        0x00004dd0        0x0
 .rel.iplt      0x00000000        0x0 ./Project_Settings/Startup_Code/kinetis_sysinit.o

.ARM.extab
 *(.ARM.extab* .gnu.linkonce.armextab.*)

.ARM            0x00004dd0        0x0
                0x00004dd0                __exidx_start = .
 *(.ARM.exidx*)
                0x00004dd0                __exidx_end = .

.ctors          0x00004dd0        0x0
                0x00004dd0                __CTOR_LIST__ = .
 *crtbegin.o(.ctors)
 *(EXCLUDE_FILE(*crtend.o) .ctors)
 *(SORT(.ctors.*))
 *(.ctors)
                0x00004dd0                __CTOR_END__ = .

.dtors          0x00004dd0        0x0
                0x00004dd0                __DTOR_LIST__ = .
 *crtbegin.o(.dtors)
 *(EXCLUDE_FILE(*crtend.o) .dtors)
 *(SORT(.dtors.*))
 *(.dtors)
                0x00004dd0                __DTOR_END__ = .

.preinit_array  0x00004dd0        0x0
                0x00004dd0                PROVIDE (__preinit_array_start, .)
 *(.preinit_array*)
                0x00004dd0                PROVIDE (__preinit_array_end, .)

.init_array     0x00004dd0        0x0
                0x00004dd0                PROVIDE (__init_array_start, .)
 *(SORT(.init_array.*))
 *(.init_array*)
                0x00004dd0                PROVIDE (__init_array_end, .)

.fini_array     0x00004dd0        0x0
                0x00004dd0                PROVIDE (__fini_array_start, .)
 *(SORT(.fini_array.*))
 *(.fini_array*)
                0x00004dd0                PROVIDE (__fini_array_end, .)
                0x00004dd0                ___ROM_AT = .

.data           0x1fffe000      0x1b4 load address 0x00004dd0
                0x1fffe000                . = ALIGN (0x4)
                0x1fffe000                _sdata = .
 *(.data)
 *(.data*)
 .data.FontTable.5731
                0x1fffe000        0xc ./Sources/nokia_LCD.o
 .data.SystemCoreClock
                0x1fffe00c        0x4 ./Sources/clock.o
                0x1fffe00c                SystemCoreClock
 .data.SystemBusClock
                0x1fffe010        0x4 ./Sources/clock.o
                0x1fffe010                SystemBusClock
 .data.game     0x1fffe014       0x6c ./Sources/TicTacToe.o
                0x1fffe014                game
 .data.currentPosition
                0x1fffe080        0x8 ./Sources/TicTacToe.o
                0x1fffe080                currentPosition
 .data.nodeArray
                0x1fffe088      0x128 ./Sources/Music.o
                0x1fffe088                nodeArray
 .data.nodeSpeed
                0x1fffe1b0        0x4 ./Sources/Music.o
                0x1fffe1b0                nodeSpeed
                0x1fffe1b4                . = ALIGN (0x4)
                0x1fffe1b4                _edata = .
                0x000001b4                ___data_size = (_edata - _sdata)
                0x00004f84                ___m_data2_ROMStart = (___ROM_AT + SIZEOF (.data))

.igot.plt       0x1fffe1b4        0x0 load address 0x00004f84
 .igot.plt      0x00000000        0x0 ./Project_Settings/Startup_Code/kinetis_sysinit.o

.user_data2     0x20000000        0x0 load address 0x00004f84
                0x20000000                . = ALIGN (0x4)
                0x20000000                ___m_data2_RAMStart = .
 *(.data2)
                0x20000000                ___m_data2_RAMEnd = .
                0x20000000                . = ALIGN (0x4)
                0x00000000                ___m_data2_ROMSize = (___m_data2_RAMEnd - ___m_data2_RAMStart)
                0x20000000                . = ALIGN (0x4)

.bss            0x1fffe1b4       0x38 load address 0x00004f84
                0x1fffe1b4                __START_BSS = .
                0x1fffe1b4                PROVIDE (__bss_start__, __START_BSS)
 *(.bss)
 *(.bss*)
 .bss.argv      0x1fffe1b4        0x4 ./Project_Settings/Startup_Code/__arm_start.o
 .bss.ctar0Value
                0x1fffe1b8        0x4 ./Sources/lcd_spi.o
 .bss.ctar1Value
                0x1fffe1bc        0x4 ./Sources/lcd_spi.o
 .bss.spiBaudValue
                0x1fffe1c0        0x4 ./Sources/lcd_spi.o
 .bss.playerWON
                0x1fffe1c4        0x1 ./Sources/TicTacToe.o
                0x1fffe1c4                playerWON
 *fill*         0x1fffe1c5        0x3 00
 .bss.playerOrder
                0x1fffe1c8        0x4 ./Sources/TicTacToe.o
                0x1fffe1c8                playerOrder
 .bss.nodeIndex
                0x1fffe1cc        0x4 ./Sources/Music.o
                0x1fffe1cc                nodeIndex
 .bss.nodeCounter
                0x1fffe1d0        0x4 ./Sources/Music.o
                0x1fffe1d0                nodeCounter
 .bss.__stdio_exit
                0x1fffe1d4        0x4 C:/apps/Freescale/CW MCU v10.6/MCU/ARM_GCC_Support/ewl/lib/armv7e-m\libc.a(exit.o)
                0x1fffe1d4                __stdio_exit
 .bss.__console_exit
                0x1fffe1d8        0x4 C:/apps/Freescale/CW MCU v10.6/MCU/ARM_GCC_Support/ewl/lib/armv7e-m\libc.a(exit.o)
                0x1fffe1d8                __console_exit
 .bss.__S_romp  0x1fffe1dc        0xc C:/apps/Freescale/CW MCU v10.6/MCU/ARM_GCC_Support/ewl/lib/armv7e-m\librt.a(ROMCopy.o)
 .bss.__global_destructor_chain
                0x1fffe1e8        0x4 C:/apps/Freescale/CW MCU v10.6/MCU/ARM_GCC_Support/ewl/lib/armv7e-m\librt.a(__arm_eabi_init.o)
                0x1fffe1e8                __global_destructor_chain
 *(COMMON)
                0x1fffe1ec                . = ALIGN (0x4)
                0x1fffe1ec                __END_BSS = .
                0x1fffe1ec                PROVIDE (__bss_end__, __END_BSS)

._user_heap_stack
                0x1fffe1ec      0x800 load address 0x00004fbc
                0x1fffe1ec                . = ALIGN (0x4)
                0x1fffe1ec                PROVIDE (end, .)
                0x1fffe1ec                PROVIDE (_end, .)
                0x1fffe1ec                __heap_addr = .
                0x1fffe5ec                . = (. + __heap_size)
 *fill*         0x1fffe1ec      0x400 00
                0x1fffe9ec                . = (. + __stack_size)
 *fill*         0x1fffe5ec      0x400 00
                0x1fffe9ec                . = ALIGN (0x4)
                0x00004f84                _romp_at = ((___ROM_AT + SIZEOF (.data)) + SIZEOF (.user_data2))

.romp           0x20000000       0x24 load address 0x00004f84
                0x00004f84                __S_romp = _romp_at
                0x20000000        0x4 LONG 0x4dd0 ___ROM_AT
                0x20000004        0x4 LONG 0x1fffe000 _sdata
                0x20000008        0x4 LONG 0x1b4 ___data_size
                0x2000000c        0x4 LONG 0x4f84 ___m_data2_ROMStart
                0x20000010        0x4 LONG 0x20000000 ___m_data2_RAMStart
                0x20000014        0x4 LONG 0x0 ___m_data2_ROMSize
                0x20000018        0x4 LONG 0x0
                0x2000001c        0x4 LONG 0x0
                0x20000020        0x4 LONG 0x0

.ARM.attributes
                0x00000000       0x33
 *(.ARM.attributes)
 .ARM.attributes
                0x00000000       0x33 ./Project_Settings/Startup_Code/kinetis_sysinit.o
 .ARM.attributes
                0x00000033       0x33 ./Project_Settings/Startup_Code/__arm_start.o
 .ARM.attributes
                0x00000066       0x33 ./Project_Settings/Startup_Code/__arm_end.o
 .ARM.attributes
                0x00000099       0x33 ./Sources/timer.o
 .ARM.attributes
                0x000000cc       0x33 ./Sources/nokia_LCD.o
 .ARM.attributes
                0x000000ff       0x33 ./Sources/lcd_spi.o
 .ARM.attributes
                0x00000132       0x33 ./Sources/lcd_fonts.o
 .ARM.attributes
                0x00000165       0x33 ./Sources/clock.o
 .ARM.attributes
                0x00000198       0x33 ./Sources/TicTacToe.o
 .ARM.attributes
                0x000001cb       0x33 ./Sources/T6_Main.o
 .ARM.attributes
                0x000001fe       0x33 ./Sources/Music.o
 .ARM.attributes
                0x00000231       0x33 ./Sources/Joystick.o
 .ARM.attributes
                0x00000264       0x33 C:/apps/Freescale/CW MCU v10.6/MCU/ARM_GCC_Support/ewl/lib/armv7e-m\libc.a(exit.o)
 .ARM.attributes
                0x00000297       0x33 C:/apps/Freescale/CW MCU v10.6/MCU/ARM_GCC_Support/ewl/lib/armv7e-m\libc.a(memset.o)
 .ARM.attributes
                0x000002ca       0x33 C:/apps/Freescale/CW MCU v10.6/MCU/ARM_GCC_Support/ewl/lib/armv7e-m\libc.a(printformat_.o)
 .ARM.attributes
                0x000002fd       0x33 C:/apps/Freescale/CW MCU v10.6/MCU/ARM_GCC_Support/ewl/lib/armv7e-m\libc.a(scanformat_.o)
 .ARM.attributes
                0x00000330       0x33 C:/apps/Freescale/CW MCU v10.6/MCU/ARM_GCC_Support/ewl/lib/armv7e-m\libc.a(ctype_aeabi.o)
 .ARM.attributes
                0x00000363       0x33 C:/apps/Freescale/CW MCU v10.6/MCU/ARM_GCC_Support/ewl/lib/armv7e-m\libc.a(__strtoul.o)
 .ARM.attributes
                0x00000396       0x33 C:/apps/Freescale/CW MCU v10.6/MCU/ARM_GCC_Support/ewl/lib/armv7e-m\libc.a(__filll_mem.o)
 .ARM.attributes
                0x000003c9       0x33 C:/apps/Freescale/CW MCU v10.6/MCU/ARM_GCC_Support/ewl/lib/armv7e-m\libc.a(memchr.o)
 .ARM.attributes
                0x000003fc       0x33 C:/apps/Freescale/CW MCU v10.6/MCU/ARM_GCC_Support/ewl/lib/armv7e-m\libc.a(strchr.o)
 .ARM.attributes
                0x0000042f       0x33 C:/apps/Freescale/CW MCU v10.6/MCU/ARM_GCC_Support/ewl/lib/armv7e-m\libc.a(strlen.o)
 .ARM.attributes
                0x00000462       0x33 C:/apps/Freescale/CW MCU v10.6/MCU/ARM_GCC_Support/ewl/lib/armv7e-m\librt.a(gcc_ctor_dtor.o)
 .ARM.attributes
                0x00000495       0x33 C:/apps/Freescale/CW MCU v10.6/MCU/ARM_GCC_Support/ewl/lib/armv7e-m\librt.a(ROMCopy.o)
 .ARM.attributes
                0x000004c8       0x33 C:/apps/Freescale/CW MCU v10.6/MCU/ARM_GCC_Support/ewl/lib/armv7e-m\librt.a(__arm_eabi_init.o)
OUTPUT(T6_TicTacToe.elf elf32-littlearm)

.debug_info     0x00000000     0x4de2
 .debug_info    0x00000000      0x423 ./Project_Settings/Startup_Code/kinetis_sysinit.o
 .debug_info    0x00000423      0x12a ./Project_Settings/Startup_Code/__arm_start.o
 .debug_info    0x0000054d       0x54 ./Project_Settings/Startup_Code/__arm_end.o
 .debug_info    0x000005a1      0x375 ./Sources/timer.o
 .debug_info    0x00000916      0x9ee ./Sources/nokia_LCD.o
 .debug_info    0x00001304      0x6fe ./Sources/lcd_spi.o
 .debug_info    0x00001a02       0xa1 ./Sources/lcd_fonts.o
 .debug_info    0x00001aa3      0x4df ./Sources/clock.o
 .debug_info    0x00001f82      0x47f ./Sources/TicTacToe.o
 .debug_info    0x00002401      0x104 ./Sources/T6_Main.o
 .debug_info    0x00002505      0x954 ./Sources/Music.o
 .debug_info    0x00002e59      0x499 ./Sources/Joystick.o
 .debug_info    0x000032f2       0xe8 C:/apps/Freescale/CW MCU v10.6/MCU/ARM_GCC_Support/ewl/lib/armv7e-m\libc.a(exit.o)
 .debug_info    0x000033da       0xec C:/apps/Freescale/CW MCU v10.6/MCU/ARM_GCC_Support/ewl/lib/armv7e-m\libc.a(memset.o)
 .debug_info    0x000034c6      0x50e C:/apps/Freescale/CW MCU v10.6/MCU/ARM_GCC_Support/ewl/lib/armv7e-m\libc.a(printformat_.o)
 .debug_info    0x000039d4      0x565 C:/apps/Freescale/CW MCU v10.6/MCU/ARM_GCC_Support/ewl/lib/armv7e-m\libc.a(scanformat_.o)
 .debug_info    0x00003f39      0x306 C:/apps/Freescale/CW MCU v10.6/MCU/ARM_GCC_Support/ewl/lib/armv7e-m\libc.a(ctype_aeabi.o)
 .debug_info    0x0000423f      0x1d6 C:/apps/Freescale/CW MCU v10.6/MCU/ARM_GCC_Support/ewl/lib/armv7e-m\libc.a(__strtoul.o)
 .debug_info    0x00004415      0x135 C:/apps/Freescale/CW MCU v10.6/MCU/ARM_GCC_Support/ewl/lib/armv7e-m\libc.a(__filll_mem.o)
 .debug_info    0x0000454a      0x120 C:/apps/Freescale/CW MCU v10.6/MCU/ARM_GCC_Support/ewl/lib/armv7e-m\libc.a(memchr.o)
 .debug_info    0x0000466a      0x108 C:/apps/Freescale/CW MCU v10.6/MCU/ARM_GCC_Support/ewl/lib/armv7e-m\libc.a(strchr.o)
 .debug_info    0x00004772       0xeb C:/apps/Freescale/CW MCU v10.6/MCU/ARM_GCC_Support/ewl/lib/armv7e-m\libc.a(strlen.o)
 .debug_info    0x0000485d      0x136 C:/apps/Freescale/CW MCU v10.6/MCU/ARM_GCC_Support/ewl/lib/armv7e-m\librt.a(gcc_ctor_dtor.o)
 .debug_info    0x00004993      0x19a C:/apps/Freescale/CW MCU v10.6/MCU/ARM_GCC_Support/ewl/lib/armv7e-m\librt.a(ROMCopy.o)
 .debug_info    0x00004b2d      0x2b5 C:/apps/Freescale/CW MCU v10.6/MCU/ARM_GCC_Support/ewl/lib/armv7e-m\librt.a(__arm_eabi_init.o)

.debug_abbrev   0x00000000     0x17dc
 .debug_abbrev  0x00000000      0x14d ./Project_Settings/Startup_Code/kinetis_sysinit.o
 .debug_abbrev  0x0000014d       0x92 ./Project_Settings/Startup_Code/__arm_start.o
 .debug_abbrev  0x000001df       0x4c ./Project_Settings/Startup_Code/__arm_end.o
 .debug_abbrev  0x0000022b       0xf5 ./Sources/timer.o
 .debug_abbrev  0x00000320      0x19d ./Sources/nokia_LCD.o
 .debug_abbrev  0x000004bd      0x167 ./Sources/lcd_spi.o
 .debug_abbrev  0x00000624       0x47 ./Sources/lcd_fonts.o
 .debug_abbrev  0x0000066b       0xf5 ./Sources/clock.o
 .debug_abbrev  0x00000760      0x1cb ./Sources/TicTacToe.o
 .debug_abbrev  0x0000092b       0x88 ./Sources/T6_Main.o
 .debug_abbrev  0x000009b3      0x132 ./Sources/Music.o
 .debug_abbrev  0x00000ae5      0x129 ./Sources/Joystick.o
 .debug_abbrev  0x00000c0e       0x7a C:/apps/Freescale/CW MCU v10.6/MCU/ARM_GCC_Support/ewl/lib/armv7e-m\libc.a(exit.o)
 .debug_abbrev  0x00000c88       0x62 C:/apps/Freescale/CW MCU v10.6/MCU/ARM_GCC_Support/ewl/lib/armv7e-m\libc.a(memset.o)
 .debug_abbrev  0x00000cea      0x200 C:/apps/Freescale/CW MCU v10.6/MCU/ARM_GCC_Support/ewl/lib/armv7e-m\libc.a(printformat_.o)
 .debug_abbrev  0x00000eea      0x1f0 C:/apps/Freescale/CW MCU v10.6/MCU/ARM_GCC_Support/ewl/lib/armv7e-m\libc.a(scanformat_.o)
 .debug_abbrev  0x000010da       0x85 C:/apps/Freescale/CW MCU v10.6/MCU/ARM_GCC_Support/ewl/lib/armv7e-m\libc.a(ctype_aeabi.o)
 .debug_abbrev  0x0000115f       0xc2 C:/apps/Freescale/CW MCU v10.6/MCU/ARM_GCC_Support/ewl/lib/armv7e-m\libc.a(__strtoul.o)
 .debug_abbrev  0x00001221       0x87 C:/apps/Freescale/CW MCU v10.6/MCU/ARM_GCC_Support/ewl/lib/armv7e-m\libc.a(__filll_mem.o)
 .debug_abbrev  0x000012a8       0x95 C:/apps/Freescale/CW MCU v10.6/MCU/ARM_GCC_Support/ewl/lib/armv7e-m\libc.a(memchr.o)
 .debug_abbrev  0x0000133d       0x89 C:/apps/Freescale/CW MCU v10.6/MCU/ARM_GCC_Support/ewl/lib/armv7e-m\libc.a(strchr.o)
 .debug_abbrev  0x000013c6       0x7a C:/apps/Freescale/CW MCU v10.6/MCU/ARM_GCC_Support/ewl/lib/armv7e-m\libc.a(strlen.o)
 .debug_abbrev  0x00001440       0x99 C:/apps/Freescale/CW MCU v10.6/MCU/ARM_GCC_Support/ewl/lib/armv7e-m\librt.a(gcc_ctor_dtor.o)
 .debug_abbrev  0x000014d9      0x137 C:/apps/Freescale/CW MCU v10.6/MCU/ARM_GCC_Support/ewl/lib/armv7e-m\librt.a(ROMCopy.o)
 .debug_abbrev  0x00001610      0x1cc C:/apps/Freescale/CW MCU v10.6/MCU/ARM_GCC_Support/ewl/lib/armv7e-m\librt.a(__arm_eabi_init.o)

.debug_loc      0x00000000     0x288d
 .debug_loc     0x00000000       0x90 ./Project_Settings/Startup_Code/kinetis_sysinit.o
 .debug_loc     0x00000090       0x2c ./Project_Settings/Startup_Code/__arm_start.o
 .debug_loc     0x000000bc       0x38 ./Project_Settings/Startup_Code/__arm_end.o
 .debug_loc     0x000000f4       0x64 ./Sources/timer.o
 .debug_loc     0x00000158      0x2e2 ./Sources/nokia_LCD.o
 .debug_loc     0x0000043a      0x144 ./Sources/lcd_spi.o
 .debug_loc     0x0000057e       0x64 ./Sources/clock.o
 .debug_loc     0x000005e2      0x288 ./Sources/TicTacToe.o
 .debug_loc     0x0000086a       0x64 ./Sources/T6_Main.o
 .debug_loc     0x000008ce       0xbc ./Sources/Music.o
 .debug_loc     0x0000098a       0xbc ./Sources/Joystick.o
 .debug_loc     0x00000a46       0x3e C:/apps/Freescale/CW MCU v10.6/MCU/ARM_GCC_Support/ewl/lib/armv7e-m\libc.a(exit.o)
 .debug_loc     0x00000a84       0x64 C:/apps/Freescale/CW MCU v10.6/MCU/ARM_GCC_Support/ewl/lib/armv7e-m\libc.a(memset.o)
 .debug_loc     0x00000ae8      0xbdc C:/apps/Freescale/CW MCU v10.6/MCU/ARM_GCC_Support/ewl/lib/armv7e-m\libc.a(printformat_.o)
 .debug_loc     0x000016c4      0x8b6 C:/apps/Freescale/CW MCU v10.6/MCU/ARM_GCC_Support/ewl/lib/armv7e-m\libc.a(scanformat_.o)
 .debug_loc     0x00001f7a      0x18e C:/apps/Freescale/CW MCU v10.6/MCU/ARM_GCC_Support/ewl/lib/armv7e-m\libc.a(ctype_aeabi.o)
 .debug_loc     0x00002108      0x2bb C:/apps/Freescale/CW MCU v10.6/MCU/ARM_GCC_Support/ewl/lib/armv7e-m\libc.a(__strtoul.o)
 .debug_loc     0x000023c3      0x12c C:/apps/Freescale/CW MCU v10.6/MCU/ARM_GCC_Support/ewl/lib/armv7e-m\libc.a(__filll_mem.o)
 .debug_loc     0x000024ef       0x62 C:/apps/Freescale/CW MCU v10.6/MCU/ARM_GCC_Support/ewl/lib/armv7e-m\libc.a(memchr.o)
 .debug_loc     0x00002551       0x7c C:/apps/Freescale/CW MCU v10.6/MCU/ARM_GCC_Support/ewl/lib/armv7e-m\libc.a(strchr.o)
 .debug_loc     0x000025cd       0x26 C:/apps/Freescale/CW MCU v10.6/MCU/ARM_GCC_Support/ewl/lib/armv7e-m\libc.a(strlen.o)
 .debug_loc     0x000025f3       0x9d C:/apps/Freescale/CW MCU v10.6/MCU/ARM_GCC_Support/ewl/lib/armv7e-m\librt.a(gcc_ctor_dtor.o)
 .debug_loc     0x00002690       0xb9 C:/apps/Freescale/CW MCU v10.6/MCU/ARM_GCC_Support/ewl/lib/armv7e-m\librt.a(ROMCopy.o)
 .debug_loc     0x00002749      0x144 C:/apps/Freescale/CW MCU v10.6/MCU/ARM_GCC_Support/ewl/lib/armv7e-m\librt.a(__arm_eabi_init.o)

.debug_aranges  0x00000000      0x530
 .debug_aranges
                0x00000000       0x38 ./Project_Settings/Startup_Code/kinetis_sysinit.o
 .debug_aranges
                0x00000038       0x30 ./Project_Settings/Startup_Code/__arm_start.o
 .debug_aranges
                0x00000068       0x20 ./Project_Settings/Startup_Code/__arm_end.o
 .debug_aranges
                0x00000088       0x28 ./Sources/timer.o
 .debug_aranges
                0x000000b0       0x88 ./Sources/nokia_LCD.o
 .debug_aranges
                0x00000138       0x48 ./Sources/lcd_spi.o
 .debug_aranges
                0x00000180       0x18 ./Sources/lcd_fonts.o
 .debug_aranges
                0x00000198       0x28 ./Sources/clock.o
 .debug_aranges
                0x000001c0       0x78 ./Sources/TicTacToe.o
 .debug_aranges
                0x00000238       0x28 ./Sources/T6_Main.o
 .debug_aranges
                0x00000260       0x38 ./Sources/Music.o
 .debug_aranges
                0x00000298       0x38 ./Sources/Joystick.o
 .debug_aranges
                0x000002d0       0x20 C:/apps/Freescale/CW MCU v10.6/MCU/ARM_GCC_Support/ewl/lib/armv7e-m\libc.a(exit.o)
 .debug_aranges
                0x000002f0       0x20 C:/apps/Freescale/CW MCU v10.6/MCU/ARM_GCC_Support/ewl/lib/armv7e-m\libc.a(memset.o)
 .debug_aranges
                0x00000310       0x28 C:/apps/Freescale/CW MCU v10.6/MCU/ARM_GCC_Support/ewl/lib/armv7e-m\libc.a(printformat_.o)
 .debug_aranges
                0x00000338       0x20 C:/apps/Freescale/CW MCU v10.6/MCU/ARM_GCC_Support/ewl/lib/armv7e-m\libc.a(scanformat_.o)
 .debug_aranges
                0x00000358       0x88 C:/apps/Freescale/CW MCU v10.6/MCU/ARM_GCC_Support/ewl/lib/armv7e-m\libc.a(ctype_aeabi.o)
 .debug_aranges
                0x000003e0       0x20 C:/apps/Freescale/CW MCU v10.6/MCU/ARM_GCC_Support/ewl/lib/armv7e-m\libc.a(__strtoul.o)
 .debug_aranges
                0x00000400       0x20 C:/apps/Freescale/CW MCU v10.6/MCU/ARM_GCC_Support/ewl/lib/armv7e-m\libc.a(__filll_mem.o)
 .debug_aranges
                0x00000420       0x20 C:/apps/Freescale/CW MCU v10.6/MCU/ARM_GCC_Support/ewl/lib/armv7e-m\libc.a(memchr.o)
 .debug_aranges
                0x00000440       0x20 C:/apps/Freescale/CW MCU v10.6/MCU/ARM_GCC_Support/ewl/lib/armv7e-m\libc.a(strchr.o)
 .debug_aranges
                0x00000460       0x20 C:/apps/Freescale/CW MCU v10.6/MCU/ARM_GCC_Support/ewl/lib/armv7e-m\libc.a(strlen.o)
 .debug_aranges
                0x00000480       0x28 C:/apps/Freescale/CW MCU v10.6/MCU/ARM_GCC_Support/ewl/lib/armv7e-m\librt.a(gcc_ctor_dtor.o)
 .debug_aranges
                0x000004a8       0x30 C:/apps/Freescale/CW MCU v10.6/MCU/ARM_GCC_Support/ewl/lib/armv7e-m\librt.a(ROMCopy.o)
 .debug_aranges
                0x000004d8       0x58 C:/apps/Freescale/CW MCU v10.6/MCU/ARM_GCC_Support/ewl/lib/armv7e-m\librt.a(__arm_eabi_init.o)

.debug_macinfo  0x00000000   0x2320a2
 .debug_macinfo
                0x00000000    0x3cca4 ./Project_Settings/Startup_Code/kinetis_sysinit.o
 .debug_macinfo
                0x0003cca4     0x3f3e ./Project_Settings/Startup_Code/__arm_start.o
 .debug_macinfo
                0x00040be2     0x3527 ./Project_Settings/Startup_Code/__arm_end.o
 .debug_macinfo
                0x00044109    0x3cc3f ./Sources/timer.o
 .debug_macinfo
                0x00080d48    0x3e0d0 ./Sources/nokia_LCD.o
 .debug_macinfo
                0x000bee18    0x3d3e1 ./Sources/lcd_spi.o
 .debug_macinfo
                0x000fc1f9     0x25bd ./Sources/lcd_fonts.o
 .debug_macinfo
                0x000fe7b6    0x3e202 ./Sources/clock.o
 .debug_macinfo
                0x0013c9b8    0x3daac ./Sources/TicTacToe.o
 .debug_macinfo
                0x0017a464    0x3da0b ./Sources/T6_Main.o
 .debug_macinfo
                0x001b7e6f    0x3cecd ./Sources/Music.o
 .debug_macinfo
                0x001f4d3c    0x3d366 ./Sources/Joystick.o

.debug_line     0x00000000     0x2ffa
 .debug_line    0x00000000      0x257 ./Project_Settings/Startup_Code/kinetis_sysinit.o
 .debug_line    0x00000257      0x2a3 ./Project_Settings/Startup_Code/__arm_start.o
 .debug_line    0x000004fa      0x27a ./Project_Settings/Startup_Code/__arm_end.o
 .debug_line    0x00000774      0x20c ./Sources/timer.o
 .debug_line    0x00000980      0x53a ./Sources/nokia_LCD.o
 .debug_line    0x00000eba      0x28d ./Sources/lcd_spi.o
 .debug_line    0x00001147       0xf9 ./Sources/lcd_fonts.o
 .debug_line    0x00001240      0x2cf ./Sources/clock.o
 .debug_line    0x0000150f      0x4de ./Sources/TicTacToe.o
 .debug_line    0x000019ed      0x306 ./Sources/T6_Main.o
 .debug_line    0x00001cf3      0x256 ./Sources/Music.o
 .debug_line    0x00001f49      0x2aa ./Sources/Joystick.o
 .debug_line    0x000021f3       0x94 C:/apps/Freescale/CW MCU v10.6/MCU/ARM_GCC_Support/ewl/lib/armv7e-m\libc.a(exit.o)
 .debug_line    0x00002287       0x8f C:/apps/Freescale/CW MCU v10.6/MCU/ARM_GCC_Support/ewl/lib/armv7e-m\libc.a(memset.o)
 .debug_line    0x00002316      0x2b4 C:/apps/Freescale/CW MCU v10.6/MCU/ARM_GCC_Support/ewl/lib/armv7e-m\libc.a(printformat_.o)
 .debug_line    0x000025ca      0x2df C:/apps/Freescale/CW MCU v10.6/MCU/ARM_GCC_Support/ewl/lib/armv7e-m\libc.a(scanformat_.o)
 .debug_line    0x000028a9      0x1a9 C:/apps/Freescale/CW MCU v10.6/MCU/ARM_GCC_Support/ewl/lib/armv7e-m\libc.a(ctype_aeabi.o)
 .debug_line    0x00002a52      0x11b C:/apps/Freescale/CW MCU v10.6/MCU/ARM_GCC_Support/ewl/lib/armv7e-m\libc.a(__strtoul.o)
 .debug_line    0x00002b6d       0xcd C:/apps/Freescale/CW MCU v10.6/MCU/ARM_GCC_Support/ewl/lib/armv7e-m\libc.a(__filll_mem.o)
 .debug_line    0x00002c3a       0x9f C:/apps/Freescale/CW MCU v10.6/MCU/ARM_GCC_Support/ewl/lib/armv7e-m\libc.a(memchr.o)
 .debug_line    0x00002cd9       0x7d C:/apps/Freescale/CW MCU v10.6/MCU/ARM_GCC_Support/ewl/lib/armv7e-m\libc.a(strchr.o)
 .debug_line    0x00002d56       0x83 C:/apps/Freescale/CW MCU v10.6/MCU/ARM_GCC_Support/ewl/lib/armv7e-m\libc.a(strlen.o)
 .debug_line    0x00002dd9       0x67 C:/apps/Freescale/CW MCU v10.6/MCU/ARM_GCC_Support/ewl/lib/armv7e-m\librt.a(gcc_ctor_dtor.o)
 .debug_line    0x00002e40       0xa9 C:/apps/Freescale/CW MCU v10.6/MCU/ARM_GCC_Support/ewl/lib/armv7e-m\librt.a(ROMCopy.o)
 .debug_line    0x00002ee9      0x111 C:/apps/Freescale/CW MCU v10.6/MCU/ARM_GCC_Support/ewl/lib/armv7e-m\librt.a(__arm_eabi_init.o)

.debug_str      0x00000000     0x186a
 .debug_str     0x00000000      0x28f ./Project_Settings/Startup_Code/kinetis_sysinit.o
                                0x2d5 (size before relaxing)
 .debug_str     0x0000028f       0x85 ./Project_Settings/Startup_Code/__arm_start.o
                                0x197 (size before relaxing)
 .debug_str     0x00000314       0x41 ./Project_Settings/Startup_Code/__arm_end.o
                                 0xce (size before relaxing)
 .debug_str     0x00000355      0x12f ./Sources/timer.o
                                0x265 (size before relaxing)
 .debug_str     0x00000484      0x24e ./Sources/nokia_LCD.o
                                0x43c (size before relaxing)
 .debug_str     0x000006d2      0x146 ./Sources/lcd_spi.o
                                0x3ac (size before relaxing)
 .debug_str     0x00000818       0x17 ./Sources/lcd_fonts.o
                                 0xc7 (size before relaxing)
 .debug_str     0x0000082f       0x91 ./Sources/clock.o
                                0x2bf (size before relaxing)
 .debug_str     0x000008c0      0x22c ./Sources/TicTacToe.o
                                0x36a (size before relaxing)
 .debug_str     0x00000aec       0x2e ./Sources/T6_Main.o
                                0x1aa (size before relaxing)
 .debug_str     0x00000b1a      0x47b ./Sources/Music.o
                                0x6cb (size before relaxing)
 .debug_str     0x00000f95       0x6e ./Sources/Joystick.o
                                0x30f (size before relaxing)
 .debug_str     0x00001003       0x5a C:/apps/Freescale/CW MCU v10.6/MCU/ARM_GCC_Support/ewl/lib/armv7e-m\libc.a(exit.o)
                                0x157 (size before relaxing)
 .debug_str     0x0000105d       0x23 C:/apps/Freescale/CW MCU v10.6/MCU/ARM_GCC_Support/ewl/lib/armv7e-m\libc.a(memset.o)
                                0x140 (size before relaxing)
 .debug_str     0x00001080      0x23b C:/apps/Freescale/CW MCU v10.6/MCU/ARM_GCC_Support/ewl/lib/armv7e-m\libc.a(printformat_.o)
                                0x3b3 (size before relaxing)
 .debug_str     0x000012bb      0x184 C:/apps/Freescale/CW MCU v10.6/MCU/ARM_GCC_Support/ewl/lib/armv7e-m\libc.a(scanformat_.o)
                                0x3f9 (size before relaxing)
 .debug_str     0x0000143f       0x9d C:/apps/Freescale/CW MCU v10.6/MCU/ARM_GCC_Support/ewl/lib/armv7e-m\libc.a(ctype_aeabi.o)
                                0x1bc (size before relaxing)
 .debug_str     0x000014dc       0x61 C:/apps/Freescale/CW MCU v10.6/MCU/ARM_GCC_Support/ewl/lib/armv7e-m\libc.a(__strtoul.o)
                                0x1fb (size before relaxing)
 .debug_str     0x0000153d       0x25 C:/apps/Freescale/CW MCU v10.6/MCU/ARM_GCC_Support/ewl/lib/armv7e-m\libc.a(__filll_mem.o)
                                0x152 (size before relaxing)
 .debug_str     0x00001562       0x1c C:/apps/Freescale/CW MCU v10.6/MCU/ARM_GCC_Support/ewl/lib/armv7e-m\libc.a(memchr.o)
                                0x148 (size before relaxing)
 .debug_str     0x0000157e       0x1c C:/apps/Freescale/CW MCU v10.6/MCU/ARM_GCC_Support/ewl/lib/armv7e-m\libc.a(strchr.o)
                                0x137 (size before relaxing)
 .debug_str     0x0000159a       0x1c C:/apps/Freescale/CW MCU v10.6/MCU/ARM_GCC_Support/ewl/lib/armv7e-m\libc.a(strlen.o)
                                0x140 (size before relaxing)
 .debug_str     0x000015b6      0x126 C:/apps/Freescale/CW MCU v10.6/MCU/ARM_GCC_Support/ewl/lib/armv7e-m\librt.a(gcc_ctor_dtor.o)
                                0x181 (size before relaxing)
 .debug_str     0x000016dc       0x96 C:/apps/Freescale/CW MCU v10.6/MCU/ARM_GCC_Support/ewl/lib/armv7e-m\librt.a(ROMCopy.o)
                                0x13c (size before relaxing)
 .debug_str     0x00001772       0xf8 C:/apps/Freescale/CW MCU v10.6/MCU/ARM_GCC_Support/ewl/lib/armv7e-m\librt.a(__arm_eabi_init.o)
                                0x1b5 (size before relaxing)

.comment        0x00000000       0x79
 .comment       0x00000000       0x79 ./Project_Settings/Startup_Code/kinetis_sysinit.o
                                 0x7a (size before relaxing)
 .comment       0x00000000       0x7a ./Project_Settings/Startup_Code/__arm_start.o
 .comment       0x00000000       0x7a ./Project_Settings/Startup_Code/__arm_end.o
 .comment       0x00000000       0x7a ./Sources/timer.o
 .comment       0x00000000       0x7a ./Sources/nokia_LCD.o
 .comment       0x00000000       0x7a ./Sources/lcd_spi.o
 .comment       0x00000000       0x7a ./Sources/lcd_fonts.o
 .comment       0x00000000       0x7a ./Sources/clock.o
 .comment       0x00000000       0x7a ./Sources/TicTacToe.o
 .comment       0x00000000       0x7a ./Sources/T6_Main.o
 .comment       0x00000000       0x7a ./Sources/Music.o
 .comment       0x00000000       0x7a ./Sources/Joystick.o
 .comment       0x00000000       0x7a C:/apps/Freescale/CW MCU v10.6/MCU/ARM_GCC_Support/ewl/lib/armv7e-m\libc.a(exit.o)
 .comment       0x00000000       0x7a C:/apps/Freescale/CW MCU v10.6/MCU/ARM_GCC_Support/ewl/lib/armv7e-m\libc.a(memset.o)
 .comment       0x00000000       0x7a C:/apps/Freescale/CW MCU v10.6/MCU/ARM_GCC_Support/ewl/lib/armv7e-m\libc.a(printformat_.o)
 .comment       0x00000000       0x7a C:/apps/Freescale/CW MCU v10.6/MCU/ARM_GCC_Support/ewl/lib/armv7e-m\libc.a(scanformat_.o)
 .comment       0x00000000       0x7a C:/apps/Freescale/CW MCU v10.6/MCU/ARM_GCC_Support/ewl/lib/armv7e-m\libc.a(ctype_aeabi.o)
 .comment       0x00000000       0x7a C:/apps/Freescale/CW MCU v10.6/MCU/ARM_GCC_Support/ewl/lib/armv7e-m\libc.a(__strtoul.o)
 .comment       0x00000000       0x7a C:/apps/Freescale/CW MCU v10.6/MCU/ARM_GCC_Support/ewl/lib/armv7e-m\libc.a(__filll_mem.o)
 .comment       0x00000000       0x7a C:/apps/Freescale/CW MCU v10.6/MCU/ARM_GCC_Support/ewl/lib/armv7e-m\libc.a(memchr.o)
 .comment       0x00000000       0x7a C:/apps/Freescale/CW MCU v10.6/MCU/ARM_GCC_Support/ewl/lib/armv7e-m\libc.a(strchr.o)
 .comment       0x00000000       0x7a C:/apps/Freescale/CW MCU v10.6/MCU/ARM_GCC_Support/ewl/lib/armv7e-m\libc.a(strlen.o)
 .comment       0x00000000       0x7a C:/apps/Freescale/CW MCU v10.6/MCU/ARM_GCC_Support/ewl/lib/armv7e-m\librt.a(gcc_ctor_dtor.o)
 .comment       0x00000000       0x7a C:/apps/Freescale/CW MCU v10.6/MCU/ARM_GCC_Support/ewl/lib/armv7e-m\librt.a(ROMCopy.o)
 .comment       0x00000000       0x7a C:/apps/Freescale/CW MCU v10.6/MCU/ARM_GCC_Support/ewl/lib/armv7e-m\librt.a(__arm_eabi_init.o)

.debug_frame    0x00000000      0xa8c
 .debug_frame   0x00000000       0x70 ./Project_Settings/Startup_Code/kinetis_sysinit.o
 .debug_frame   0x00000070       0x4c ./Project_Settings/Startup_Code/__arm_start.o
 .debug_frame   0x000000bc       0x2c ./Project_Settings/Startup_Code/__arm_end.o
 .debug_frame   0x000000e8       0x44 ./Sources/timer.o
 .debug_frame   0x0000012c      0x1b8 ./Sources/nokia_LCD.o
 .debug_frame   0x000002e4       0xbc ./Sources/lcd_spi.o
 .debug_frame   0x000003a0       0x48 ./Sources/clock.o
 .debug_frame   0x000003e8      0x188 ./Sources/TicTacToe.o
 .debug_frame   0x00000570       0x4c ./Sources/T6_Main.o
 .debug_frame   0x000005bc       0x78 ./Sources/Music.o
 .debug_frame   0x00000634       0x7c ./Sources/Joystick.o
 .debug_frame   0x000006b0       0x28 C:/apps/Freescale/CW MCU v10.6/MCU/ARM_GCC_Support/ewl/lib/armv7e-m\libc.a(exit.o)
 .debug_frame   0x000006d8       0x28 C:/apps/Freescale/CW MCU v10.6/MCU/ARM_GCC_Support/ewl/lib/armv7e-m\libc.a(memset.o)
 .debug_frame   0x00000700       0x64 C:/apps/Freescale/CW MCU v10.6/MCU/ARM_GCC_Support/ewl/lib/armv7e-m\libc.a(printformat_.o)
 .debug_frame   0x00000764       0x3c C:/apps/Freescale/CW MCU v10.6/MCU/ARM_GCC_Support/ewl/lib/armv7e-m\libc.a(scanformat_.o)
 .debug_frame   0x000007a0       0xf0 C:/apps/Freescale/CW MCU v10.6/MCU/ARM_GCC_Support/ewl/lib/armv7e-m\libc.a(ctype_aeabi.o)
 .debug_frame   0x00000890       0x3c C:/apps/Freescale/CW MCU v10.6/MCU/ARM_GCC_Support/ewl/lib/armv7e-m\libc.a(__strtoul.o)
 .debug_frame   0x000008cc       0x2c C:/apps/Freescale/CW MCU v10.6/MCU/ARM_GCC_Support/ewl/lib/armv7e-m\libc.a(__filll_mem.o)
 .debug_frame   0x000008f8       0x20 C:/apps/Freescale/CW MCU v10.6/MCU/ARM_GCC_Support/ewl/lib/armv7e-m\libc.a(memchr.o)
 .debug_frame   0x00000918       0x20 C:/apps/Freescale/CW MCU v10.6/MCU/ARM_GCC_Support/ewl/lib/armv7e-m\libc.a(strchr.o)
 .debug_frame   0x00000938       0x20 C:/apps/Freescale/CW MCU v10.6/MCU/ARM_GCC_Support/ewl/lib/armv7e-m\libc.a(strlen.o)
 .debug_frame   0x00000958       0x40 C:/apps/Freescale/CW MCU v10.6/MCU/ARM_GCC_Support/ewl/lib/armv7e-m\librt.a(gcc_ctor_dtor.o)
 .debug_frame   0x00000998       0x48 C:/apps/Freescale/CW MCU v10.6/MCU/ARM_GCC_Support/ewl/lib/armv7e-m\librt.a(ROMCopy.o)
 .debug_frame   0x000009e0       0xac C:/apps/Freescale/CW MCU v10.6/MCU/ARM_GCC_Support/ewl/lib/armv7e-m\librt.a(__arm_eabi_init.o)
