Archive member included because of file (symbol)

C:/APPS/Freescale/CW MCU v10.4/MCU/ARM_GCC_Support/ewl/lib/armv7e-m\libc.a(exit.o)
                              ./Project_Settings/Startup_Code/__arm_start.o (exit)
C:/APPS/Freescale/CW MCU v10.4/MCU/ARM_GCC_Support/ewl/lib/armv7e-m\libc.a(memset.o)
                              ./Project_Settings/Startup_Code/kinetis_sysinit.o (memset)
C:/APPS/Freescale/CW MCU v10.4/MCU/ARM_GCC_Support/ewl/lib/armv7e-m\libc.a(strlen.o)
                              ./Project_Settings/Startup_Code/kinetis_sysinit.o (strlen)
C:/APPS/Freescale/CW MCU v10.4/MCU/ARM_GCC_Support/ewl/lib/armv7e-m\libc.a(printformat_.o)
                              (__pformatter_)
C:/APPS/Freescale/CW MCU v10.4/MCU/ARM_GCC_Support/ewl/lib/armv7e-m\libc.a(scanformat_.o)
                              (__sformatter)
C:/APPS/Freescale/CW MCU v10.4/MCU/ARM_GCC_Support/ewl/lib/armv7e-m\libc.a(ctype_aeabi.o)
                              C:/APPS/Freescale/CW MCU v10.4/MCU/ARM_GCC_Support/ewl/lib/armv7e-m\libc.a(scanformat_.o) (isspace)
C:/APPS/Freescale/CW MCU v10.4/MCU/ARM_GCC_Support/ewl/lib/armv7e-m\libc.a(__strtoul.o)
                              C:/APPS/Freescale/CW MCU v10.4/MCU/ARM_GCC_Support/ewl/lib/armv7e-m\libc.a(scanformat_.o) (__strtoul)
C:/APPS/Freescale/CW MCU v10.4/MCU/ARM_GCC_Support/ewl/lib/armv7e-m\libc.a(__filll_mem.o)
                              C:/APPS/Freescale/CW MCU v10.4/MCU/ARM_GCC_Support/ewl/lib/armv7e-m\libc.a(memset.o) (__fill_mem)
C:/APPS/Freescale/CW MCU v10.4/MCU/ARM_GCC_Support/ewl/lib/armv7e-m\libc.a(memchr.o)
                              C:/APPS/Freescale/CW MCU v10.4/MCU/ARM_GCC_Support/ewl/lib/armv7e-m\libc.a(printformat_.o) (memchr)
C:/APPS/Freescale/CW MCU v10.4/MCU/ARM_GCC_Support/ewl/lib/armv7e-m\libc.a(strchr.o)
                              C:/APPS/Freescale/CW MCU v10.4/MCU/ARM_GCC_Support/ewl/lib/armv7e-m\libc.a(printformat_.o) (strchr)
C:/APPS/Freescale/CW MCU v10.4/MCU/ARM_GCC_Support/ewl/lib/armv7e-m\librt.a(gcc_ctor_dtor.o)
                              ./Project_Settings/Startup_Code/__arm_start.o (__init_cpp)
C:/APPS/Freescale/CW MCU v10.4/MCU/ARM_GCC_Support/ewl/lib/armv7e-m\librt.a(ROMCopy.o)
                              ./Project_Settings/Startup_Code/__arm_start.o (__copy_rom_sections_to_ram)
C:/APPS/Freescale/CW MCU v10.4/MCU/ARM_GCC_Support/ewl/lib/armv7e-m\librt.a(__arm_eabi_init.o)
                              C:/APPS/Freescale/CW MCU v10.4/MCU/ARM_GCC_Support/ewl/lib/armv7e-m\libc.a(exit.o) (__destroy_global_chain)

Discarded input sections

 .text          0x00000000        0x0 ./Project_Settings/Startup_Code/kinetis_sysinit.o
 .data          0x00000000        0x0 ./Project_Settings/Startup_Code/kinetis_sysinit.o
 .bss           0x00000000        0x0 ./Project_Settings/Startup_Code/kinetis_sysinit.o
 .text          0x00000000        0x0 ./Project_Settings/Startup_Code/__arm_start.o
 .data          0x00000000        0x0 ./Project_Settings/Startup_Code/__arm_start.o
 .bss           0x00000000        0x0 ./Project_Settings/Startup_Code/__arm_start.o
 .text.__iar_program_start
                0x00000000        0x4 ./Project_Settings/Startup_Code/__arm_start.o
 .text          0x00000000        0x0 ./Project_Settings/Startup_Code/__arm_end.o
 .data          0x00000000        0x0 ./Project_Settings/Startup_Code/__arm_end.o
 .bss           0x00000000        0x0 ./Project_Settings/Startup_Code/__arm_end.o
 .text          0x00000000        0x0 ./Sources/main.o
 .data          0x00000000        0x0 ./Sources/main.o
 .bss           0x00000000        0x0 ./Sources/main.o
 .text          0x00000000        0x0 ./Sources/clock.o
 .data          0x00000000        0x0 ./Sources/clock.o
 .bss           0x00000000        0x0 ./Sources/clock.o
 .rodata.SystemCoreClock
                0x00000000        0x4 ./Sources/clock.o
 .rodata.SystemBusClock
                0x00000000        0x4 ./Sources/clock.o
 .text          0x00000000        0x0 C:/APPS/Freescale/CW MCU v10.4/MCU/ARM_GCC_Support/ewl/lib/armv7e-m\libc.a(exit.o)
 .data          0x00000000        0x0 C:/APPS/Freescale/CW MCU v10.4/MCU/ARM_GCC_Support/ewl/lib/armv7e-m\libc.a(exit.o)
 .bss           0x00000000        0x0 C:/APPS/Freescale/CW MCU v10.4/MCU/ARM_GCC_Support/ewl/lib/armv7e-m\libc.a(exit.o)
 .text          0x00000000        0x0 C:/APPS/Freescale/CW MCU v10.4/MCU/ARM_GCC_Support/ewl/lib/armv7e-m\libc.a(memset.o)
 .data          0x00000000        0x0 C:/APPS/Freescale/CW MCU v10.4/MCU/ARM_GCC_Support/ewl/lib/armv7e-m\libc.a(memset.o)
 .bss           0x00000000        0x0 C:/APPS/Freescale/CW MCU v10.4/MCU/ARM_GCC_Support/ewl/lib/armv7e-m\libc.a(memset.o)
 .text          0x00000000        0x0 C:/APPS/Freescale/CW MCU v10.4/MCU/ARM_GCC_Support/ewl/lib/armv7e-m\libc.a(strlen.o)
 .data          0x00000000        0x0 C:/APPS/Freescale/CW MCU v10.4/MCU/ARM_GCC_Support/ewl/lib/armv7e-m\libc.a(strlen.o)
 .bss           0x00000000        0x0 C:/APPS/Freescale/CW MCU v10.4/MCU/ARM_GCC_Support/ewl/lib/armv7e-m\libc.a(strlen.o)
 .text          0x00000000        0x0 C:/APPS/Freescale/CW MCU v10.4/MCU/ARM_GCC_Support/ewl/lib/armv7e-m\libc.a(printformat_.o)
 .data          0x00000000        0x0 C:/APPS/Freescale/CW MCU v10.4/MCU/ARM_GCC_Support/ewl/lib/armv7e-m\libc.a(printformat_.o)
 .bss           0x00000000        0x0 C:/APPS/Freescale/CW MCU v10.4/MCU/ARM_GCC_Support/ewl/lib/armv7e-m\libc.a(printformat_.o)
 .text          0x00000000        0x0 C:/APPS/Freescale/CW MCU v10.4/MCU/ARM_GCC_Support/ewl/lib/armv7e-m\libc.a(scanformat_.o)
 .data          0x00000000        0x0 C:/APPS/Freescale/CW MCU v10.4/MCU/ARM_GCC_Support/ewl/lib/armv7e-m\libc.a(scanformat_.o)
 .bss           0x00000000        0x0 C:/APPS/Freescale/CW MCU v10.4/MCU/ARM_GCC_Support/ewl/lib/armv7e-m\libc.a(scanformat_.o)
 .text          0x00000000        0x0 C:/APPS/Freescale/CW MCU v10.4/MCU/ARM_GCC_Support/ewl/lib/armv7e-m\libc.a(ctype_aeabi.o)
 .data          0x00000000        0x0 C:/APPS/Freescale/CW MCU v10.4/MCU/ARM_GCC_Support/ewl/lib/armv7e-m\libc.a(ctype_aeabi.o)
 .bss           0x00000000        0x0 C:/APPS/Freescale/CW MCU v10.4/MCU/ARM_GCC_Support/ewl/lib/armv7e-m\libc.a(ctype_aeabi.o)
 .text.isalnum  0x00000000       0x18 C:/APPS/Freescale/CW MCU v10.4/MCU/ARM_GCC_Support/ewl/lib/armv7e-m\libc.a(ctype_aeabi.o)
 .text.iscntrl  0x00000000       0x1c C:/APPS/Freescale/CW MCU v10.4/MCU/ARM_GCC_Support/ewl/lib/armv7e-m\libc.a(ctype_aeabi.o)
 .text.isdigit  0x00000000        0xc C:/APPS/Freescale/CW MCU v10.4/MCU/ARM_GCC_Support/ewl/lib/armv7e-m\libc.a(ctype_aeabi.o)
 .text.isgraph  0x00000000       0x18 C:/APPS/Freescale/CW MCU v10.4/MCU/ARM_GCC_Support/ewl/lib/armv7e-m\libc.a(ctype_aeabi.o)
 .text.islower  0x00000000       0x1c C:/APPS/Freescale/CW MCU v10.4/MCU/ARM_GCC_Support/ewl/lib/armv7e-m\libc.a(ctype_aeabi.o)
 .text.isprint  0x00000000       0x18 C:/APPS/Freescale/CW MCU v10.4/MCU/ARM_GCC_Support/ewl/lib/armv7e-m\libc.a(ctype_aeabi.o)
 .text.ispunct  0x00000000       0x1c C:/APPS/Freescale/CW MCU v10.4/MCU/ARM_GCC_Support/ewl/lib/armv7e-m\libc.a(ctype_aeabi.o)
 .text.isupper  0x00000000       0x1c C:/APPS/Freescale/CW MCU v10.4/MCU/ARM_GCC_Support/ewl/lib/armv7e-m\libc.a(ctype_aeabi.o)
 .text.isxdigit
                0x00000000       0x1c C:/APPS/Freescale/CW MCU v10.4/MCU/ARM_GCC_Support/ewl/lib/armv7e-m\libc.a(ctype_aeabi.o)
 .text.isblank  0x00000000       0x28 C:/APPS/Freescale/CW MCU v10.4/MCU/ARM_GCC_Support/ewl/lib/armv7e-m\libc.a(ctype_aeabi.o)
 .text.tolower  0x00000000        0xc C:/APPS/Freescale/CW MCU v10.4/MCU/ARM_GCC_Support/ewl/lib/armv7e-m\libc.a(ctype_aeabi.o)
 .text          0x00000000        0x0 C:/APPS/Freescale/CW MCU v10.4/MCU/ARM_GCC_Support/ewl/lib/armv7e-m\libc.a(__strtoul.o)
 .data          0x00000000        0x0 C:/APPS/Freescale/CW MCU v10.4/MCU/ARM_GCC_Support/ewl/lib/armv7e-m\libc.a(__strtoul.o)
 .bss           0x00000000        0x0 C:/APPS/Freescale/CW MCU v10.4/MCU/ARM_GCC_Support/ewl/lib/armv7e-m\libc.a(__strtoul.o)
 .text          0x00000000        0x0 C:/APPS/Freescale/CW MCU v10.4/MCU/ARM_GCC_Support/ewl/lib/armv7e-m\libc.a(__filll_mem.o)
 .data          0x00000000        0x0 C:/APPS/Freescale/CW MCU v10.4/MCU/ARM_GCC_Support/ewl/lib/armv7e-m\libc.a(__filll_mem.o)
 .bss           0x00000000        0x0 C:/APPS/Freescale/CW MCU v10.4/MCU/ARM_GCC_Support/ewl/lib/armv7e-m\libc.a(__filll_mem.o)
 .text          0x00000000        0x0 C:/APPS/Freescale/CW MCU v10.4/MCU/ARM_GCC_Support/ewl/lib/armv7e-m\libc.a(memchr.o)
 .data          0x00000000        0x0 C:/APPS/Freescale/CW MCU v10.4/MCU/ARM_GCC_Support/ewl/lib/armv7e-m\libc.a(memchr.o)
 .bss           0x00000000        0x0 C:/APPS/Freescale/CW MCU v10.4/MCU/ARM_GCC_Support/ewl/lib/armv7e-m\libc.a(memchr.o)
 .text          0x00000000        0x0 C:/APPS/Freescale/CW MCU v10.4/MCU/ARM_GCC_Support/ewl/lib/armv7e-m\libc.a(strchr.o)
 .data          0x00000000        0x0 C:/APPS/Freescale/CW MCU v10.4/MCU/ARM_GCC_Support/ewl/lib/armv7e-m\libc.a(strchr.o)
 .bss           0x00000000        0x0 C:/APPS/Freescale/CW MCU v10.4/MCU/ARM_GCC_Support/ewl/lib/armv7e-m\libc.a(strchr.o)
 .text          0x00000000        0x0 C:/APPS/Freescale/CW MCU v10.4/MCU/ARM_GCC_Support/ewl/lib/armv7e-m\librt.a(gcc_ctor_dtor.o)
 .data          0x00000000        0x0 C:/APPS/Freescale/CW MCU v10.4/MCU/ARM_GCC_Support/ewl/lib/armv7e-m\librt.a(gcc_ctor_dtor.o)
 .bss           0x00000000        0x0 C:/APPS/Freescale/CW MCU v10.4/MCU/ARM_GCC_Support/ewl/lib/armv7e-m\librt.a(gcc_ctor_dtor.o)
 .bss.__dso_handle
                0x00000000        0x4 C:/APPS/Freescale/CW MCU v10.4/MCU/ARM_GCC_Support/ewl/lib/armv7e-m\librt.a(gcc_ctor_dtor.o)
 .text          0x00000000        0x0 C:/APPS/Freescale/CW MCU v10.4/MCU/ARM_GCC_Support/ewl/lib/armv7e-m\librt.a(ROMCopy.o)
 .data          0x00000000        0x0 C:/APPS/Freescale/CW MCU v10.4/MCU/ARM_GCC_Support/ewl/lib/armv7e-m\librt.a(ROMCopy.o)
 .bss           0x00000000        0x0 C:/APPS/Freescale/CW MCU v10.4/MCU/ARM_GCC_Support/ewl/lib/armv7e-m\librt.a(ROMCopy.o)
 .text.__flush_cache
                0x00000000        0x2 C:/APPS/Freescale/CW MCU v10.4/MCU/ARM_GCC_Support/ewl/lib/armv7e-m\librt.a(ROMCopy.o)
 .text          0x00000000        0x0 C:/APPS/Freescale/CW MCU v10.4/MCU/ARM_GCC_Support/ewl/lib/armv7e-m\librt.a(__arm_eabi_init.o)
 .data          0x00000000        0x0 C:/APPS/Freescale/CW MCU v10.4/MCU/ARM_GCC_Support/ewl/lib/armv7e-m\librt.a(__arm_eabi_init.o)
 .bss           0x00000000        0x0 C:/APPS/Freescale/CW MCU v10.4/MCU/ARM_GCC_Support/ewl/lib/armv7e-m\librt.a(__arm_eabi_init.o)
 .text.__register_global_object
                0x00000000       0x14 C:/APPS/Freescale/CW MCU v10.4/MCU/ARM_GCC_Support/ewl/lib/armv7e-m\librt.a(__arm_eabi_init.o)
 .text.__cxa_atexit
                0x00000000       0x38 C:/APPS/Freescale/CW MCU v10.4/MCU/ARM_GCC_Support/ewl/lib/armv7e-m\librt.a(__arm_eabi_init.o)
 .text.__aeabi_atexit
                0x00000000        0xa C:/APPS/Freescale/CW MCU v10.4/MCU/ARM_GCC_Support/ewl/lib/armv7e-m\librt.a(__arm_eabi_init.o)
 .text.__register_atexit
                0x00000000        0x8 C:/APPS/Freescale/CW MCU v10.4/MCU/ARM_GCC_Support/ewl/lib/armv7e-m\librt.a(__arm_eabi_init.o)
 .text.__init_hardware
                0x00000000        0x4 C:/APPS/Freescale/CW MCU v10.4/MCU/ARM_GCC_Support/ewl/lib/armv7e-m\librt.a(__arm_eabi_init.o)
 .bss.atexit_curr_func
                0x00000000        0x4 C:/APPS/Freescale/CW MCU v10.4/MCU/ARM_GCC_Support/ewl/lib/armv7e-m\librt.a(__arm_eabi_init.o)
 .bss.atexit_funcs
                0x00000000      0x300 C:/APPS/Freescale/CW MCU v10.4/MCU/ARM_GCC_Support/ewl/lib/armv7e-m\librt.a(__arm_eabi_init.o)

Memory Configuration

Name             Origin             Length             Attributes
m_interrupts     0x00000000         0x000000f8         xr
m_cfmprotrom     0x00000400         0x00000010         xr
m_text           0x00000800         0x0001f800         xr
m_data           0x1fffe000         0x00002000         xrw
m_data2          0x20000000         0x00002000         xrw
*default*        0x00000000         0xffffffff

Linker script and memory map

LOAD ./Project_Settings/Startup_Code/kinetis_sysinit.o
LOAD ./Project_Settings/Startup_Code/__arm_start.o
LOAD ./Project_Settings/Startup_Code/__arm_end.o
LOAD ./Sources/main.o
LOAD ./Sources/clock.o
                0x000013d4                __pformatter = __pformatter_
                [0x000017cc]                __sformatter = __sformatter
START GROUP
LOAD C:/APPS/Freescale/CW MCU v10.4/MCU/ARM_GCC_Support/ewl/lib/armv7e-m\libc.a
LOAD C:/APPS/Freescale/CW MCU v10.4/MCU/ARM_GCC_Support/ewl/lib/armv7e-m\libm.a
LOAD c:/apps/freescale/cw mcu v10.4/cross_tools/arm-none-eabi-gcc-4_7_3/bin/../lib/gcc/arm-none-eabi/4.7.3/armv7e-m\libgcc.a
LOAD C:/APPS/Freescale/CW MCU v10.4/MCU/ARM_GCC_Support/ewl/lib/armv7e-m\librt.a
LOAD C:/APPS/Freescale/CW MCU v10.4/MCU/ARM_GCC_Support/ewl/lib/armv7e-m\libuart.a
END GROUP
                0x20000000                _estack = 0x20000000
                0x20000000                __SP_INIT = _estack
                0x00000400                __heap_size = 0x400
                0x00000400                __stack_size = 0x400

.interrupts     0x00000000       0xf8
                0x00000000                __vector_table = .
                0x00000000                . = ALIGN (0x4)
 *(.vectortable)
 .vectortable   0x00000000       0xf8 ./Project_Settings/Startup_Code/kinetis_sysinit.o
                0x000000f8                . = ALIGN (0x4)

.cfmprotect     0x00000400        0x0
                0x00000400                . = ALIGN (0x4)
 *(.cfmconfig)
                0x00000400                . = ALIGN (0x4)

.text           0x00000800     0x1e3c
                0x00000800                . = ALIGN (0x4)
 *(.text)
 *(.text*)
 .text.__init_hardware
                0x00000800       0x44 ./Project_Settings/Startup_Code/kinetis_sysinit.o
                0x00000800                __init_hardware
 .text.Default_Handler
                0x00000844       0x1c ./Project_Settings/Startup_Code/kinetis_sysinit.o
                0x00000844                RTC_Alarm_IRQHandler
                0x00000844                DebugMon_Handler
                0x00000844                I2C0_IRQHandler
                0x00000844                SysTick_Handler
                0x00000844                UART0_Status_IRQHandler
                0x00000844                PendSV_Handler
                0x00000844                NMI_Handler
                0x00000844                DMA2_IRQHandler
                0x00000844                I2S0_IRQHandler
                0x00000844                LLWU_IRQHandler
                0x00000844                TSI0_IRQHandler
                0x00000844                SWI_IRQHandler
                0x00000844                ADC0_IRQHandler
                0x00000844                UsageFault_Handler
                0x00000844                CMT_IRQHandler
                0x00000844                UART1_Status_IRQHandler
                0x00000844                DMA_Error_Handler
                0x00000844                CMP1_IRQHandler
                0x00000844                PORTD_IRQHandler
                0x00000844                PORTB_IRQHandler
                0x00000844                FTM1_IRQHandler
                0x00000844                PIT_Ch3_IRQHandler
                0x00000844                RTC_Seconds_IRQHandler
                0x00000844                MCG_IRQHandler
                0x00000844                Default_Handler
                0x00000844                I2S1_IRQHandler
                0x00000844                UART0_Error_IRQHandler
                0x00000844                PDB_Handler
                0x00000844                MemManage_Handler
                0x00000844                USB0_Charge_IRQHandler
                0x00000844                SVC_Handler
                0x00000844                USBOTG_IRQHandler
                0x00000844                DMA3_IRQHandler
                0x00000844                UART0_LON_IRQHandler
                0x00000844                DMA0_IRQHandler
                0x00000844                UART1_Error_IRQHandler
                0x00000844                UART2_Error_IRQHandler
                0x00000844                FTFL_Command_IRQHandler
                0x00000844                PMC_IRQHandler
                0x00000844                SPI0_IRQHandler
                0x00000844                FTM0_IRQHandler
                0x00000844                PORTA_IRQHandler
                0x00000844                FTFL_Collision_IRQHandler
                0x00000844                PORTE_IRQHandler
                0x00000844                WDOG_IRQHandler
                0x00000844                PIT_Ch1_IRQHandler
                0x00000844                LPTMR0_IRQHandler
                0x00000844                BusFault_Handler
                0x00000844                CMP0_IRQHandler
                0x00000844                PIT_Ch2_IRQHandler
                0x00000844                PORTC_IRQHandler
                0x00000844                UART2_Status_IRQHandler
                0x00000844                DMA_Other_IRQHandler
                0x00000844                DMA1_IRQHandler
 .text.HardFault_Handler
                0x00000860       0x18 ./Project_Settings/Startup_Code/kinetis_sysinit.o
                0x00000860                HardFault_Handler
 .text._HardFault_Handler
                0x00000878      0x5dc ./Project_Settings/Startup_Code/kinetis_sysinit.o
                0x00000878                _HardFault_Handler
 .text.zero_fill_bss
                0x00000e54       0x2c ./Project_Settings/Startup_Code/__arm_start.o
 .text.__thumb_startup
                0x00000e80       0x30 ./Project_Settings/Startup_Code/__arm_start.o
                0x00000e80                __thumb_startup
 .text._ExitProcess
                0x00000eb0        0xc ./Project_Settings/Startup_Code/__arm_end.o
                0x00000eb0                _ExitProcess
 .text.NVIC_EnableIrq
                0x00000ebc       0x5c ./Sources/main.o
 .text.NVIC_SetIrqPriority
                0x00000f18       0x34 ./Sources/main.o
 .text.initialisePIT
                0x00000f4c       0x98 ./Sources/main.o
                0x00000f4c                initialisePIT
 .text.PIT_Ch0_IRQHandler
                0x00000fe4       0x28 ./Sources/main.o
                0x00000fe4                PIT_Ch0_IRQHandler
 .text.main     0x0000100c       0x6c ./Sources/main.o
                0x0000100c                main
 .text.initialiseClock
                0x00001078      0x170 ./Sources/clock.o
                0x00001078                initialiseClock
 .text.exit     0x000011e8       0x38 C:/APPS/Freescale/CW MCU v10.4/MCU/ARM_GCC_Support/ewl/lib/armv7e-m\libc.a(exit.o)
                0x000011e8                exit
 .text.memset   0x00001220        0xc C:/APPS/Freescale/CW MCU v10.4/MCU/ARM_GCC_Support/ewl/lib/armv7e-m\libc.a(memset.o)
                0x00001220                memset
 .text.strlen   0x0000122c       0x10 C:/APPS/Freescale/CW MCU v10.4/MCU/ARM_GCC_Support/ewl/lib/armv7e-m\libc.a(strlen.o)
                0x0000122c                strlen
 .text.long2str.isra.0
                0x0000123c      0x196 C:/APPS/Freescale/CW MCU v10.4/MCU/ARM_GCC_Support/ewl/lib/armv7e-m\libc.a(printformat_.o)
 *fill*         0x000013d2        0x2 00
 .text.__pformatter_
                0x000013d4      0x3f8 C:/APPS/Freescale/CW MCU v10.4/MCU/ARM_GCC_Support/ewl/lib/armv7e-m\libc.a(printformat_.o)
                0x000013d4                __pformatter_
 .text.__sformatter
                0x000017cc      0x6f4 C:/APPS/Freescale/CW MCU v10.4/MCU/ARM_GCC_Support/ewl/lib/armv7e-m\libc.a(scanformat_.o)
                0x000017cc                __sformatter
 .text.isalpha  0x00001ec0       0x1c C:/APPS/Freescale/CW MCU v10.4/MCU/ARM_GCC_Support/ewl/lib/armv7e-m\libc.a(ctype_aeabi.o)
                0x00001ec0                isalpha
 .text.isspace  0x00001edc       0x1c C:/APPS/Freescale/CW MCU v10.4/MCU/ARM_GCC_Support/ewl/lib/armv7e-m\libc.a(ctype_aeabi.o)
                0x00001edc                isspace
 .text.toupper  0x00001ef8        0xc C:/APPS/Freescale/CW MCU v10.4/MCU/ARM_GCC_Support/ewl/lib/armv7e-m\libc.a(ctype_aeabi.o)
                0x00001ef8                toupper
 .text.__strtoul
                0x00001f04      0x214 C:/APPS/Freescale/CW MCU v10.4/MCU/ARM_GCC_Support/ewl/lib/armv7e-m\libc.a(__strtoul.o)
                0x00001f04                __strtoul
 .text.__fill_mem
                0x00002118       0x76 C:/APPS/Freescale/CW MCU v10.4/MCU/ARM_GCC_Support/ewl/lib/armv7e-m\libc.a(__filll_mem.o)
                0x00002118                __fill_mem
 .text.memchr   0x0000218e       0x18 C:/APPS/Freescale/CW MCU v10.4/MCU/ARM_GCC_Support/ewl/lib/armv7e-m\libc.a(memchr.o)
                0x0000218e                memchr
 .text.strchr   0x000021a6       0x1a C:/APPS/Freescale/CW MCU v10.4/MCU/ARM_GCC_Support/ewl/lib/armv7e-m\libc.a(strchr.o)
                0x000021a6                strchr
 .text.__init_cpp
                0x000021c0       0x4c C:/APPS/Freescale/CW MCU v10.4/MCU/ARM_GCC_Support/ewl/lib/armv7e-m\librt.a(gcc_ctor_dtor.o)
                0x000021c0                __init_cpp
 .text.__fini_cpp
                0x0000220c       0x34 C:/APPS/Freescale/CW MCU v10.4/MCU/ARM_GCC_Support/ewl/lib/armv7e-m\librt.a(gcc_ctor_dtor.o)
                0x0000220c                __fini_cpp
 .text.__copy_rom_section
                0x00002240       0x44 C:/APPS/Freescale/CW MCU v10.4/MCU/ARM_GCC_Support/ewl/lib/armv7e-m\librt.a(ROMCopy.o)
                0x00002240                __copy_rom_section
 .text.__copy_rom_sections_to_ram
                0x00002284       0x30 C:/APPS/Freescale/CW MCU v10.4/MCU/ARM_GCC_Support/ewl/lib/armv7e-m\librt.a(ROMCopy.o)
                0x00002284                __copy_rom_sections_to_ram
 .text.__destroy_global_chain
                0x000022b4       0x18 C:/APPS/Freescale/CW MCU v10.4/MCU/ARM_GCC_Support/ewl/lib/armv7e-m\librt.a(__arm_eabi_init.o)
                0x000022b4                __destroy_global_chain
 .text.__init_registers
                0x000022cc       0x24 C:/APPS/Freescale/CW MCU v10.4/MCU/ARM_GCC_Support/ewl/lib/armv7e-m\librt.a(__arm_eabi_init.o)
                0x000022cc                __init_registers
 .text.__init_user
                0x000022f0        0x4 C:/APPS/Freescale/CW MCU v10.4/MCU/ARM_GCC_Support/ewl/lib/armv7e-m\librt.a(__arm_eabi_init.o)
                0x000022f0                __init_user
 *(.rodata)
 .rodata        0x000022f4      0x23c ./Project_Settings/Startup_Code/kinetis_sysinit.o
 *(.rodata*)
 .rodata.str1.1
                0x00002530        0x1 C:/APPS/Freescale/CW MCU v10.4/MCU/ARM_GCC_Support/ewl/lib/armv7e-m\libc.a(printformat_.o)
 .rodata.CSWTCH.20
                0x00002531        0x5 C:/APPS/Freescale/CW MCU v10.4/MCU/ARM_GCC_Support/ewl/lib/armv7e-m\libc.a(printformat_.o)
 .rodata.CSWTCH.21
                0x00002536        0x5 C:/APPS/Freescale/CW MCU v10.4/MCU/ARM_GCC_Support/ewl/lib/armv7e-m\libc.a(printformat_.o)
 .rodata.__aeabi_ctype_table_C
                0x0000253b      0x101 C:/APPS/Freescale/CW MCU v10.4/MCU/ARM_GCC_Support/ewl/lib/armv7e-m\libc.a(ctype_aeabi.o)
                0x0000253b                __aeabi_ctype_table_C
 *(.glue_7)
 .glue_7        0x00000000        0x0 linker stubs
 *(.glue_7t)
 .glue_7t       0x00000000        0x0 linker stubs
 *(.eh_frame)
 *(.init)
 *(.fini)
                0x0000263c                . = ALIGN (0x4)
                0x0000263c                _etext = .

.vfp11_veneer   0x0000263c        0x0
 .vfp11_veneer  0x00000000        0x0 linker stubs

.v4_bx          0x0000263c        0x0
 .v4_bx         0x00000000        0x0 linker stubs

.iplt           0x0000263c        0x0
 .iplt          0x00000000        0x0 ./Project_Settings/Startup_Code/kinetis_sysinit.o

.rel.dyn        0x0000263c        0x0
 .rel.iplt      0x00000000        0x0 ./Project_Settings/Startup_Code/kinetis_sysinit.o

.ARM.extab
 *(.ARM.extab* .gnu.linkonce.armextab.*)

.ARM            0x0000263c        0x0
                0x0000263c                __exidx_start = .
 *(.ARM.exidx*)
                0x0000263c                __exidx_end = .

.ctors          0x0000263c        0x0
                0x0000263c                __CTOR_LIST__ = .
 *crtbegin.o(.ctors)
 *(EXCLUDE_FILE(*crtend.o) .ctors)
 *(SORT(.ctors.*))
 *(.ctors)
                0x0000263c                __CTOR_END__ = .

.dtors          0x0000263c        0x0
                0x0000263c                __DTOR_LIST__ = .
 *crtbegin.o(.dtors)
 *(EXCLUDE_FILE(*crtend.o) .dtors)
 *(SORT(.dtors.*))
 *(.dtors)
                0x0000263c                __DTOR_END__ = .

.preinit_array  0x0000263c        0x0
                0x0000263c                PROVIDE (__preinit_array_start, .)
 *(.preinit_array*)
                0x0000263c                PROVIDE (__preinit_array_end, .)

.init_array     0x0000263c        0x0
                0x0000263c                PROVIDE (__init_array_start, .)
 *(SORT(.init_array.*))
 *(.init_array*)
                0x0000263c                PROVIDE (__init_array_end, .)

.fini_array     0x0000263c        0x0
                0x0000263c                PROVIDE (__fini_array_start, .)
 *(SORT(.fini_array.*))
 *(.fini_array*)
                0x0000263c                PROVIDE (__fini_array_end, .)
                0x0000263c                ___ROM_AT = .

.data           0x1fffe000        0x0 load address 0x0000263c
                0x1fffe000                . = ALIGN (0x4)
                0x1fffe000                _sdata = .
 *(.data)
 *(.data*)
                0x1fffe000                . = ALIGN (0x4)
                0x1fffe000                _edata = .
                0x00000000                ___data_size = (_edata - _sdata)
                0x0000263c                ___m_data2_ROMStart = (___ROM_AT + SIZEOF (.data))

.igot.plt       0x1fffe000        0x0
 .igot.plt      0x00000000        0x0 ./Project_Settings/Startup_Code/kinetis_sysinit.o

.user_data2     0x20000000        0x0 load address 0x0000263c
                0x20000000                . = ALIGN (0x4)
                0x20000000                ___m_data2_RAMStart = .
 *(.data2)
                0x20000000                ___m_data2_RAMEnd = .
                0x20000000                . = ALIGN (0x4)
                0x00000000                ___m_data2_ROMSize = (___m_data2_RAMEnd - ___m_data2_RAMStart)
                0x20000000                . = ALIGN (0x4)

.bss            0x1fffe000       0x1c
                0x1fffe000                __START_BSS = .
                0x1fffe000                PROVIDE (__bss_start__, __START_BSS)
 *(.bss)
 *(.bss*)
 .bss.argv      0x1fffe000        0x4 ./Project_Settings/Startup_Code/__arm_start.o
 .bss.__stdio_exit
                0x1fffe004        0x4 C:/APPS/Freescale/CW MCU v10.4/MCU/ARM_GCC_Support/ewl/lib/armv7e-m\libc.a(exit.o)
                0x1fffe004                __stdio_exit
 .bss.__console_exit
                0x1fffe008        0x4 C:/APPS/Freescale/CW MCU v10.4/MCU/ARM_GCC_Support/ewl/lib/armv7e-m\libc.a(exit.o)
                0x1fffe008                __console_exit
 .bss.__S_romp  0x1fffe00c        0xc C:/APPS/Freescale/CW MCU v10.4/MCU/ARM_GCC_Support/ewl/lib/armv7e-m\librt.a(ROMCopy.o)
 .bss.__global_destructor_chain
                0x1fffe018        0x4 C:/APPS/Freescale/CW MCU v10.4/MCU/ARM_GCC_Support/ewl/lib/armv7e-m\librt.a(__arm_eabi_init.o)
                0x1fffe018                __global_destructor_chain
 *(COMMON)
                0x1fffe01c                . = ALIGN (0x4)
                0x1fffe01c                __END_BSS = .
                0x1fffe01c                PROVIDE (__bss_end__, __END_BSS)

._user_heap_stack
                0x1fffe01c      0x800
                0x1fffe01c                . = ALIGN (0x4)
                0x1fffe01c                PROVIDE (end, .)
                0x1fffe01c                PROVIDE (_end, .)
                0x1fffe01c                __heap_addr = .
                0x1fffe41c                . = (. + __heap_size)
 *fill*         0x1fffe01c      0x400 00
                0x1fffe81c                . = (. + __stack_size)
 *fill*         0x1fffe41c      0x400 00
                0x1fffe81c                . = ALIGN (0x4)
                0x0000263c                _romp_at = ((___ROM_AT + SIZEOF (.data)) + SIZEOF (.user_data2))

.romp           0x20000000       0x24 load address 0x0000263c
                0x0000263c                __S_romp = _romp_at
                0x20000000        0x4 LONG 0x263c ___ROM_AT
                0x20000004        0x4 LONG 0x1fffe000 _sdata
                0x20000008        0x4 LONG 0x0 ___data_size
                0x2000000c        0x4 LONG 0x263c ___m_data2_ROMStart
                0x20000010        0x4 LONG 0x20000000 ___m_data2_RAMStart
                0x20000014        0x4 LONG 0x0 ___m_data2_ROMSize
                0x20000018        0x4 LONG 0x0
                0x2000001c        0x4 LONG 0x0
                0x20000020        0x4 LONG 0x0

.ARM.attributes
                0x00000000       0x33
 *(.ARM.attributes)
 .ARM.attributes
                0x00000000       0x33 ./Project_Settings/Startup_Code/kinetis_sysinit.o
 .ARM.attributes
                0x00000033       0x33 ./Project_Settings/Startup_Code/__arm_start.o
 .ARM.attributes
                0x00000066       0x33 ./Project_Settings/Startup_Code/__arm_end.o
 .ARM.attributes
                0x00000099       0x33 ./Sources/main.o
 .ARM.attributes
                0x000000cc       0x33 ./Sources/clock.o
 .ARM.attributes
                0x000000ff       0x33 C:/APPS/Freescale/CW MCU v10.4/MCU/ARM_GCC_Support/ewl/lib/armv7e-m\libc.a(exit.o)
 .ARM.attributes
                0x00000132       0x33 C:/APPS/Freescale/CW MCU v10.4/MCU/ARM_GCC_Support/ewl/lib/armv7e-m\libc.a(memset.o)
 .ARM.attributes
                0x00000165       0x33 C:/APPS/Freescale/CW MCU v10.4/MCU/ARM_GCC_Support/ewl/lib/armv7e-m\libc.a(strlen.o)
 .ARM.attributes
                0x00000198       0x33 C:/APPS/Freescale/CW MCU v10.4/MCU/ARM_GCC_Support/ewl/lib/armv7e-m\libc.a(printformat_.o)
 .ARM.attributes
                0x000001cb       0x33 C:/APPS/Freescale/CW MCU v10.4/MCU/ARM_GCC_Support/ewl/lib/armv7e-m\libc.a(scanformat_.o)
 .ARM.attributes
                0x000001fe       0x33 C:/APPS/Freescale/CW MCU v10.4/MCU/ARM_GCC_Support/ewl/lib/armv7e-m\libc.a(ctype_aeabi.o)
 .ARM.attributes
                0x00000231       0x33 C:/APPS/Freescale/CW MCU v10.4/MCU/ARM_GCC_Support/ewl/lib/armv7e-m\libc.a(__strtoul.o)
 .ARM.attributes
                0x00000264       0x33 C:/APPS/Freescale/CW MCU v10.4/MCU/ARM_GCC_Support/ewl/lib/armv7e-m\libc.a(__filll_mem.o)
 .ARM.attributes
                0x00000297       0x33 C:/APPS/Freescale/CW MCU v10.4/MCU/ARM_GCC_Support/ewl/lib/armv7e-m\libc.a(memchr.o)
 .ARM.attributes
                0x000002ca       0x33 C:/APPS/Freescale/CW MCU v10.4/MCU/ARM_GCC_Support/ewl/lib/armv7e-m\libc.a(strchr.o)
 .ARM.attributes
                0x000002fd       0x33 C:/APPS/Freescale/CW MCU v10.4/MCU/ARM_GCC_Support/ewl/lib/armv7e-m\librt.a(gcc_ctor_dtor.o)
 .ARM.attributes
                0x00000330       0x33 C:/APPS/Freescale/CW MCU v10.4/MCU/ARM_GCC_Support/ewl/lib/armv7e-m\librt.a(ROMCopy.o)
 .ARM.attributes
                0x00000363       0x33 C:/APPS/Freescale/CW MCU v10.4/MCU/ARM_GCC_Support/ewl/lib/armv7e-m\librt.a(__arm_eabi_init.o)
OUTPUT(E5_PIT_Example.elf elf32-littlearm)

.debug_info     0x00000000     0x2d2a
 .debug_info    0x00000000      0x4dd ./Project_Settings/Startup_Code/kinetis_sysinit.o
 .debug_info    0x000004dd      0x12a ./Project_Settings/Startup_Code/__arm_start.o
 .debug_info    0x00000607       0x54 ./Project_Settings/Startup_Code/__arm_end.o
 .debug_info    0x0000065b      0x810 ./Sources/main.o
 .debug_info    0x00000e6b      0x3cf ./Sources/clock.o
 .debug_info    0x0000123a       0xe8 C:/APPS/Freescale/CW MCU v10.4/MCU/ARM_GCC_Support/ewl/lib/armv7e-m\libc.a(exit.o)
 .debug_info    0x00001322       0xec C:/APPS/Freescale/CW MCU v10.4/MCU/ARM_GCC_Support/ewl/lib/armv7e-m\libc.a(memset.o)
 .debug_info    0x0000140e       0xeb C:/APPS/Freescale/CW MCU v10.4/MCU/ARM_GCC_Support/ewl/lib/armv7e-m\libc.a(strlen.o)
 .debug_info    0x000014f9      0x50e C:/APPS/Freescale/CW MCU v10.4/MCU/ARM_GCC_Support/ewl/lib/armv7e-m\libc.a(printformat_.o)
 .debug_info    0x00001a07      0x565 C:/APPS/Freescale/CW MCU v10.4/MCU/ARM_GCC_Support/ewl/lib/armv7e-m\libc.a(scanformat_.o)
 .debug_info    0x00001f6c      0x306 C:/APPS/Freescale/CW MCU v10.4/MCU/ARM_GCC_Support/ewl/lib/armv7e-m\libc.a(ctype_aeabi.o)
 .debug_info    0x00002272      0x1d6 C:/APPS/Freescale/CW MCU v10.4/MCU/ARM_GCC_Support/ewl/lib/armv7e-m\libc.a(__strtoul.o)
 .debug_info    0x00002448      0x135 C:/APPS/Freescale/CW MCU v10.4/MCU/ARM_GCC_Support/ewl/lib/armv7e-m\libc.a(__filll_mem.o)
 .debug_info    0x0000257d      0x120 C:/APPS/Freescale/CW MCU v10.4/MCU/ARM_GCC_Support/ewl/lib/armv7e-m\libc.a(memchr.o)
 .debug_info    0x0000269d      0x108 C:/APPS/Freescale/CW MCU v10.4/MCU/ARM_GCC_Support/ewl/lib/armv7e-m\libc.a(strchr.o)
 .debug_info    0x000027a5      0x136 C:/APPS/Freescale/CW MCU v10.4/MCU/ARM_GCC_Support/ewl/lib/armv7e-m\librt.a(gcc_ctor_dtor.o)
 .debug_info    0x000028db      0x19a C:/APPS/Freescale/CW MCU v10.4/MCU/ARM_GCC_Support/ewl/lib/armv7e-m\librt.a(ROMCopy.o)
 .debug_info    0x00002a75      0x2b5 C:/APPS/Freescale/CW MCU v10.4/MCU/ARM_GCC_Support/ewl/lib/armv7e-m\librt.a(__arm_eabi_init.o)

.debug_abbrev   0x00000000     0x101d
 .debug_abbrev  0x00000000      0x168 ./Project_Settings/Startup_Code/kinetis_sysinit.o
 .debug_abbrev  0x00000168       0x92 ./Project_Settings/Startup_Code/__arm_start.o
 .debug_abbrev  0x000001fa       0x4c ./Project_Settings/Startup_Code/__arm_end.o
 .debug_abbrev  0x00000246      0x133 ./Sources/main.o
 .debug_abbrev  0x00000379       0xd6 ./Sources/clock.o
 .debug_abbrev  0x0000044f       0x7a C:/APPS/Freescale/CW MCU v10.4/MCU/ARM_GCC_Support/ewl/lib/armv7e-m\libc.a(exit.o)
 .debug_abbrev  0x000004c9       0x62 C:/APPS/Freescale/CW MCU v10.4/MCU/ARM_GCC_Support/ewl/lib/armv7e-m\libc.a(memset.o)
 .debug_abbrev  0x0000052b       0x7a C:/APPS/Freescale/CW MCU v10.4/MCU/ARM_GCC_Support/ewl/lib/armv7e-m\libc.a(strlen.o)
 .debug_abbrev  0x000005a5      0x200 C:/APPS/Freescale/CW MCU v10.4/MCU/ARM_GCC_Support/ewl/lib/armv7e-m\libc.a(printformat_.o)
 .debug_abbrev  0x000007a5      0x1f0 C:/APPS/Freescale/CW MCU v10.4/MCU/ARM_GCC_Support/ewl/lib/armv7e-m\libc.a(scanformat_.o)
 .debug_abbrev  0x00000995       0x85 C:/APPS/Freescale/CW MCU v10.4/MCU/ARM_GCC_Support/ewl/lib/armv7e-m\libc.a(ctype_aeabi.o)
 .debug_abbrev  0x00000a1a       0xc2 C:/APPS/Freescale/CW MCU v10.4/MCU/ARM_GCC_Support/ewl/lib/armv7e-m\libc.a(__strtoul.o)
 .debug_abbrev  0x00000adc       0x87 C:/APPS/Freescale/CW MCU v10.4/MCU/ARM_GCC_Support/ewl/lib/armv7e-m\libc.a(__filll_mem.o)
 .debug_abbrev  0x00000b63       0x95 C:/APPS/Freescale/CW MCU v10.4/MCU/ARM_GCC_Support/ewl/lib/armv7e-m\libc.a(memchr.o)
 .debug_abbrev  0x00000bf8       0x89 C:/APPS/Freescale/CW MCU v10.4/MCU/ARM_GCC_Support/ewl/lib/armv7e-m\libc.a(strchr.o)
 .debug_abbrev  0x00000c81       0x99 C:/APPS/Freescale/CW MCU v10.4/MCU/ARM_GCC_Support/ewl/lib/armv7e-m\librt.a(gcc_ctor_dtor.o)
 .debug_abbrev  0x00000d1a      0x137 C:/APPS/Freescale/CW MCU v10.4/MCU/ARM_GCC_Support/ewl/lib/armv7e-m\librt.a(ROMCopy.o)
 .debug_abbrev  0x00000e51      0x1cc C:/APPS/Freescale/CW MCU v10.4/MCU/ARM_GCC_Support/ewl/lib/armv7e-m\librt.a(__arm_eabi_init.o)

.debug_loc      0x00000000     0x2075
 .debug_loc     0x00000000       0x9e ./Project_Settings/Startup_Code/kinetis_sysinit.o
 .debug_loc     0x0000009e       0x2c ./Project_Settings/Startup_Code/__arm_start.o
 .debug_loc     0x000000ca       0x38 ./Project_Settings/Startup_Code/__arm_end.o
 .debug_loc     0x00000102      0x100 ./Sources/main.o
 .debug_loc     0x00000202       0x2c ./Sources/clock.o
 .debug_loc     0x0000022e       0x3e C:/APPS/Freescale/CW MCU v10.4/MCU/ARM_GCC_Support/ewl/lib/armv7e-m\libc.a(exit.o)
 .debug_loc     0x0000026c       0x64 C:/APPS/Freescale/CW MCU v10.4/MCU/ARM_GCC_Support/ewl/lib/armv7e-m\libc.a(memset.o)
 .debug_loc     0x000002d0       0x26 C:/APPS/Freescale/CW MCU v10.4/MCU/ARM_GCC_Support/ewl/lib/armv7e-m\libc.a(strlen.o)
 .debug_loc     0x000002f6      0xbdc C:/APPS/Freescale/CW MCU v10.4/MCU/ARM_GCC_Support/ewl/lib/armv7e-m\libc.a(printformat_.o)
 .debug_loc     0x00000ed2      0x8b6 C:/APPS/Freescale/CW MCU v10.4/MCU/ARM_GCC_Support/ewl/lib/armv7e-m\libc.a(scanformat_.o)
 .debug_loc     0x00001788      0x18e C:/APPS/Freescale/CW MCU v10.4/MCU/ARM_GCC_Support/ewl/lib/armv7e-m\libc.a(ctype_aeabi.o)
 .debug_loc     0x00001916      0x2bb C:/APPS/Freescale/CW MCU v10.4/MCU/ARM_GCC_Support/ewl/lib/armv7e-m\libc.a(__strtoul.o)
 .debug_loc     0x00001bd1      0x12c C:/APPS/Freescale/CW MCU v10.4/MCU/ARM_GCC_Support/ewl/lib/armv7e-m\libc.a(__filll_mem.o)
 .debug_loc     0x00001cfd       0x62 C:/APPS/Freescale/CW MCU v10.4/MCU/ARM_GCC_Support/ewl/lib/armv7e-m\libc.a(memchr.o)
 .debug_loc     0x00001d5f       0x7c C:/APPS/Freescale/CW MCU v10.4/MCU/ARM_GCC_Support/ewl/lib/armv7e-m\libc.a(strchr.o)
 .debug_loc     0x00001ddb       0x9d C:/APPS/Freescale/CW MCU v10.4/MCU/ARM_GCC_Support/ewl/lib/armv7e-m\librt.a(gcc_ctor_dtor.o)
 .debug_loc     0x00001e78       0xb9 C:/APPS/Freescale/CW MCU v10.4/MCU/ARM_GCC_Support/ewl/lib/armv7e-m\librt.a(ROMCopy.o)
 .debug_loc     0x00001f31      0x144 C:/APPS/Freescale/CW MCU v10.4/MCU/ARM_GCC_Support/ewl/lib/armv7e-m\librt.a(__arm_eabi_init.o)

.debug_aranges  0x00000000      0x348
 .debug_aranges
                0x00000000       0x38 ./Project_Settings/Startup_Code/kinetis_sysinit.o
 .debug_aranges
                0x00000038       0x30 ./Project_Settings/Startup_Code/__arm_start.o
 .debug_aranges
                0x00000068       0x20 ./Project_Settings/Startup_Code/__arm_end.o
 .debug_aranges
                0x00000088       0x40 ./Sources/main.o
 .debug_aranges
                0x000000c8       0x20 ./Sources/clock.o
 .debug_aranges
                0x000000e8       0x20 C:/APPS/Freescale/CW MCU v10.4/MCU/ARM_GCC_Support/ewl/lib/armv7e-m\libc.a(exit.o)
 .debug_aranges
                0x00000108       0x20 C:/APPS/Freescale/CW MCU v10.4/MCU/ARM_GCC_Support/ewl/lib/armv7e-m\libc.a(memset.o)
 .debug_aranges
                0x00000128       0x20 C:/APPS/Freescale/CW MCU v10.4/MCU/ARM_GCC_Support/ewl/lib/armv7e-m\libc.a(strlen.o)
 .debug_aranges
                0x00000148       0x28 C:/APPS/Freescale/CW MCU v10.4/MCU/ARM_GCC_Support/ewl/lib/armv7e-m\libc.a(printformat_.o)
 .debug_aranges
                0x00000170       0x20 C:/APPS/Freescale/CW MCU v10.4/MCU/ARM_GCC_Support/ewl/lib/armv7e-m\libc.a(scanformat_.o)
 .debug_aranges
                0x00000190       0x88 C:/APPS/Freescale/CW MCU v10.4/MCU/ARM_GCC_Support/ewl/lib/armv7e-m\libc.a(ctype_aeabi.o)
 .debug_aranges
                0x00000218       0x20 C:/APPS/Freescale/CW MCU v10.4/MCU/ARM_GCC_Support/ewl/lib/armv7e-m\libc.a(__strtoul.o)
 .debug_aranges
                0x00000238       0x20 C:/APPS/Freescale/CW MCU v10.4/MCU/ARM_GCC_Support/ewl/lib/armv7e-m\libc.a(__filll_mem.o)
 .debug_aranges
                0x00000258       0x20 C:/APPS/Freescale/CW MCU v10.4/MCU/ARM_GCC_Support/ewl/lib/armv7e-m\libc.a(memchr.o)
 .debug_aranges
                0x00000278       0x20 C:/APPS/Freescale/CW MCU v10.4/MCU/ARM_GCC_Support/ewl/lib/armv7e-m\libc.a(strchr.o)
 .debug_aranges
                0x00000298       0x28 C:/APPS/Freescale/CW MCU v10.4/MCU/ARM_GCC_Support/ewl/lib/armv7e-m\librt.a(gcc_ctor_dtor.o)
 .debug_aranges
                0x000002c0       0x30 C:/APPS/Freescale/CW MCU v10.4/MCU/ARM_GCC_Support/ewl/lib/armv7e-m\librt.a(ROMCopy.o)
 .debug_aranges
                0x000002f0       0x58 C:/APPS/Freescale/CW MCU v10.4/MCU/ARM_GCC_Support/ewl/lib/armv7e-m\librt.a(__arm_eabi_init.o)

.debug_macinfo  0x00000000    0xbce5c
 .debug_macinfo
                0x00000000    0x3c903 ./Project_Settings/Startup_Code/kinetis_sysinit.o
 .debug_macinfo
                0x0003c903     0x3f3e ./Project_Settings/Startup_Code/__arm_start.o
 .debug_macinfo
                0x00040841     0x3527 ./Project_Settings/Startup_Code/__arm_end.o
 .debug_macinfo
                0x00043d68    0x3c9b2 ./Sources/main.o
 .debug_macinfo
                0x0008071a    0x3c742 ./Sources/clock.o

.debug_line     0x00000000     0x1a19
 .debug_line    0x00000000      0x2ee ./Project_Settings/Startup_Code/kinetis_sysinit.o
 .debug_line    0x000002ee      0x28d ./Project_Settings/Startup_Code/__arm_start.o
 .debug_line    0x0000057b      0x27a ./Project_Settings/Startup_Code/__arm_end.o
 .debug_line    0x000007f5      0x234 ./Sources/main.o
 .debug_line    0x00000a29      0x1e9 ./Sources/clock.o
 .debug_line    0x00000c12       0x94 C:/APPS/Freescale/CW MCU v10.4/MCU/ARM_GCC_Support/ewl/lib/armv7e-m\libc.a(exit.o)
 .debug_line    0x00000ca6       0x8f C:/APPS/Freescale/CW MCU v10.4/MCU/ARM_GCC_Support/ewl/lib/armv7e-m\libc.a(memset.o)
 .debug_line    0x00000d35       0x83 C:/APPS/Freescale/CW MCU v10.4/MCU/ARM_GCC_Support/ewl/lib/armv7e-m\libc.a(strlen.o)
 .debug_line    0x00000db8      0x2b4 C:/APPS/Freescale/CW MCU v10.4/MCU/ARM_GCC_Support/ewl/lib/armv7e-m\libc.a(printformat_.o)
 .debug_line    0x0000106c      0x2df C:/APPS/Freescale/CW MCU v10.4/MCU/ARM_GCC_Support/ewl/lib/armv7e-m\libc.a(scanformat_.o)
 .debug_line    0x0000134b      0x1a9 C:/APPS/Freescale/CW MCU v10.4/MCU/ARM_GCC_Support/ewl/lib/armv7e-m\libc.a(ctype_aeabi.o)
 .debug_line    0x000014f4      0x11b C:/APPS/Freescale/CW MCU v10.4/MCU/ARM_GCC_Support/ewl/lib/armv7e-m\libc.a(__strtoul.o)
 .debug_line    0x0000160f       0xcd C:/APPS/Freescale/CW MCU v10.4/MCU/ARM_GCC_Support/ewl/lib/armv7e-m\libc.a(__filll_mem.o)
 .debug_line    0x000016dc       0x9f C:/APPS/Freescale/CW MCU v10.4/MCU/ARM_GCC_Support/ewl/lib/armv7e-m\libc.a(memchr.o)
 .debug_line    0x0000177b       0x7d C:/APPS/Freescale/CW MCU v10.4/MCU/ARM_GCC_Support/ewl/lib/armv7e-m\libc.a(strchr.o)
 .debug_line    0x000017f8       0x67 C:/APPS/Freescale/CW MCU v10.4/MCU/ARM_GCC_Support/ewl/lib/armv7e-m\librt.a(gcc_ctor_dtor.o)
 .debug_line    0x0000185f       0xa9 C:/APPS/Freescale/CW MCU v10.4/MCU/ARM_GCC_Support/ewl/lib/armv7e-m\librt.a(ROMCopy.o)
 .debug_line    0x00001908      0x111 C:/APPS/Freescale/CW MCU v10.4/MCU/ARM_GCC_Support/ewl/lib/armv7e-m\librt.a(__arm_eabi_init.o)

.debug_str      0x00000000     0x11a7
 .debug_str     0x00000000      0x2d8 ./Project_Settings/Startup_Code/kinetis_sysinit.o
                                0x323 (size before relaxing)
 .debug_str     0x000002d8       0x85 ./Project_Settings/Startup_Code/__arm_start.o
                                0x181 (size before relaxing)
 .debug_str     0x0000035d       0x41 ./Project_Settings/Startup_Code/__arm_end.o
                                 0xb8 (size before relaxing)
 .debug_str     0x0000039e      0x51c ./Sources/main.o
                                0x62d (size before relaxing)
 .debug_str     0x000008ba       0x80 ./Sources/clock.o
                                0x241 (size before relaxing)
 .debug_str     0x0000093a       0x5a C:/APPS/Freescale/CW MCU v10.4/MCU/ARM_GCC_Support/ewl/lib/armv7e-m\libc.a(exit.o)
                                0x157 (size before relaxing)
 .debug_str     0x00000994       0x23 C:/APPS/Freescale/CW MCU v10.4/MCU/ARM_GCC_Support/ewl/lib/armv7e-m\libc.a(memset.o)
                                0x140 (size before relaxing)
 .debug_str     0x000009b7       0x24 C:/APPS/Freescale/CW MCU v10.4/MCU/ARM_GCC_Support/ewl/lib/armv7e-m\libc.a(strlen.o)
                                0x140 (size before relaxing)
 .debug_str     0x000009db      0x233 C:/APPS/Freescale/CW MCU v10.4/MCU/ARM_GCC_Support/ewl/lib/armv7e-m\libc.a(printformat_.o)
                                0x3b3 (size before relaxing)
 .debug_str     0x00000c0e      0x17f C:/APPS/Freescale/CW MCU v10.4/MCU/ARM_GCC_Support/ewl/lib/armv7e-m\libc.a(scanformat_.o)
                                0x3f9 (size before relaxing)
 .debug_str     0x00000d8d       0x9d C:/APPS/Freescale/CW MCU v10.4/MCU/ARM_GCC_Support/ewl/lib/armv7e-m\libc.a(ctype_aeabi.o)
                                0x1bc (size before relaxing)
 .debug_str     0x00000e2a       0x61 C:/APPS/Freescale/CW MCU v10.4/MCU/ARM_GCC_Support/ewl/lib/armv7e-m\libc.a(__strtoul.o)
                                0x1fb (size before relaxing)
 .debug_str     0x00000e8b       0x25 C:/APPS/Freescale/CW MCU v10.4/MCU/ARM_GCC_Support/ewl/lib/armv7e-m\libc.a(__filll_mem.o)
                                0x152 (size before relaxing)
 .debug_str     0x00000eb0       0x1c C:/APPS/Freescale/CW MCU v10.4/MCU/ARM_GCC_Support/ewl/lib/armv7e-m\libc.a(memchr.o)
                                0x148 (size before relaxing)
 .debug_str     0x00000ecc       0x1c C:/APPS/Freescale/CW MCU v10.4/MCU/ARM_GCC_Support/ewl/lib/armv7e-m\libc.a(strchr.o)
                                0x137 (size before relaxing)
 .debug_str     0x00000ee8      0x126 C:/APPS/Freescale/CW MCU v10.4/MCU/ARM_GCC_Support/ewl/lib/armv7e-m\librt.a(gcc_ctor_dtor.o)
                                0x181 (size before relaxing)
 .debug_str     0x0000100e       0xa1 C:/APPS/Freescale/CW MCU v10.4/MCU/ARM_GCC_Support/ewl/lib/armv7e-m\librt.a(ROMCopy.o)
                                0x13c (size before relaxing)
 .debug_str     0x000010af       0xf8 C:/APPS/Freescale/CW MCU v10.4/MCU/ARM_GCC_Support/ewl/lib/armv7e-m\librt.a(__arm_eabi_init.o)
                                0x1b5 (size before relaxing)

.comment        0x00000000       0x79
 .comment       0x00000000       0x79 ./Project_Settings/Startup_Code/kinetis_sysinit.o
                                 0x7a (size before relaxing)
 .comment       0x00000000       0x7a ./Project_Settings/Startup_Code/__arm_start.o
 .comment       0x00000000       0x7a ./Project_Settings/Startup_Code/__arm_end.o
 .comment       0x00000000       0x7a ./Sources/main.o
 .comment       0x00000000       0x7a ./Sources/clock.o
 .comment       0x00000000       0x7a C:/APPS/Freescale/CW MCU v10.4/MCU/ARM_GCC_Support/ewl/lib/armv7e-m\libc.a(exit.o)
 .comment       0x00000000       0x7a C:/APPS/Freescale/CW MCU v10.4/MCU/ARM_GCC_Support/ewl/lib/armv7e-m\libc.a(memset.o)
 .comment       0x00000000       0x7a C:/APPS/Freescale/CW MCU v10.4/MCU/ARM_GCC_Support/ewl/lib/armv7e-m\libc.a(strlen.o)
 .comment       0x00000000       0x7a C:/APPS/Freescale/CW MCU v10.4/MCU/ARM_GCC_Support/ewl/lib/armv7e-m\libc.a(printformat_.o)
 .comment       0x00000000       0x7a C:/APPS/Freescale/CW MCU v10.4/MCU/ARM_GCC_Support/ewl/lib/armv7e-m\libc.a(scanformat_.o)
 .comment       0x00000000       0x7a C:/APPS/Freescale/CW MCU v10.4/MCU/ARM_GCC_Support/ewl/lib/armv7e-m\libc.a(ctype_aeabi.o)
 .comment       0x00000000       0x7a C:/APPS/Freescale/CW MCU v10.4/MCU/ARM_GCC_Support/ewl/lib/armv7e-m\libc.a(__strtoul.o)
 .comment       0x00000000       0x7a C:/APPS/Freescale/CW MCU v10.4/MCU/ARM_GCC_Support/ewl/lib/armv7e-m\libc.a(__filll_mem.o)
 .comment       0x00000000       0x7a C:/APPS/Freescale/CW MCU v10.4/MCU/ARM_GCC_Support/ewl/lib/armv7e-m\libc.a(memchr.o)
 .comment       0x00000000       0x7a C:/APPS/Freescale/CW MCU v10.4/MCU/ARM_GCC_Support/ewl/lib/armv7e-m\libc.a(strchr.o)
 .comment       0x00000000       0x7a C:/APPS/Freescale/CW MCU v10.4/MCU/ARM_GCC_Support/ewl/lib/armv7e-m\librt.a(gcc_ctor_dtor.o)
 .comment       0x00000000       0x7a C:/APPS/Freescale/CW MCU v10.4/MCU/ARM_GCC_Support/ewl/lib/armv7e-m\librt.a(ROMCopy.o)
 .comment       0x00000000       0x7a C:/APPS/Freescale/CW MCU v10.4/MCU/ARM_GCC_Support/ewl/lib/armv7e-m\librt.a(__arm_eabi_init.o)

.debug_frame    0x00000000      0x598
 .debug_frame   0x00000000       0x80 ./Project_Settings/Startup_Code/kinetis_sysinit.o
 .debug_frame   0x00000080       0x4c ./Project_Settings/Startup_Code/__arm_start.o
 .debug_frame   0x000000cc       0x2c ./Project_Settings/Startup_Code/__arm_end.o
 .debug_frame   0x000000f8       0x9c ./Sources/main.o
 .debug_frame   0x00000194       0x28 ./Sources/clock.o
 .debug_frame   0x000001bc       0x28 C:/APPS/Freescale/CW MCU v10.4/MCU/ARM_GCC_Support/ewl/lib/armv7e-m\libc.a(exit.o)
 .debug_frame   0x000001e4       0x28 C:/APPS/Freescale/CW MCU v10.4/MCU/ARM_GCC_Support/ewl/lib/armv7e-m\libc.a(memset.o)
 .debug_frame   0x0000020c       0x20 C:/APPS/Freescale/CW MCU v10.4/MCU/ARM_GCC_Support/ewl/lib/armv7e-m\libc.a(strlen.o)
 .debug_frame   0x0000022c       0x64 C:/APPS/Freescale/CW MCU v10.4/MCU/ARM_GCC_Support/ewl/lib/armv7e-m\libc.a(printformat_.o)
 .debug_frame   0x00000290       0x3c C:/APPS/Freescale/CW MCU v10.4/MCU/ARM_GCC_Support/ewl/lib/armv7e-m\libc.a(scanformat_.o)
 .debug_frame   0x000002cc       0xf0 C:/APPS/Freescale/CW MCU v10.4/MCU/ARM_GCC_Support/ewl/lib/armv7e-m\libc.a(ctype_aeabi.o)
 .debug_frame   0x000003bc       0x3c C:/APPS/Freescale/CW MCU v10.4/MCU/ARM_GCC_Support/ewl/lib/armv7e-m\libc.a(__strtoul.o)
 .debug_frame   0x000003f8       0x2c C:/APPS/Freescale/CW MCU v10.4/MCU/ARM_GCC_Support/ewl/lib/armv7e-m\libc.a(__filll_mem.o)
 .debug_frame   0x00000424       0x20 C:/APPS/Freescale/CW MCU v10.4/MCU/ARM_GCC_Support/ewl/lib/armv7e-m\libc.a(memchr.o)
 .debug_frame   0x00000444       0x20 C:/APPS/Freescale/CW MCU v10.4/MCU/ARM_GCC_Support/ewl/lib/armv7e-m\libc.a(strchr.o)
 .debug_frame   0x00000464       0x40 C:/APPS/Freescale/CW MCU v10.4/MCU/ARM_GCC_Support/ewl/lib/armv7e-m\librt.a(gcc_ctor_dtor.o)
 .debug_frame   0x000004a4       0x48 C:/APPS/Freescale/CW MCU v10.4/MCU/ARM_GCC_Support/ewl/lib/armv7e-m\librt.a(ROMCopy.o)
 .debug_frame   0x000004ec       0xac C:/APPS/Freescale/CW MCU v10.4/MCU/ARM_GCC_Support/ewl/lib/armv7e-m\librt.a(__arm_eabi_init.o)
