Archive member included because of file (symbol)

C:/APPS/Freescale/CW MCU v10.4/MCU/ARM_GCC_Support/ewl/lib/armv7e-m\libc.a(printf.o)
                              ./Sources/T6_Main.o (printf)
C:/APPS/Freescale/CW MCU v10.4/MCU/ARM_GCC_Support/ewl/lib/armv7e-m\libc.a(exit.o)
                              ./Project_Settings/Startup_Code/__arm_start.o (exit)
C:/APPS/Freescale/CW MCU v10.4/MCU/ARM_GCC_Support/ewl/lib/armv7e-m\libc.a(memset.o)
                              ./Project_Settings/Startup_Code/__arm_start.o (memset)
C:/APPS/Freescale/CW MCU v10.4/MCU/ARM_GCC_Support/ewl/lib/armv7e-m\libc.a(printformat_.o)
                              (__pformatter_)
C:/APPS/Freescale/CW MCU v10.4/MCU/ARM_GCC_Support/ewl/lib/armv7e-m\libc.a(scanformat_.o)
                              (__sformatter)
C:/APPS/Freescale/CW MCU v10.4/MCU/ARM_GCC_Support/ewl/lib/armv7e-m\libc.a(ctype_aeabi.o)
                              C:/APPS/Freescale/CW MCU v10.4/MCU/ARM_GCC_Support/ewl/lib/armv7e-m\libc.a(scanformat_.o) (isspace)
C:/APPS/Freescale/CW MCU v10.4/MCU/ARM_GCC_Support/ewl/lib/armv7e-m\libc.a(ansi_files.o)
                              C:/APPS/Freescale/CW MCU v10.4/MCU/ARM_GCC_Support/ewl/lib/armv7e-m\libc.a(printf.o) (__files)
C:/APPS/Freescale/CW MCU v10.4/MCU/ARM_GCC_Support/ewl/lib/armv7e-m\libc.a(fflush.o)
                              C:/APPS/Freescale/CW MCU v10.4/MCU/ARM_GCC_Support/ewl/lib/armv7e-m\libc.a(ansi_files.o) (fflush)
C:/APPS/Freescale/CW MCU v10.4/MCU/ARM_GCC_Support/ewl/lib/armv7e-m\libc.a(fwrite.o)
                              C:/APPS/Freescale/CW MCU v10.4/MCU/ARM_GCC_Support/ewl/lib/armv7e-m\libc.a(printf.o) (__FileWrite)
C:/APPS/Freescale/CW MCU v10.4/MCU/ARM_GCC_Support/ewl/lib/armv7e-m\libc.a(__strtoul.o)
                              C:/APPS/Freescale/CW MCU v10.4/MCU/ARM_GCC_Support/ewl/lib/armv7e-m\libc.a(scanformat_.o) (__strtoul)
C:/APPS/Freescale/CW MCU v10.4/MCU/ARM_GCC_Support/ewl/lib/armv7e-m\libc.a(__filll_mem.o)
                              C:/APPS/Freescale/CW MCU v10.4/MCU/ARM_GCC_Support/ewl/lib/armv7e-m\libc.a(memset.o) (__fill_mem)
C:/APPS/Freescale/CW MCU v10.4/MCU/ARM_GCC_Support/ewl/lib/armv7e-m\libc.a(__memrchr.o)
                              C:/APPS/Freescale/CW MCU v10.4/MCU/ARM_GCC_Support/ewl/lib/armv7e-m\libc.a(fwrite.o) (__memrchr)
C:/APPS/Freescale/CW MCU v10.4/MCU/ARM_GCC_Support/ewl/lib/armv7e-m\libc.a(memchr.o)
                              C:/APPS/Freescale/CW MCU v10.4/MCU/ARM_GCC_Support/ewl/lib/armv7e-m\libc.a(printformat_.o) (memchr)
C:/APPS/Freescale/CW MCU v10.4/MCU/ARM_GCC_Support/ewl/lib/armv7e-m\libc.a(memcpy.o)
                              C:/APPS/Freescale/CW MCU v10.4/MCU/ARM_GCC_Support/ewl/lib/armv7e-m\libc.a(fwrite.o) (memcpy)
C:/APPS/Freescale/CW MCU v10.4/MCU/ARM_GCC_Support/ewl/lib/armv7e-m\libc.a(strchr.o)
                              C:/APPS/Freescale/CW MCU v10.4/MCU/ARM_GCC_Support/ewl/lib/armv7e-m\libc.a(printformat_.o) (strchr)
C:/APPS/Freescale/CW MCU v10.4/MCU/ARM_GCC_Support/ewl/lib/armv7e-m\libc.a(strlen.o)
                              C:/APPS/Freescale/CW MCU v10.4/MCU/ARM_GCC_Support/ewl/lib/armv7e-m\libc.a(printformat_.o) (strlen)
C:/APPS/Freescale/CW MCU v10.4/MCU/ARM_GCC_Support/ewl/lib/armv7e-m\libc.a(__buffer_io.o)
                              C:/APPS/Freescale/CW MCU v10.4/MCU/ARM_GCC_Support/ewl/lib/armv7e-m\libc.a(fwrite.o) (__prep_buffer)
C:/APPS/Freescale/CW MCU v10.4/MCU/ARM_GCC_Support/ewl/lib/armv7e-m\librt.a(gcc_ctor_dtor.o)
                              ./Project_Settings/Startup_Code/__arm_start.o (__init_cpp)
C:/APPS/Freescale/CW MCU v10.4/MCU/ARM_GCC_Support/ewl/lib/armv7e-m\librt.a(ROMCopy.o)
                              ./Project_Settings/Startup_Code/__arm_start.o (__copy_rom_sections_to_ram)
C:/APPS/Freescale/CW MCU v10.4/MCU/ARM_GCC_Support/ewl/lib/armv7e-m\librt.a(__arm_eabi_init.o)
                              C:/APPS/Freescale/CW MCU v10.4/MCU/ARM_GCC_Support/ewl/lib/armv7e-m\libc.a(exit.o) (__destroy_global_chain)

Allocating common symbols
Common symbol       size              file

secondBuffer        0x190             ./Sources/PIT.o
stdout_buff         0x40              C:/APPS/Freescale/CW MCU v10.4/MCU/ARM_GCC_Support/ewl/lib/armv7e-m\libc.a(ansi_files.o)
currentFunction     0x190             ./Sources/display.o
firstBuffer         0x190             ./Sources/PIT.o
lastFunction        0x190             ./Sources/display.o
stdin_buff          0x40              C:/APPS/Freescale/CW MCU v10.4/MCU/ARM_GCC_Support/ewl/lib/armv7e-m\libc.a(ansi_files.o)
stderr_buff         0x40              C:/APPS/Freescale/CW MCU v10.4/MCU/ARM_GCC_Support/ewl/lib/armv7e-m\libc.a(ansi_files.o)

Discarded input sections

 .text          0x00000000        0x0 ./Project_Settings/Startup_Code/kinetis_sysinit.o
 .data          0x00000000        0x0 ./Project_Settings/Startup_Code/kinetis_sysinit.o
 .bss           0x00000000        0x0 ./Project_Settings/Startup_Code/kinetis_sysinit.o
 .text          0x00000000        0x0 ./Project_Settings/Startup_Code/__arm_start.o
 .data          0x00000000        0x0 ./Project_Settings/Startup_Code/__arm_start.o
 .bss           0x00000000        0x0 ./Project_Settings/Startup_Code/__arm_start.o
 .text.__iar_program_start
                0x00000000        0x4 ./Project_Settings/Startup_Code/__arm_start.o
 .text          0x00000000        0x0 ./Project_Settings/Startup_Code/__arm_end.o
 .data          0x00000000        0x0 ./Project_Settings/Startup_Code/__arm_end.o
 .bss           0x00000000        0x0 ./Project_Settings/Startup_Code/__arm_end.o
 .text          0x00000000        0x0 ./Sources/uart.o
 .data          0x00000000        0x0 ./Sources/uart.o
 .bss           0x00000000        0x0 ./Sources/uart.o
 .text          0x00000000        0x0 ./Sources/timer.o
 .data          0x00000000        0x0 ./Sources/timer.o
 .bss           0x00000000        0x0 ./Sources/timer.o
 .text          0x00000000        0x0 ./Sources/nokia_LCD.o
 .data          0x00000000        0x0 ./Sources/nokia_LCD.o
 .bss           0x00000000        0x0 ./Sources/nokia_LCD.o
 .text.lcdPwmOff
                0x00000000       0x18 ./Sources/nokia_LCD.o
 .text.lcd_write130x130bmp
                0x00000000       0x9c ./Sources/nokia_LCD.o
 .text.lcd_drawRect
                0x00000000      0x144 ./Sources/nokia_LCD.o
 .text          0x00000000        0x0 ./Sources/menu.o
 .data          0x00000000        0x0 ./Sources/menu.o
 .bss           0x00000000        0x0 ./Sources/menu.o
 .text          0x00000000        0x0 ./Sources/lcd_spi.o
 .data          0x00000000        0x0 ./Sources/lcd_spi.o
 .bss           0x00000000        0x0 ./Sources/lcd_spi.o
 .text          0x00000000        0x0 ./Sources/lcd_fonts.o
 .data          0x00000000        0x0 ./Sources/lcd_fonts.o
 .bss           0x00000000        0x0 ./Sources/lcd_fonts.o
 .text          0x00000000        0x0 ./Sources/display.o
 .data          0x00000000        0x0 ./Sources/display.o
 .bss           0x00000000        0x0 ./Sources/display.o
 .text          0x00000000        0x0 ./Sources/clock.o
 .data          0x00000000        0x0 ./Sources/clock.o
 .bss           0x00000000        0x0 ./Sources/clock.o
 .text          0x00000000        0x0 ./Sources/T6_Main.o
 .data          0x00000000        0x0 ./Sources/T6_Main.o
 .bss           0x00000000        0x0 ./Sources/T6_Main.o
 .text          0x00000000        0x0 ./Sources/PIT.o
 .data          0x00000000        0x0 ./Sources/PIT.o
 .bss           0x00000000        0x0 ./Sources/PIT.o
 .text          0x00000000        0x0 ./Sources/Joystick.o
 .data          0x00000000        0x0 ./Sources/Joystick.o
 .bss           0x00000000        0x0 ./Sources/Joystick.o
 .text          0x00000000        0x0 ./Sources/ADC.o
 .data          0x00000000        0x0 ./Sources/ADC.o
 .bss           0x00000000        0x0 ./Sources/ADC.o
 .text          0x00000000        0x0 C:/APPS/Freescale/CW MCU v10.4/MCU/ARM_GCC_Support/ewl/lib/armv7e-m\libc.a(printf.o)
 .data          0x00000000        0x0 C:/APPS/Freescale/CW MCU v10.4/MCU/ARM_GCC_Support/ewl/lib/armv7e-m\libc.a(printf.o)
 .bss           0x00000000        0x0 C:/APPS/Freescale/CW MCU v10.4/MCU/ARM_GCC_Support/ewl/lib/armv7e-m\libc.a(printf.o)
 .text          0x00000000        0x0 C:/APPS/Freescale/CW MCU v10.4/MCU/ARM_GCC_Support/ewl/lib/armv7e-m\libc.a(exit.o)
 .data          0x00000000        0x0 C:/APPS/Freescale/CW MCU v10.4/MCU/ARM_GCC_Support/ewl/lib/armv7e-m\libc.a(exit.o)
 .bss           0x00000000        0x0 C:/APPS/Freescale/CW MCU v10.4/MCU/ARM_GCC_Support/ewl/lib/armv7e-m\libc.a(exit.o)
 .text          0x00000000        0x0 C:/APPS/Freescale/CW MCU v10.4/MCU/ARM_GCC_Support/ewl/lib/armv7e-m\libc.a(memset.o)
 .data          0x00000000        0x0 C:/APPS/Freescale/CW MCU v10.4/MCU/ARM_GCC_Support/ewl/lib/armv7e-m\libc.a(memset.o)
 .bss           0x00000000        0x0 C:/APPS/Freescale/CW MCU v10.4/MCU/ARM_GCC_Support/ewl/lib/armv7e-m\libc.a(memset.o)
 .text          0x00000000        0x0 C:/APPS/Freescale/CW MCU v10.4/MCU/ARM_GCC_Support/ewl/lib/armv7e-m\libc.a(printformat_.o)
 .data          0x00000000        0x0 C:/APPS/Freescale/CW MCU v10.4/MCU/ARM_GCC_Support/ewl/lib/armv7e-m\libc.a(printformat_.o)
 .bss           0x00000000        0x0 C:/APPS/Freescale/CW MCU v10.4/MCU/ARM_GCC_Support/ewl/lib/armv7e-m\libc.a(printformat_.o)
 .text          0x00000000        0x0 C:/APPS/Freescale/CW MCU v10.4/MCU/ARM_GCC_Support/ewl/lib/armv7e-m\libc.a(scanformat_.o)
 .data          0x00000000        0x0 C:/APPS/Freescale/CW MCU v10.4/MCU/ARM_GCC_Support/ewl/lib/armv7e-m\libc.a(scanformat_.o)
 .bss           0x00000000        0x0 C:/APPS/Freescale/CW MCU v10.4/MCU/ARM_GCC_Support/ewl/lib/armv7e-m\libc.a(scanformat_.o)
 .text          0x00000000        0x0 C:/APPS/Freescale/CW MCU v10.4/MCU/ARM_GCC_Support/ewl/lib/armv7e-m\libc.a(ctype_aeabi.o)
 .data          0x00000000        0x0 C:/APPS/Freescale/CW MCU v10.4/MCU/ARM_GCC_Support/ewl/lib/armv7e-m\libc.a(ctype_aeabi.o)
 .bss           0x00000000        0x0 C:/APPS/Freescale/CW MCU v10.4/MCU/ARM_GCC_Support/ewl/lib/armv7e-m\libc.a(ctype_aeabi.o)
 .text.isalnum  0x00000000       0x18 C:/APPS/Freescale/CW MCU v10.4/MCU/ARM_GCC_Support/ewl/lib/armv7e-m\libc.a(ctype_aeabi.o)
 .text.iscntrl  0x00000000       0x1c C:/APPS/Freescale/CW MCU v10.4/MCU/ARM_GCC_Support/ewl/lib/armv7e-m\libc.a(ctype_aeabi.o)
 .text.isdigit  0x00000000        0xc C:/APPS/Freescale/CW MCU v10.4/MCU/ARM_GCC_Support/ewl/lib/armv7e-m\libc.a(ctype_aeabi.o)
 .text.isgraph  0x00000000       0x18 C:/APPS/Freescale/CW MCU v10.4/MCU/ARM_GCC_Support/ewl/lib/armv7e-m\libc.a(ctype_aeabi.o)
 .text.islower  0x00000000       0x1c C:/APPS/Freescale/CW MCU v10.4/MCU/ARM_GCC_Support/ewl/lib/armv7e-m\libc.a(ctype_aeabi.o)
 .text.isprint  0x00000000       0x18 C:/APPS/Freescale/CW MCU v10.4/MCU/ARM_GCC_Support/ewl/lib/armv7e-m\libc.a(ctype_aeabi.o)
 .text.ispunct  0x00000000       0x1c C:/APPS/Freescale/CW MCU v10.4/MCU/ARM_GCC_Support/ewl/lib/armv7e-m\libc.a(ctype_aeabi.o)
 .text.isupper  0x00000000       0x1c C:/APPS/Freescale/CW MCU v10.4/MCU/ARM_GCC_Support/ewl/lib/armv7e-m\libc.a(ctype_aeabi.o)
 .text.isxdigit
                0x00000000       0x1c C:/APPS/Freescale/CW MCU v10.4/MCU/ARM_GCC_Support/ewl/lib/armv7e-m\libc.a(ctype_aeabi.o)
 .text.isblank  0x00000000       0x28 C:/APPS/Freescale/CW MCU v10.4/MCU/ARM_GCC_Support/ewl/lib/armv7e-m\libc.a(ctype_aeabi.o)
 .text.tolower  0x00000000        0xc C:/APPS/Freescale/CW MCU v10.4/MCU/ARM_GCC_Support/ewl/lib/armv7e-m\libc.a(ctype_aeabi.o)
 .text          0x00000000        0x0 C:/APPS/Freescale/CW MCU v10.4/MCU/ARM_GCC_Support/ewl/lib/armv7e-m\libc.a(ansi_files.o)
 .data          0x00000000        0x0 C:/APPS/Freescale/CW MCU v10.4/MCU/ARM_GCC_Support/ewl/lib/armv7e-m\libc.a(ansi_files.o)
 .bss           0x00000000        0x0 C:/APPS/Freescale/CW MCU v10.4/MCU/ARM_GCC_Support/ewl/lib/armv7e-m\libc.a(ansi_files.o)
 .text.__flush_line_buffered_output_files
                0x00000000       0x3c C:/APPS/Freescale/CW MCU v10.4/MCU/ARM_GCC_Support/ewl/lib/armv7e-m\libc.a(ansi_files.o)
 .text.__flush_all
                0x00000000       0x30 C:/APPS/Freescale/CW MCU v10.4/MCU/ARM_GCC_Support/ewl/lib/armv7e-m\libc.a(ansi_files.o)
 .text          0x00000000        0x0 C:/APPS/Freescale/CW MCU v10.4/MCU/ARM_GCC_Support/ewl/lib/armv7e-m\libc.a(fflush.o)
 .data          0x00000000        0x0 C:/APPS/Freescale/CW MCU v10.4/MCU/ARM_GCC_Support/ewl/lib/armv7e-m\libc.a(fflush.o)
 .bss           0x00000000        0x0 C:/APPS/Freescale/CW MCU v10.4/MCU/ARM_GCC_Support/ewl/lib/armv7e-m\libc.a(fflush.o)
 .text.fflush   0x00000000       0x5c C:/APPS/Freescale/CW MCU v10.4/MCU/ARM_GCC_Support/ewl/lib/armv7e-m\libc.a(fflush.o)
 .debug_info    0x00000000      0x3e9 C:/APPS/Freescale/CW MCU v10.4/MCU/ARM_GCC_Support/ewl/lib/armv7e-m\libc.a(fflush.o)
 .debug_abbrev  0x00000000       0xf6 C:/APPS/Freescale/CW MCU v10.4/MCU/ARM_GCC_Support/ewl/lib/armv7e-m\libc.a(fflush.o)
 .debug_loc     0x00000000       0x54 C:/APPS/Freescale/CW MCU v10.4/MCU/ARM_GCC_Support/ewl/lib/armv7e-m\libc.a(fflush.o)
 .debug_aranges
                0x00000000       0x20 C:/APPS/Freescale/CW MCU v10.4/MCU/ARM_GCC_Support/ewl/lib/armv7e-m\libc.a(fflush.o)
 .debug_line    0x00000000       0xba C:/APPS/Freescale/CW MCU v10.4/MCU/ARM_GCC_Support/ewl/lib/armv7e-m\libc.a(fflush.o)
 .debug_str     0x00000000      0x39a C:/APPS/Freescale/CW MCU v10.4/MCU/ARM_GCC_Support/ewl/lib/armv7e-m\libc.a(fflush.o)
 .comment       0x00000000       0x7a C:/APPS/Freescale/CW MCU v10.4/MCU/ARM_GCC_Support/ewl/lib/armv7e-m\libc.a(fflush.o)
 .ARM.attributes
                0x00000000       0x33 C:/APPS/Freescale/CW MCU v10.4/MCU/ARM_GCC_Support/ewl/lib/armv7e-m\libc.a(fflush.o)
 .debug_frame   0x00000000       0x2c C:/APPS/Freescale/CW MCU v10.4/MCU/ARM_GCC_Support/ewl/lib/armv7e-m\libc.a(fflush.o)
 .text          0x00000000        0x0 C:/APPS/Freescale/CW MCU v10.4/MCU/ARM_GCC_Support/ewl/lib/armv7e-m\libc.a(fwrite.o)
 .data          0x00000000        0x0 C:/APPS/Freescale/CW MCU v10.4/MCU/ARM_GCC_Support/ewl/lib/armv7e-m\libc.a(fwrite.o)
 .bss           0x00000000        0x0 C:/APPS/Freescale/CW MCU v10.4/MCU/ARM_GCC_Support/ewl/lib/armv7e-m\libc.a(fwrite.o)
 .text.fwrite   0x00000000        0x4 C:/APPS/Freescale/CW MCU v10.4/MCU/ARM_GCC_Support/ewl/lib/armv7e-m\libc.a(fwrite.o)
 .text          0x00000000        0x0 C:/APPS/Freescale/CW MCU v10.4/MCU/ARM_GCC_Support/ewl/lib/armv7e-m\libc.a(__strtoul.o)
 .data          0x00000000        0x0 C:/APPS/Freescale/CW MCU v10.4/MCU/ARM_GCC_Support/ewl/lib/armv7e-m\libc.a(__strtoul.o)
 .bss           0x00000000        0x0 C:/APPS/Freescale/CW MCU v10.4/MCU/ARM_GCC_Support/ewl/lib/armv7e-m\libc.a(__strtoul.o)
 .text          0x00000000        0x0 C:/APPS/Freescale/CW MCU v10.4/MCU/ARM_GCC_Support/ewl/lib/armv7e-m\libc.a(__filll_mem.o)
 .data          0x00000000        0x0 C:/APPS/Freescale/CW MCU v10.4/MCU/ARM_GCC_Support/ewl/lib/armv7e-m\libc.a(__filll_mem.o)
 .bss           0x00000000        0x0 C:/APPS/Freescale/CW MCU v10.4/MCU/ARM_GCC_Support/ewl/lib/armv7e-m\libc.a(__filll_mem.o)
 .text          0x00000000        0x0 C:/APPS/Freescale/CW MCU v10.4/MCU/ARM_GCC_Support/ewl/lib/armv7e-m\libc.a(__memrchr.o)
 .data          0x00000000        0x0 C:/APPS/Freescale/CW MCU v10.4/MCU/ARM_GCC_Support/ewl/lib/armv7e-m\libc.a(__memrchr.o)
 .bss           0x00000000        0x0 C:/APPS/Freescale/CW MCU v10.4/MCU/ARM_GCC_Support/ewl/lib/armv7e-m\libc.a(__memrchr.o)
 .text          0x00000000        0x0 C:/APPS/Freescale/CW MCU v10.4/MCU/ARM_GCC_Support/ewl/lib/armv7e-m\libc.a(memchr.o)
 .data          0x00000000        0x0 C:/APPS/Freescale/CW MCU v10.4/MCU/ARM_GCC_Support/ewl/lib/armv7e-m\libc.a(memchr.o)
 .bss           0x00000000        0x0 C:/APPS/Freescale/CW MCU v10.4/MCU/ARM_GCC_Support/ewl/lib/armv7e-m\libc.a(memchr.o)
 .text          0x00000000        0x0 C:/APPS/Freescale/CW MCU v10.4/MCU/ARM_GCC_Support/ewl/lib/armv7e-m\libc.a(memcpy.o)
 .data          0x00000000        0x0 C:/APPS/Freescale/CW MCU v10.4/MCU/ARM_GCC_Support/ewl/lib/armv7e-m\libc.a(memcpy.o)
 .bss           0x00000000        0x0 C:/APPS/Freescale/CW MCU v10.4/MCU/ARM_GCC_Support/ewl/lib/armv7e-m\libc.a(memcpy.o)
 .text          0x00000000        0x0 C:/APPS/Freescale/CW MCU v10.4/MCU/ARM_GCC_Support/ewl/lib/armv7e-m\libc.a(strchr.o)
 .data          0x00000000        0x0 C:/APPS/Freescale/CW MCU v10.4/MCU/ARM_GCC_Support/ewl/lib/armv7e-m\libc.a(strchr.o)
 .bss           0x00000000        0x0 C:/APPS/Freescale/CW MCU v10.4/MCU/ARM_GCC_Support/ewl/lib/armv7e-m\libc.a(strchr.o)
 .text          0x00000000        0x0 C:/APPS/Freescale/CW MCU v10.4/MCU/ARM_GCC_Support/ewl/lib/armv7e-m\libc.a(strlen.o)
 .data          0x00000000        0x0 C:/APPS/Freescale/CW MCU v10.4/MCU/ARM_GCC_Support/ewl/lib/armv7e-m\libc.a(strlen.o)
 .bss           0x00000000        0x0 C:/APPS/Freescale/CW MCU v10.4/MCU/ARM_GCC_Support/ewl/lib/armv7e-m\libc.a(strlen.o)
 .text          0x00000000        0x0 C:/APPS/Freescale/CW MCU v10.4/MCU/ARM_GCC_Support/ewl/lib/armv7e-m\libc.a(__buffer_io.o)
 .data          0x00000000        0x0 C:/APPS/Freescale/CW MCU v10.4/MCU/ARM_GCC_Support/ewl/lib/armv7e-m\libc.a(__buffer_io.o)
 .bss           0x00000000        0x0 C:/APPS/Freescale/CW MCU v10.4/MCU/ARM_GCC_Support/ewl/lib/armv7e-m\libc.a(__buffer_io.o)
 .text.__load_buffer
                0x00000000       0x44 C:/APPS/Freescale/CW MCU v10.4/MCU/ARM_GCC_Support/ewl/lib/armv7e-m\libc.a(__buffer_io.o)
 .text          0x00000000        0x0 C:/APPS/Freescale/CW MCU v10.4/MCU/ARM_GCC_Support/ewl/lib/armv7e-m\librt.a(gcc_ctor_dtor.o)
 .data          0x00000000        0x0 C:/APPS/Freescale/CW MCU v10.4/MCU/ARM_GCC_Support/ewl/lib/armv7e-m\librt.a(gcc_ctor_dtor.o)
 .bss           0x00000000        0x0 C:/APPS/Freescale/CW MCU v10.4/MCU/ARM_GCC_Support/ewl/lib/armv7e-m\librt.a(gcc_ctor_dtor.o)
 .bss.__dso_handle
                0x00000000        0x4 C:/APPS/Freescale/CW MCU v10.4/MCU/ARM_GCC_Support/ewl/lib/armv7e-m\librt.a(gcc_ctor_dtor.o)
 .text          0x00000000        0x0 C:/APPS/Freescale/CW MCU v10.4/MCU/ARM_GCC_Support/ewl/lib/armv7e-m\librt.a(ROMCopy.o)
 .data          0x00000000        0x0 C:/APPS/Freescale/CW MCU v10.4/MCU/ARM_GCC_Support/ewl/lib/armv7e-m\librt.a(ROMCopy.o)
 .bss           0x00000000        0x0 C:/APPS/Freescale/CW MCU v10.4/MCU/ARM_GCC_Support/ewl/lib/armv7e-m\librt.a(ROMCopy.o)
 .text.__flush_cache
                0x00000000        0x2 C:/APPS/Freescale/CW MCU v10.4/MCU/ARM_GCC_Support/ewl/lib/armv7e-m\librt.a(ROMCopy.o)
 .text          0x00000000        0x0 C:/APPS/Freescale/CW MCU v10.4/MCU/ARM_GCC_Support/ewl/lib/armv7e-m\librt.a(__arm_eabi_init.o)
 .data          0x00000000        0x0 C:/APPS/Freescale/CW MCU v10.4/MCU/ARM_GCC_Support/ewl/lib/armv7e-m\librt.a(__arm_eabi_init.o)
 .bss           0x00000000        0x0 C:/APPS/Freescale/CW MCU v10.4/MCU/ARM_GCC_Support/ewl/lib/armv7e-m\librt.a(__arm_eabi_init.o)
 .text.__register_global_object
                0x00000000       0x14 C:/APPS/Freescale/CW MCU v10.4/MCU/ARM_GCC_Support/ewl/lib/armv7e-m\librt.a(__arm_eabi_init.o)
 .text.__cxa_atexit
                0x00000000       0x38 C:/APPS/Freescale/CW MCU v10.4/MCU/ARM_GCC_Support/ewl/lib/armv7e-m\librt.a(__arm_eabi_init.o)
 .text.__aeabi_atexit
                0x00000000        0xa C:/APPS/Freescale/CW MCU v10.4/MCU/ARM_GCC_Support/ewl/lib/armv7e-m\librt.a(__arm_eabi_init.o)
 .text.__register_atexit
                0x00000000        0x8 C:/APPS/Freescale/CW MCU v10.4/MCU/ARM_GCC_Support/ewl/lib/armv7e-m\librt.a(__arm_eabi_init.o)
 .text.__init_hardware
                0x00000000        0x4 C:/APPS/Freescale/CW MCU v10.4/MCU/ARM_GCC_Support/ewl/lib/armv7e-m\librt.a(__arm_eabi_init.o)
 .bss.atexit_curr_func
                0x00000000        0x4 C:/APPS/Freescale/CW MCU v10.4/MCU/ARM_GCC_Support/ewl/lib/armv7e-m\librt.a(__arm_eabi_init.o)
 .bss.atexit_funcs
                0x00000000      0x300 C:/APPS/Freescale/CW MCU v10.4/MCU/ARM_GCC_Support/ewl/lib/armv7e-m\librt.a(__arm_eabi_init.o)

Memory Configuration

Name             Origin             Length             Attributes
m_interrupts     0x00000000         0x000000f8         xr
m_cfmprotrom     0x00000400         0x00000010         xr
m_text           0x00000800         0x0001f800         xr
m_data           0x1fffe000         0x00002000         xrw
m_data2          0x20000000         0x00002000         xrw
*default*        0x00000000         0xffffffff

Linker script and memory map

LOAD ./Project_Settings/Startup_Code/kinetis_sysinit.o
LOAD ./Project_Settings/Startup_Code/__arm_start.o
LOAD ./Project_Settings/Startup_Code/__arm_end.o
LOAD ./Sources/uart.o
LOAD ./Sources/timer.o
LOAD ./Sources/nokia_LCD.o
LOAD ./Sources/menu.o
LOAD ./Sources/lcd_spi.o
LOAD ./Sources/lcd_fonts.o
LOAD ./Sources/display.o
LOAD ./Sources/clock.o
LOAD ./Sources/T6_Main.o
LOAD ./Sources/PIT.o
LOAD ./Sources/Joystick.o
LOAD ./Sources/ADC.o
                0x00003488                __pformatter = __pformatter_
                [0x00003880]                __sformatter = __sformatter
START GROUP
LOAD C:/APPS/Freescale/CW MCU v10.4/MCU/ARM_GCC_Support/ewl/lib/armv7e-m\libc.a
LOAD C:/APPS/Freescale/CW MCU v10.4/MCU/ARM_GCC_Support/ewl/lib/armv7e-m\libm.a
LOAD c:/apps/freescale/cw mcu v10.4/cross_tools/arm-none-eabi-gcc-4_7_3/bin/../lib/gcc/arm-none-eabi/4.7.3/armv7e-m\libgcc.a
LOAD C:/APPS/Freescale/CW MCU v10.4/MCU/ARM_GCC_Support/ewl/lib/armv7e-m\librt.a
LOAD C:/APPS/Freescale/CW MCU v10.4/MCU/ARM_GCC_Support/ewl/lib/armv7e-m\libuart.a
END GROUP
                0x20000000                _estack = 0x20000000
                0x20000000                __SP_INIT = _estack
                0x00000400                __heap_size = 0x400
                0x00000400                __stack_size = 0x400

.interrupts     0x00000000       0xf8
                0x00000000                __vector_table = .
                0x00000000                . = ALIGN (0x4)
 *(.vectortable)
 .vectortable   0x00000000       0xf8 ./Project_Settings/Startup_Code/kinetis_sysinit.o
                0x00000000                InterruptVector
                0x000000f8                . = ALIGN (0x4)

.cfmprotect     0x00000400        0x0
                0x00000400                . = ALIGN (0x4)
 *(.cfmconfig)
                0x00000400                . = ALIGN (0x4)

.text           0x00000800     0x4c18
                0x00000800                . = ALIGN (0x4)
 *(.text)
 *(.text*)
 .text.HardFault_Handler
                0x00000800       0x14 ./Project_Settings/Startup_Code/kinetis_sysinit.o
                0x00000800                HardFault_Handler
 .text._HardFault_Handler
                0x00000814        0xc ./Project_Settings/Startup_Code/kinetis_sysinit.o
                0x00000814                _HardFault_Handler
 .text.Default_Handler
                0x00000820        0xc ./Project_Settings/Startup_Code/kinetis_sysinit.o
                0x00000820                RTC_Alarm_IRQHandler
                0x00000820                DebugMon_Handler
                0x00000820                I2C0_IRQHandler
                0x00000820                SysTick_Handler
                0x00000820                PendSV_Handler
                0x00000820                NMI_Handler
                0x00000820                DMA2_IRQHandler
                0x00000820                LLWU_IRQHandler
                0x00000820                TSI0_IRQHandler
                0x00000820                SWI_IRQHandler
                0x00000820                ADC0_IRQHandler
                0x00000820                UsageFault_Handler
                0x00000820                I2S0_Tx_IRQHandler
                0x00000820                CMT_IRQHandler
                0x00000820                CMP1_IRQHandler
                0x00000820                PORTD_IRQHandler
                0x00000820                PORTB_IRQHandler
                0x00000820                I2S0_Rx_IRQHandler
                0x00000820                PDB0_IRQHandler
                0x00000820                FTM1_IRQHandler
                0x00000820                UART0_RxTx_IRQHandler
                0x00000820                PIT_Ch3_IRQHandler
                0x00000820                RTC_Seconds_IRQHandler
                0x00000820                MCG_IRQHandler
                0x00000820                Default_Handler
                0x00000820                USBDCD_IRQHandler
                0x00000820                UART0_Error_IRQHandler
                0x00000820                UART1_RxTx_IRQHandler
                0x00000820                MemManage_Handler
                0x00000820                SVC_Handler
                0x00000820                USBOTG_IRQHandler
                0x00000820                DMA3_IRQHandler
                0x00000820                UART0_LON_IRQHandler
                0x00000820                DMA0_IRQHandler
                0x00000820                UART1_Error_IRQHandler
                0x00000820                UART2_Error_IRQHandler
                0x00000820                UART2_RxTx_IRQHandler
                0x00000820                FTFL_Command_IRQHandler
                0x00000820                PMC_IRQHandler
                0x00000820                DMA_Error_IRQHandler
                0x00000820                SPI0_IRQHandler
                0x00000820                FTM0_IRQHandler
                0x00000820                PORTA_IRQHandler
                0x00000820                FTFL_Collision_IRQHandler
                0x00000820                PORTE_IRQHandler
                0x00000820                WDOG_IRQHandler
                0x00000820                PIT_Ch1_IRQHandler
                0x00000820                LPTMR0_IRQHandler
                0x00000820                BusFault_Handler
                0x00000820                CMP0_IRQHandler
                0x00000820                PIT_Ch2_IRQHandler
                0x00000820                PORTC_IRQHandler
                0x00000820                DMA1_IRQHandler
 .text.__init_hardware
                0x0000082c       0x44 ./Project_Settings/Startup_Code/kinetis_sysinit.o
                0x0000082c                __init_hardware
 .text.zero_fill_bss
                0x00000870       0x2c ./Project_Settings/Startup_Code/__arm_start.o
 .text.__thumb_startup
                0x0000089c       0x30 ./Project_Settings/Startup_Code/__arm_start.o
                0x0000089c                __thumb_startup
 .text._ExitProcess
                0x000008cc        0xc ./Project_Settings/Startup_Code/__arm_end.o
                0x000008cc                _ExitProcess
 .text.InitializeUART
                0x000008d8      0x198 ./Sources/uart.o
                0x000008d8                InitializeUART
 .text.WriteUARTN
                0x00000a70       0x38 ./Sources/uart.o
                0x00000a70                WriteUARTN
 .text.ReadUARTN
                0x00000aa8       0x30 ./Sources/uart.o
                0x00000aa8                ReadUARTN
 .text.__write_console
                0x00000ad8       0x88 ./Sources/uart.o
                0x00000ad8                __write_console
 .text.__read_console
                0x00000b60       0x64 ./Sources/uart.o
                0x00000b60                __read_console
 .text.__close_console
                0x00000bc4       0x18 ./Sources/uart.o
                0x00000bc4                __close_console
 .text.millisecondTimerWait
                0x00000bdc       0xb4 ./Sources/timer.o
                0x00000bdc                millisecondTimerWait
 .text.timer_initialise
                0x00000c90       0x48 ./Sources/timer.o
                0x00000c90                timer_initialise
 .text.lcdPwmOn
                0x00000cd8       0x18 ./Sources/nokia_LCD.o
                0x00000cd8                lcdPwmOn
 .text.lcdPwmInitialise
                0x00000cf0       0x58 ./Sources/nokia_LCD.o
                0x00000cf0                lcdPwmInitialise
 .text.lcd_initialise
                0x00000d48       0x58 ./Sources/nokia_LCD.o
                0x00000d48                lcd_initialise
 .text.lcd_clear
                0x00000da0       0xa4 ./Sources/nokia_LCD.o
                0x00000da0                lcd_clear
 .text.lcd_setXY
                0x00000e44       0x4c ./Sources/nokia_LCD.o
 .text.lcd_drawPixel
                0x00000e90       0x48 ./Sources/nokia_LCD.o
                0x00000e90                lcd_drawPixel
 .text.lcd_drawLine
                0x00000ed8      0x110 ./Sources/nokia_LCD.o
                0x00000ed8                lcd_drawLine
 .text.lcd_putChar
                0x00000fe8      0x184 ./Sources/nokia_LCD.o
                0x00000fe8                lcd_putChar
 .text.lcd_putStr
                0x0000116c       0x74 ./Sources/nokia_LCD.o
                0x0000116c                lcd_putStr
 .text.lcd_setContrast
                0x000011e0       0x24 ./Sources/nokia_LCD.o
                0x000011e0                lcd_setContrast
 .text.lcd_drawCircle
                0x00001204      0x1f0 ./Sources/nokia_LCD.o
                0x00001204                lcd_drawCircle
 .text.readJoystick
                0x000013f4       0xac ./Sources/menu.o
                0x000013f4                readJoystick
 .text.drawCursor
                0x000014a0       0x28 ./Sources/menu.o
                0x000014a0                drawCursor
 .text.samplingRateMenu
                0x000014c8      0x244 ./Sources/menu.o
                0x000014c8                samplingRateMenu
 .text.triggerThresholdMenu
                0x0000170c      0x244 ./Sources/menu.o
                0x0000170c                triggerThresholdMenu
 .text.triggerDirectionMenu
                0x00001950      0x1a0 ./Sources/menu.o
                0x00001950                triggerDirectionMenu
 .text.doMenu   0x00001af0      0x1b8 ./Sources/menu.o
                0x00001af0                doMenu
 .text.samplingRate
                0x00001ca8       0x18 ./Sources/menu.o
                0x00001ca8                samplingRate
 .text.triggerThreshold
                0x00001cc0       0x18 ./Sources/menu.o
                0x00001cc0                triggerThreshold
 .text.triggerDirection
                0x00001cd8       0x18 ./Sources/menu.o
                0x00001cd8                triggerDirection
 .text.lcd_spiSetCTAR0
                0x00001cf0       0x2c ./Sources/lcd_spi.o
 .text.lcd_spiSetCTAR1
                0x00001d1c       0x2c ./Sources/lcd_spi.o
 .text.lcd_spiInitialise
                0x00001d48      0x140 ./Sources/lcd_spi.o
                0x00001d48                lcd_spiInitialise
 .text.lcd_spiSetSpeed
                0x00001e88       0xc4 ./Sources/lcd_spi.o
                0x00001e88                lcd_spiSetSpeed
 .text.lcd_spiTxCommand
                0x00001f4c       0x88 ./Sources/lcd_spi.o
                0x00001f4c                lcd_spiTxCommand
 .text.lcd_spiTxData
                0x00001fd4       0x8c ./Sources/lcd_spi.o
                0x00001fd4                lcd_spiTxData
 .text.drawBackground
                0x00002060       0x10 ./Sources/display.o
                0x00002060                drawBackground
 .text.drawGrid
                0x00002070      0x304 ./Sources/display.o
                0x00002070                drawGrid
 .text.drawData
                0x00002374      0x20c ./Sources/display.o
                0x00002374                drawData
 .text.clock_initialise
                0x00002580      0x250 ./Sources/clock.o
                0x00002580                clock_initialise
 .text.SystemCoreClockUpdate
                0x000027d0      0x338 ./Sources/clock.o
                0x000027d0                SystemCoreClockUpdate
 .text.main     0x00002b08       0x70 ./Sources/T6_Main.o
                0x00002b08                main
 .text.NVIC_EnableIrq
                0x00002b78       0x5c ./Sources/PIT.o
 .text.initialisePIT
                0x00002bd4       0x94 ./Sources/PIT.o
                0x00002bd4                initialisePIT
 .text.PIT_Ch0_IRQHandler
                0x00002c68      0x304 ./Sources/PIT.o
                0x00002c68                PIT_Ch0_IRQHandler
 .text.status   0x00002f6c       0x18 ./Sources/PIT.o
                0x00002f6c                status
 .text.DATA_1   0x00002f84       0x24 ./Sources/PIT.o
                0x00002f84                DATA_1
 .text.DATA_2   0x00002fa8       0x24 ./Sources/PIT.o
                0x00002fa8                DATA_2
 .text.initJoystick
                0x00002fcc       0xc0 ./Sources/Joystick.o
                0x00002fcc                initJoystick
 .text.pollJoystick
                0x0000308c       0x88 ./Sources/Joystick.o
 .text.delay20ms
                0x00003114       0x14 ./Sources/Joystick.o
 .text.getJoystick
                0x00003128       0x4c ./Sources/Joystick.o
                0x00003128                getJoystick
 .text.initialiseADC
                0x00003174       0xd4 ./Sources/ADC.o
                0x00003174                initialiseADC
 .text.doADCConversion
                0x00003248       0x38 ./Sources/ADC.o
                0x00003248                doADCConversion
 .text.printf   0x00003280       0x2c C:/APPS/Freescale/CW MCU v10.4/MCU/ARM_GCC_Support/ewl/lib/armv7e-m\libc.a(printf.o)
                0x00003280                printf
 .text.exit     0x000032ac       0x38 C:/APPS/Freescale/CW MCU v10.4/MCU/ARM_GCC_Support/ewl/lib/armv7e-m\libc.a(exit.o)
                0x000032ac                exit
 .text.memset   0x000032e4        0xc C:/APPS/Freescale/CW MCU v10.4/MCU/ARM_GCC_Support/ewl/lib/armv7e-m\libc.a(memset.o)
                0x000032e4                memset
 .text.long2str.isra.0
                0x000032f0      0x196 C:/APPS/Freescale/CW MCU v10.4/MCU/ARM_GCC_Support/ewl/lib/armv7e-m\libc.a(printformat_.o)
 *fill*         0x00003486        0x2 00
 .text.__pformatter_
                0x00003488      0x3f8 C:/APPS/Freescale/CW MCU v10.4/MCU/ARM_GCC_Support/ewl/lib/armv7e-m\libc.a(printformat_.o)
                0x00003488                __pformatter_
 .text.__sformatter
                0x00003880      0x6f4 C:/APPS/Freescale/CW MCU v10.4/MCU/ARM_GCC_Support/ewl/lib/armv7e-m\libc.a(scanformat_.o)
                0x00003880                __sformatter
 .text.isalpha  0x00003f74       0x1c C:/APPS/Freescale/CW MCU v10.4/MCU/ARM_GCC_Support/ewl/lib/armv7e-m\libc.a(ctype_aeabi.o)
                0x00003f74                isalpha
 .text.isspace  0x00003f90       0x1c C:/APPS/Freescale/CW MCU v10.4/MCU/ARM_GCC_Support/ewl/lib/armv7e-m\libc.a(ctype_aeabi.o)
                0x00003f90                isspace
 .text.toupper  0x00003fac        0xc C:/APPS/Freescale/CW MCU v10.4/MCU/ARM_GCC_Support/ewl/lib/armv7e-m\libc.a(ctype_aeabi.o)
                0x00003fac                toupper
 .text.__fwrite
                0x00003fb8      0x158 C:/APPS/Freescale/CW MCU v10.4/MCU/ARM_GCC_Support/ewl/lib/armv7e-m\libc.a(fwrite.o)
                0x00003fb8                __fwrite
 .text.__FileWrite
                0x00004110       0x1a C:/APPS/Freescale/CW MCU v10.4/MCU/ARM_GCC_Support/ewl/lib/armv7e-m\libc.a(fwrite.o)
                0x00004110                __FileWrite
 *fill*         0x0000412a        0x2 00
 .text.__strtoul
                0x0000412c      0x214 C:/APPS/Freescale/CW MCU v10.4/MCU/ARM_GCC_Support/ewl/lib/armv7e-m\libc.a(__strtoul.o)
                0x0000412c                __strtoul
 .text.__fill_mem
                0x00004340       0x76 C:/APPS/Freescale/CW MCU v10.4/MCU/ARM_GCC_Support/ewl/lib/armv7e-m\libc.a(__filll_mem.o)
                0x00004340                __fill_mem
 .text.__memrchr
                0x000043b6       0x1c C:/APPS/Freescale/CW MCU v10.4/MCU/ARM_GCC_Support/ewl/lib/armv7e-m\libc.a(__memrchr.o)
                0x000043b6                __memrchr
 .text.memchr   0x000043d2       0x18 C:/APPS/Freescale/CW MCU v10.4/MCU/ARM_GCC_Support/ewl/lib/armv7e-m\libc.a(memchr.o)
                0x000043d2                memchr
 .text.memcpy   0x000043ea       0x12 C:/APPS/Freescale/CW MCU v10.4/MCU/ARM_GCC_Support/ewl/lib/armv7e-m\libc.a(memcpy.o)
                0x000043ea                memcpy
 .text.strchr   0x000043fc       0x1a C:/APPS/Freescale/CW MCU v10.4/MCU/ARM_GCC_Support/ewl/lib/armv7e-m\libc.a(strchr.o)
                0x000043fc                strchr
 .text.strlen   0x00004416       0x10 C:/APPS/Freescale/CW MCU v10.4/MCU/ARM_GCC_Support/ewl/lib/armv7e-m\libc.a(strlen.o)
                0x00004416                strlen
 .text.__prep_buffer
                0x00004426       0x16 C:/APPS/Freescale/CW MCU v10.4/MCU/ARM_GCC_Support/ewl/lib/armv7e-m\libc.a(__buffer_io.o)
                0x00004426                __prep_buffer
 .text.__flush_buffer
                0x0000443c       0x36 C:/APPS/Freescale/CW MCU v10.4/MCU/ARM_GCC_Support/ewl/lib/armv7e-m\libc.a(__buffer_io.o)
                0x0000443c                __flush_buffer
 *fill*         0x00004472        0x2 00
 .text.__init_cpp
                0x00004474       0x4c C:/APPS/Freescale/CW MCU v10.4/MCU/ARM_GCC_Support/ewl/lib/armv7e-m\librt.a(gcc_ctor_dtor.o)
                0x00004474                __init_cpp
 .text.__fini_cpp
                0x000044c0       0x34 C:/APPS/Freescale/CW MCU v10.4/MCU/ARM_GCC_Support/ewl/lib/armv7e-m\librt.a(gcc_ctor_dtor.o)
                0x000044c0                __fini_cpp
 .text.__copy_rom_section
                0x000044f4       0x44 C:/APPS/Freescale/CW MCU v10.4/MCU/ARM_GCC_Support/ewl/lib/armv7e-m\librt.a(ROMCopy.o)
                0x000044f4                __copy_rom_section
 .text.__copy_rom_sections_to_ram
                0x00004538       0x30 C:/APPS/Freescale/CW MCU v10.4/MCU/ARM_GCC_Support/ewl/lib/armv7e-m\librt.a(ROMCopy.o)
                0x00004538                __copy_rom_sections_to_ram
 .text.__destroy_global_chain
                0x00004568       0x18 C:/APPS/Freescale/CW MCU v10.4/MCU/ARM_GCC_Support/ewl/lib/armv7e-m\librt.a(__arm_eabi_init.o)
                0x00004568                __destroy_global_chain
 .text.__init_registers
                0x00004580       0x24 C:/APPS/Freescale/CW MCU v10.4/MCU/ARM_GCC_Support/ewl/lib/armv7e-m\librt.a(__arm_eabi_init.o)
                0x00004580                __init_registers
 .text.__init_user
                0x000045a4        0x4 C:/APPS/Freescale/CW MCU v10.4/MCU/ARM_GCC_Support/ewl/lib/armv7e-m\librt.a(__arm_eabi_init.o)
                0x000045a4                __init_user
 *(.rodata)
 .rodata        0x000045a8       0x94 ./Sources/menu.o
 .rodata        0x0000463c        0xc ./Sources/T6_Main.o
 *(.rodata*)
 .rodata.ctas_9bit
                0x00004648        0x4 ./Sources/lcd_spi.o
 .rodata.spiBaudTable
                0x0000464c       0xa0 ./Sources/lcd_spi.o
 .rodata.FONT6x8
                0x000046ec      0x308 ./Sources/lcd_fonts.o
                0x000046ec                FONT6x8
 .rodata.FONT8x8
                0x000049f4      0x308 ./Sources/lcd_fonts.o
                0x000049f4                FONT8x8
 .rodata.FONT8x16
                0x00004cfc      0x610 ./Sources/lcd_fonts.o
                0x00004cfc                FONT8x16
 .rodata.str1.1
                0x0000530c        0x1 C:/APPS/Freescale/CW MCU v10.4/MCU/ARM_GCC_Support/ewl/lib/armv7e-m\libc.a(printformat_.o)
 .rodata.CSWTCH.20
                0x0000530d        0x5 C:/APPS/Freescale/CW MCU v10.4/MCU/ARM_GCC_Support/ewl/lib/armv7e-m\libc.a(printformat_.o)
 .rodata.CSWTCH.21
                0x00005312        0x5 C:/APPS/Freescale/CW MCU v10.4/MCU/ARM_GCC_Support/ewl/lib/armv7e-m\libc.a(printformat_.o)
 .rodata.__aeabi_ctype_table_C
                0x00005317      0x101 C:/APPS/Freescale/CW MCU v10.4/MCU/ARM_GCC_Support/ewl/lib/armv7e-m\libc.a(ctype_aeabi.o)
                0x00005317                __aeabi_ctype_table_C
 *(.glue_7)
 .glue_7        0x00000000        0x0 linker stubs
 *(.glue_7t)
 .glue_7t       0x00000000        0x0 linker stubs
 *(.eh_frame)
 *(.init)
 *(.fini)
                0x00005418                . = ALIGN (0x4)
                0x00005418                _etext = .

.vfp11_veneer   0x00005418        0x0
 .vfp11_veneer  0x00000000        0x0 linker stubs

.v4_bx          0x00005418        0x0
 .v4_bx         0x00000000        0x0 linker stubs

.iplt           0x00005418        0x0
 .iplt          0x00000000        0x0 ./Project_Settings/Startup_Code/kinetis_sysinit.o

.rel.dyn        0x00005418        0x0
 .rel.iplt      0x00000000        0x0 ./Project_Settings/Startup_Code/kinetis_sysinit.o

.ARM.extab
 *(.ARM.extab* .gnu.linkonce.armextab.*)

.ARM            0x00005418        0x0
                0x00005418                __exidx_start = .
 *(.ARM.exidx*)
                0x00005418                __exidx_end = .

.ctors          0x00005418        0x0
                0x00005418                __CTOR_LIST__ = .
 *crtbegin.o(.ctors)
 *(EXCLUDE_FILE(*crtend.o) .ctors)
 *(SORT(.ctors.*))
 *(.ctors)
                0x00005418                __CTOR_END__ = .

.dtors          0x00005418        0x0
                0x00005418                __DTOR_LIST__ = .
 *crtbegin.o(.dtors)
 *(EXCLUDE_FILE(*crtend.o) .dtors)
 *(SORT(.dtors.*))
 *(.dtors)
                0x00005418                __DTOR_END__ = .

.preinit_array  0x00005418        0x0
                0x00005418                PROVIDE (__preinit_array_start, .)
 *(.preinit_array*)
                0x00005418                PROVIDE (__preinit_array_end, .)

.init_array     0x00005418        0x0
                0x00005418                PROVIDE (__init_array_start, .)
 *(SORT(.init_array.*))
 *(.init_array*)
                0x00005418                PROVIDE (__init_array_end, .)

.fini_array     0x00005418        0x0
                0x00005418                PROVIDE (__fini_array_start, .)
 *(SORT(.fini_array.*))
 *(.fini_array*)
                0x00005418                PROVIDE (__fini_array_end, .)
                0x00005418                ___ROM_AT = .

.data           0x1fffe000       0xe8 load address 0x00005418
                0x1fffe000                . = ALIGN (0x4)
                0x1fffe000                _sdata = .
 *(.data)
 *(.data*)
 .data.FontTable.5727
                0x1fffe000        0xc ./Sources/nokia_LCD.o
 .data.cursorPositionY
                0x1fffe00c        0x4 ./Sources/menu.o
 .data.RATE     0x1fffe010        0x4 ./Sources/menu.o
 .data.SystemCoreClock
                0x1fffe014        0x4 ./Sources/clock.o
                0x1fffe014                SystemCoreClock
 .data.SystemBusClock
                0x1fffe018        0x4 ./Sources/clock.o
                0x1fffe018                SystemBusClock
 .data.__files  0x1fffe01c       0xcc C:/APPS/Freescale/CW MCU v10.4/MCU/ARM_GCC_Support/ewl/lib/armv7e-m\libc.a(ansi_files.o)
                0x1fffe01c                __files
                0x1fffe0e8                . = ALIGN (0x4)
                0x1fffe0e8                _edata = .
                0x000000e8                ___data_size = (_edata - _sdata)
                0x00005500                ___m_data2_ROMStart = (___ROM_AT + SIZEOF (.data))

.igot.plt       0x1fffe0e8        0x0 load address 0x00005500
 .igot.plt      0x00000000        0x0 ./Project_Settings/Startup_Code/kinetis_sysinit.o

.user_data2     0x20000000        0x0 load address 0x00005500
                0x20000000                . = ALIGN (0x4)
                0x20000000                ___m_data2_RAMStart = .
 *(.data2)
                0x20000000                ___m_data2_RAMEnd = .
                0x20000000                . = ALIGN (0x4)
                0x00000000                ___m_data2_ROMSize = (___m_data2_RAMEnd - ___m_data2_RAMStart)
                0x20000000                . = ALIGN (0x4)

.bss            0x1fffe0e8      0x778 load address 0x00005500
                0x1fffe0e8                __START_BSS = .
                0x1fffe0e8                PROVIDE (__bss_start__, __START_BSS)
 *(.bss)
 *(.bss*)
 .bss.argv      0x1fffe0e8        0x4 ./Project_Settings/Startup_Code/__arm_start.o
 .bss.uartInitialised
                0x1fffe0ec        0x4 ./Sources/uart.o
 .bss.ENTER     0x1fffe0f0        0x4 ./Sources/menu.o
 .bss.COMPLETE  0x1fffe0f4        0x4 ./Sources/menu.o
 .bss.Threshold
                0x1fffe0f8        0x4 ./Sources/menu.o
 .bss.thresholdDirection
                0x1fffe0fc        0x4 ./Sources/menu.o
 .bss.currentPositionY.5100
                0x1fffe100        0x4 ./Sources/menu.o
 .bss.lastPositionY.5101
                0x1fffe104        0x4 ./Sources/menu.o
 .bss.currentPositionY.5085
                0x1fffe108        0x4 ./Sources/menu.o
 .bss.lastPositionY.5086
                0x1fffe10c        0x4 ./Sources/menu.o
 .bss.currentPositionY.5068
                0x1fffe110        0x4 ./Sources/menu.o
 .bss.lastPositionY.5069
                0x1fffe114        0x4 ./Sources/menu.o
 .bss.currentPositionY.5051
                0x1fffe118        0x4 ./Sources/menu.o
 .bss.lastPositionY.5052
                0x1fffe11c        0x4 ./Sources/menu.o
 .bss.ctar0Value
                0x1fffe120        0x4 ./Sources/lcd_spi.o
 .bss.ctar1Value
                0x1fffe124        0x4 ./Sources/lcd_spi.o
 .bss.spiBaudValue
                0x1fffe128        0x4 ./Sources/lcd_spi.o
 .bss.lastStatus
                0x1fffe12c        0x4 ./Sources/display.o
 .bss.currentStatus
                0x1fffe130        0x4 ./Sources/display.o
 .bss.start     0x1fffe134        0x4 ./Sources/PIT.o
                0x1fffe134                start
 .bss.bufferStatus
                0x1fffe138        0x4 ./Sources/PIT.o
                0x1fffe138                bufferStatus
 .bss.sequenceCounter
                0x1fffe13c        0x4 ./Sources/PIT.o
                0x1fffe13c                sequenceCounter
 .bss.risingEdge
                0x1fffe140        0x4 ./Sources/PIT.o
                0x1fffe140                risingEdge
 .bss.fallingEdge
                0x1fffe144        0x4 ./Sources/PIT.o
                0x1fffe144                fallingEdge
 .bss.__stdio_exit
                0x1fffe148        0x4 C:/APPS/Freescale/CW MCU v10.4/MCU/ARM_GCC_Support/ewl/lib/armv7e-m\libc.a(exit.o)
                0x1fffe148                __stdio_exit
 .bss.__console_exit
                0x1fffe14c        0x4 C:/APPS/Freescale/CW MCU v10.4/MCU/ARM_GCC_Support/ewl/lib/armv7e-m\libc.a(exit.o)
                0x1fffe14c                __console_exit
 .bss.__S_romp  0x1fffe150        0xc C:/APPS/Freescale/CW MCU v10.4/MCU/ARM_GCC_Support/ewl/lib/armv7e-m\librt.a(ROMCopy.o)
 .bss.__global_destructor_chain
                0x1fffe15c        0x4 C:/APPS/Freescale/CW MCU v10.4/MCU/ARM_GCC_Support/ewl/lib/armv7e-m\librt.a(__arm_eabi_init.o)
                0x1fffe15c                __global_destructor_chain
 *(COMMON)
 COMMON         0x1fffe160      0x320 ./Sources/display.o
                0x1fffe160                currentFunction
                0x1fffe2f0                lastFunction
 COMMON         0x1fffe480      0x320 ./Sources/PIT.o
                0x1fffe480                secondBuffer
                0x1fffe610                firstBuffer
 COMMON         0x1fffe7a0       0xc0 C:/APPS/Freescale/CW MCU v10.4/MCU/ARM_GCC_Support/ewl/lib/armv7e-m\libc.a(ansi_files.o)
                0x1fffe7a0                stdout_buff
                0x1fffe7e0                stdin_buff
                0x1fffe820                stderr_buff
                0x1fffe860                . = ALIGN (0x4)
                0x1fffe860                __END_BSS = .
                0x1fffe860                PROVIDE (__bss_end__, __END_BSS)

._user_heap_stack
                0x1fffe860      0x800 load address 0x00005c78
                0x1fffe860                . = ALIGN (0x4)
                0x1fffe860                PROVIDE (end, .)
                0x1fffe860                PROVIDE (_end, .)
                0x1fffe860                __heap_addr = .
                0x1fffec60                . = (. + __heap_size)
 *fill*         0x1fffe860      0x400 00
                0x1ffff060                . = (. + __stack_size)
 *fill*         0x1fffec60      0x400 00
                0x1ffff060                . = ALIGN (0x4)
                0x00005500                _romp_at = ((___ROM_AT + SIZEOF (.data)) + SIZEOF (.user_data2))

.romp           0x20000000       0x24 load address 0x00005500
                0x00005500                __S_romp = _romp_at
                0x20000000        0x4 LONG 0x5418 ___ROM_AT
                0x20000004        0x4 LONG 0x1fffe000 _sdata
                0x20000008        0x4 LONG 0xe8 ___data_size
                0x2000000c        0x4 LONG 0x5500 ___m_data2_ROMStart
                0x20000010        0x4 LONG 0x20000000 ___m_data2_RAMStart
                0x20000014        0x4 LONG 0x0 ___m_data2_ROMSize
                0x20000018        0x4 LONG 0x0
                0x2000001c        0x4 LONG 0x0
                0x20000020        0x4 LONG 0x0

.ARM.attributes
                0x00000000       0x33
 *(.ARM.attributes)
 .ARM.attributes
                0x00000000       0x33 ./Project_Settings/Startup_Code/kinetis_sysinit.o
 .ARM.attributes
                0x00000033       0x33 ./Project_Settings/Startup_Code/__arm_start.o
 .ARM.attributes
                0x00000066       0x33 ./Project_Settings/Startup_Code/__arm_end.o
 .ARM.attributes
                0x00000099       0x33 ./Sources/uart.o
 .ARM.attributes
                0x000000cc       0x33 ./Sources/timer.o
 .ARM.attributes
                0x000000ff       0x33 ./Sources/nokia_LCD.o
 .ARM.attributes
                0x00000132       0x33 ./Sources/menu.o
 .ARM.attributes
                0x00000165       0x33 ./Sources/lcd_spi.o
 .ARM.attributes
                0x00000198       0x33 ./Sources/lcd_fonts.o
 .ARM.attributes
                0x000001cb       0x33 ./Sources/display.o
 .ARM.attributes
                0x000001fe       0x33 ./Sources/clock.o
 .ARM.attributes
                0x00000231       0x33 ./Sources/T6_Main.o
 .ARM.attributes
                0x00000264       0x33 ./Sources/PIT.o
 .ARM.attributes
                0x00000297       0x33 ./Sources/Joystick.o
 .ARM.attributes
                0x000002ca       0x33 ./Sources/ADC.o
 .ARM.attributes
                0x000002fd       0x33 C:/APPS/Freescale/CW MCU v10.4/MCU/ARM_GCC_Support/ewl/lib/armv7e-m\libc.a(printf.o)
 .ARM.attributes
                0x00000330       0x33 C:/APPS/Freescale/CW MCU v10.4/MCU/ARM_GCC_Support/ewl/lib/armv7e-m\libc.a(exit.o)
 .ARM.attributes
                0x00000363       0x33 C:/APPS/Freescale/CW MCU v10.4/MCU/ARM_GCC_Support/ewl/lib/armv7e-m\libc.a(memset.o)
 .ARM.attributes
                0x00000396       0x33 C:/APPS/Freescale/CW MCU v10.4/MCU/ARM_GCC_Support/ewl/lib/armv7e-m\libc.a(printformat_.o)
 .ARM.attributes
                0x000003c9       0x33 C:/APPS/Freescale/CW MCU v10.4/MCU/ARM_GCC_Support/ewl/lib/armv7e-m\libc.a(scanformat_.o)
 .ARM.attributes
                0x000003fc       0x33 C:/APPS/Freescale/CW MCU v10.4/MCU/ARM_GCC_Support/ewl/lib/armv7e-m\libc.a(ctype_aeabi.o)
 .ARM.attributes
                0x0000042f       0x33 C:/APPS/Freescale/CW MCU v10.4/MCU/ARM_GCC_Support/ewl/lib/armv7e-m\libc.a(ansi_files.o)
 .ARM.attributes
                0x00000462       0x33 C:/APPS/Freescale/CW MCU v10.4/MCU/ARM_GCC_Support/ewl/lib/armv7e-m\libc.a(fwrite.o)
 .ARM.attributes
                0x00000495       0x33 C:/APPS/Freescale/CW MCU v10.4/MCU/ARM_GCC_Support/ewl/lib/armv7e-m\libc.a(__strtoul.o)
 .ARM.attributes
                0x000004c8       0x33 C:/APPS/Freescale/CW MCU v10.4/MCU/ARM_GCC_Support/ewl/lib/armv7e-m\libc.a(__filll_mem.o)
 .ARM.attributes
                0x000004fb       0x33 C:/APPS/Freescale/CW MCU v10.4/MCU/ARM_GCC_Support/ewl/lib/armv7e-m\libc.a(__memrchr.o)
 .ARM.attributes
                0x0000052e       0x33 C:/APPS/Freescale/CW MCU v10.4/MCU/ARM_GCC_Support/ewl/lib/armv7e-m\libc.a(memchr.o)
 .ARM.attributes
                0x00000561       0x33 C:/APPS/Freescale/CW MCU v10.4/MCU/ARM_GCC_Support/ewl/lib/armv7e-m\libc.a(memcpy.o)
 .ARM.attributes
                0x00000594       0x33 C:/APPS/Freescale/CW MCU v10.4/MCU/ARM_GCC_Support/ewl/lib/armv7e-m\libc.a(strchr.o)
 .ARM.attributes
                0x000005c7       0x33 C:/APPS/Freescale/CW MCU v10.4/MCU/ARM_GCC_Support/ewl/lib/armv7e-m\libc.a(strlen.o)
 .ARM.attributes
                0x000005fa       0x33 C:/APPS/Freescale/CW MCU v10.4/MCU/ARM_GCC_Support/ewl/lib/armv7e-m\libc.a(__buffer_io.o)
 .ARM.attributes
                0x0000062d       0x33 C:/APPS/Freescale/CW MCU v10.4/MCU/ARM_GCC_Support/ewl/lib/armv7e-m\librt.a(gcc_ctor_dtor.o)
 .ARM.attributes
                0x00000660       0x33 C:/APPS/Freescale/CW MCU v10.4/MCU/ARM_GCC_Support/ewl/lib/armv7e-m\librt.a(ROMCopy.o)
 .ARM.attributes
                0x00000693       0x33 C:/APPS/Freescale/CW MCU v10.4/MCU/ARM_GCC_Support/ewl/lib/armv7e-m\librt.a(__arm_eabi_init.o)
OUTPUT(T6_TicTacToe.elf elf32-littlearm)

.debug_info     0x00000000     0x6dfa
 .debug_info    0x00000000      0x423 ./Project_Settings/Startup_Code/kinetis_sysinit.o
 .debug_info    0x00000423      0x12a ./Project_Settings/Startup_Code/__arm_start.o
 .debug_info    0x0000054d       0x54 ./Project_Settings/Startup_Code/__arm_end.o
 .debug_info    0x000005a1      0x85e ./Sources/uart.o
 .debug_info    0x00000dff      0x375 ./Sources/timer.o
 .debug_info    0x00001174      0x9ee ./Sources/nokia_LCD.o
 .debug_info    0x00001b62      0x2bc ./Sources/menu.o
 .debug_info    0x00001e1e      0x70f ./Sources/lcd_spi.o
 .debug_info    0x0000252d       0xa1 ./Sources/lcd_fonts.o
 .debug_info    0x000025ce      0x141 ./Sources/display.o
 .debug_info    0x0000270f      0x4df ./Sources/clock.o
 .debug_info    0x00002bee       0x8f ./Sources/T6_Main.o
 .debug_info    0x00002c7d      0x76d ./Sources/PIT.o
 .debug_info    0x000033ea      0x499 ./Sources/Joystick.o
 .debug_info    0x00003883      0x59c ./Sources/ADC.o
 .debug_info    0x00003e1f      0x399 C:/APPS/Freescale/CW MCU v10.4/MCU/ARM_GCC_Support/ewl/lib/armv7e-m\libc.a(printf.o)
 .debug_info    0x000041b8       0xe8 C:/APPS/Freescale/CW MCU v10.4/MCU/ARM_GCC_Support/ewl/lib/armv7e-m\libc.a(exit.o)
 .debug_info    0x000042a0       0xec C:/APPS/Freescale/CW MCU v10.4/MCU/ARM_GCC_Support/ewl/lib/armv7e-m\libc.a(memset.o)
 .debug_info    0x0000438c      0x50e C:/APPS/Freescale/CW MCU v10.4/MCU/ARM_GCC_Support/ewl/lib/armv7e-m\libc.a(printformat_.o)
 .debug_info    0x0000489a      0x565 C:/APPS/Freescale/CW MCU v10.4/MCU/ARM_GCC_Support/ewl/lib/armv7e-m\libc.a(scanformat_.o)
 .debug_info    0x00004dff      0x306 C:/APPS/Freescale/CW MCU v10.4/MCU/ARM_GCC_Support/ewl/lib/armv7e-m\libc.a(ctype_aeabi.o)
 .debug_info    0x00005105      0x4c6 C:/APPS/Freescale/CW MCU v10.4/MCU/ARM_GCC_Support/ewl/lib/armv7e-m\libc.a(ansi_files.o)
 .debug_info    0x000055cb      0x60a C:/APPS/Freescale/CW MCU v10.4/MCU/ARM_GCC_Support/ewl/lib/armv7e-m\libc.a(fwrite.o)
 .debug_info    0x00005bd5      0x1d6 C:/APPS/Freescale/CW MCU v10.4/MCU/ARM_GCC_Support/ewl/lib/armv7e-m\libc.a(__strtoul.o)
 .debug_info    0x00005dab      0x135 C:/APPS/Freescale/CW MCU v10.4/MCU/ARM_GCC_Support/ewl/lib/armv7e-m\libc.a(__filll_mem.o)
 .debug_info    0x00005ee0      0x116 C:/APPS/Freescale/CW MCU v10.4/MCU/ARM_GCC_Support/ewl/lib/armv7e-m\libc.a(__memrchr.o)
 .debug_info    0x00005ff6      0x120 C:/APPS/Freescale/CW MCU v10.4/MCU/ARM_GCC_Support/ewl/lib/armv7e-m\libc.a(memchr.o)
 .debug_info    0x00006116      0x10f C:/APPS/Freescale/CW MCU v10.4/MCU/ARM_GCC_Support/ewl/lib/armv7e-m\libc.a(memcpy.o)
 .debug_info    0x00006225      0x108 C:/APPS/Freescale/CW MCU v10.4/MCU/ARM_GCC_Support/ewl/lib/armv7e-m\libc.a(strchr.o)
 .debug_info    0x0000632d       0xeb C:/APPS/Freescale/CW MCU v10.4/MCU/ARM_GCC_Support/ewl/lib/armv7e-m\libc.a(strlen.o)
 .debug_info    0x00006418      0x45d C:/APPS/Freescale/CW MCU v10.4/MCU/ARM_GCC_Support/ewl/lib/armv7e-m\libc.a(__buffer_io.o)
 .debug_info    0x00006875      0x136 C:/APPS/Freescale/CW MCU v10.4/MCU/ARM_GCC_Support/ewl/lib/armv7e-m\librt.a(gcc_ctor_dtor.o)
 .debug_info    0x000069ab      0x19a C:/APPS/Freescale/CW MCU v10.4/MCU/ARM_GCC_Support/ewl/lib/armv7e-m\librt.a(ROMCopy.o)
 .debug_info    0x00006b45      0x2b5 C:/APPS/Freescale/CW MCU v10.4/MCU/ARM_GCC_Support/ewl/lib/armv7e-m\librt.a(__arm_eabi_init.o)

.debug_abbrev   0x00000000     0x1f9a
 .debug_abbrev  0x00000000      0x14d ./Project_Settings/Startup_Code/kinetis_sysinit.o
 .debug_abbrev  0x0000014d       0x92 ./Project_Settings/Startup_Code/__arm_start.o
 .debug_abbrev  0x000001df       0x4c ./Project_Settings/Startup_Code/__arm_end.o
 .debug_abbrev  0x0000022b      0x181 ./Sources/uart.o
 .debug_abbrev  0x000003ac       0xf5 ./Sources/timer.o
 .debug_abbrev  0x000004a1      0x19d ./Sources/nokia_LCD.o
 .debug_abbrev  0x0000063e       0xc1 ./Sources/menu.o
 .debug_abbrev  0x000006ff      0x161 ./Sources/lcd_spi.o
 .debug_abbrev  0x00000860       0x47 ./Sources/lcd_fonts.o
 .debug_abbrev  0x000008a7       0xb0 ./Sources/display.o
 .debug_abbrev  0x00000957       0xf5 ./Sources/clock.o
 .debug_abbrev  0x00000a4c       0x3f ./Sources/T6_Main.o
 .debug_abbrev  0x00000a8b      0x14e ./Sources/PIT.o
 .debug_abbrev  0x00000bd9      0x129 ./Sources/Joystick.o
 .debug_abbrev  0x00000d02      0x102 ./Sources/ADC.o
 .debug_abbrev  0x00000e04      0x107 C:/APPS/Freescale/CW MCU v10.4/MCU/ARM_GCC_Support/ewl/lib/armv7e-m\libc.a(printf.o)
 .debug_abbrev  0x00000f0b       0x7a C:/APPS/Freescale/CW MCU v10.4/MCU/ARM_GCC_Support/ewl/lib/armv7e-m\libc.a(exit.o)
 .debug_abbrev  0x00000f85       0x62 C:/APPS/Freescale/CW MCU v10.4/MCU/ARM_GCC_Support/ewl/lib/armv7e-m\libc.a(memset.o)
 .debug_abbrev  0x00000fe7      0x200 C:/APPS/Freescale/CW MCU v10.4/MCU/ARM_GCC_Support/ewl/lib/armv7e-m\libc.a(printformat_.o)
 .debug_abbrev  0x000011e7      0x1f0 C:/APPS/Freescale/CW MCU v10.4/MCU/ARM_GCC_Support/ewl/lib/armv7e-m\libc.a(scanformat_.o)
 .debug_abbrev  0x000013d7       0x85 C:/APPS/Freescale/CW MCU v10.4/MCU/ARM_GCC_Support/ewl/lib/armv7e-m\libc.a(ctype_aeabi.o)
 .debug_abbrev  0x0000145c       0xfa C:/APPS/Freescale/CW MCU v10.4/MCU/ARM_GCC_Support/ewl/lib/armv7e-m\libc.a(ansi_files.o)
 .debug_abbrev  0x00001556      0x15b C:/APPS/Freescale/CW MCU v10.4/MCU/ARM_GCC_Support/ewl/lib/armv7e-m\libc.a(fwrite.o)
 .debug_abbrev  0x000016b1       0xc2 C:/APPS/Freescale/CW MCU v10.4/MCU/ARM_GCC_Support/ewl/lib/armv7e-m\libc.a(__strtoul.o)
 .debug_abbrev  0x00001773       0x87 C:/APPS/Freescale/CW MCU v10.4/MCU/ARM_GCC_Support/ewl/lib/armv7e-m\libc.a(__filll_mem.o)
 .debug_abbrev  0x000017fa       0x95 C:/APPS/Freescale/CW MCU v10.4/MCU/ARM_GCC_Support/ewl/lib/armv7e-m\libc.a(__memrchr.o)
 .debug_abbrev  0x0000188f       0x95 C:/APPS/Freescale/CW MCU v10.4/MCU/ARM_GCC_Support/ewl/lib/armv7e-m\libc.a(memchr.o)
 .debug_abbrev  0x00001924       0x95 C:/APPS/Freescale/CW MCU v10.4/MCU/ARM_GCC_Support/ewl/lib/armv7e-m\libc.a(memcpy.o)
 .debug_abbrev  0x000019b9       0x89 C:/APPS/Freescale/CW MCU v10.4/MCU/ARM_GCC_Support/ewl/lib/armv7e-m\libc.a(strchr.o)
 .debug_abbrev  0x00001a42       0x7a C:/APPS/Freescale/CW MCU v10.4/MCU/ARM_GCC_Support/ewl/lib/armv7e-m\libc.a(strlen.o)
 .debug_abbrev  0x00001abc      0x142 C:/APPS/Freescale/CW MCU v10.4/MCU/ARM_GCC_Support/ewl/lib/armv7e-m\libc.a(__buffer_io.o)
 .debug_abbrev  0x00001bfe       0x99 C:/APPS/Freescale/CW MCU v10.4/MCU/ARM_GCC_Support/ewl/lib/armv7e-m\librt.a(gcc_ctor_dtor.o)
 .debug_abbrev  0x00001c97      0x137 C:/APPS/Freescale/CW MCU v10.4/MCU/ARM_GCC_Support/ewl/lib/armv7e-m\librt.a(ROMCopy.o)
 .debug_abbrev  0x00001dce      0x1cc C:/APPS/Freescale/CW MCU v10.4/MCU/ARM_GCC_Support/ewl/lib/armv7e-m\librt.a(__arm_eabi_init.o)

.debug_loc      0x00000000     0x3047
 .debug_loc     0x00000000       0x90 ./Project_Settings/Startup_Code/kinetis_sysinit.o
 .debug_loc     0x00000090       0x2c ./Project_Settings/Startup_Code/__arm_start.o
 .debug_loc     0x000000bc       0x38 ./Project_Settings/Startup_Code/__arm_end.o
 .debug_loc     0x000000f4      0x144 ./Sources/uart.o
 .debug_loc     0x00000238       0x64 ./Sources/timer.o
 .debug_loc     0x0000029c      0x2e2 ./Sources/nokia_LCD.o
 .debug_loc     0x0000057e      0x1d4 ./Sources/menu.o
 .debug_loc     0x00000752      0x150 ./Sources/lcd_spi.o
 .debug_loc     0x000008a2       0x9c ./Sources/display.o
 .debug_loc     0x0000093e       0x64 ./Sources/clock.o
 .debug_loc     0x000009a2       0x2c ./Sources/T6_Main.o
 .debug_loc     0x000009ce      0x138 ./Sources/PIT.o
 .debug_loc     0x00000b06       0xbc ./Sources/Joystick.o
 .debug_loc     0x00000bc2       0x58 ./Sources/ADC.o
 .debug_loc     0x00000c1a       0x2c C:/APPS/Freescale/CW MCU v10.4/MCU/ARM_GCC_Support/ewl/lib/armv7e-m\libc.a(printf.o)
 .debug_loc     0x00000c46       0x3e C:/APPS/Freescale/CW MCU v10.4/MCU/ARM_GCC_Support/ewl/lib/armv7e-m\libc.a(exit.o)
 .debug_loc     0x00000c84       0x64 C:/APPS/Freescale/CW MCU v10.4/MCU/ARM_GCC_Support/ewl/lib/armv7e-m\libc.a(memset.o)
 .debug_loc     0x00000ce8      0xbdc C:/APPS/Freescale/CW MCU v10.4/MCU/ARM_GCC_Support/ewl/lib/armv7e-m\libc.a(printformat_.o)
 .debug_loc     0x000018c4      0x8b6 C:/APPS/Freescale/CW MCU v10.4/MCU/ARM_GCC_Support/ewl/lib/armv7e-m\libc.a(scanformat_.o)
 .debug_loc     0x0000217a      0x18e C:/APPS/Freescale/CW MCU v10.4/MCU/ARM_GCC_Support/ewl/lib/armv7e-m\libc.a(ctype_aeabi.o)
 .debug_loc     0x00002308       0xb2 C:/APPS/Freescale/CW MCU v10.4/MCU/ARM_GCC_Support/ewl/lib/armv7e-m\libc.a(ansi_files.o)
 .debug_loc     0x000023ba      0x2e9 C:/APPS/Freescale/CW MCU v10.4/MCU/ARM_GCC_Support/ewl/lib/armv7e-m\libc.a(fwrite.o)
 .debug_loc     0x000026a3      0x2bb C:/APPS/Freescale/CW MCU v10.4/MCU/ARM_GCC_Support/ewl/lib/armv7e-m\libc.a(__strtoul.o)
 .debug_loc     0x0000295e      0x12c C:/APPS/Freescale/CW MCU v10.4/MCU/ARM_GCC_Support/ewl/lib/armv7e-m\libc.a(__filll_mem.o)
 .debug_loc     0x00002a8a       0x82 C:/APPS/Freescale/CW MCU v10.4/MCU/ARM_GCC_Support/ewl/lib/armv7e-m\libc.a(__memrchr.o)
 .debug_loc     0x00002b0c       0x62 C:/APPS/Freescale/CW MCU v10.4/MCU/ARM_GCC_Support/ewl/lib/armv7e-m\libc.a(memchr.o)
 .debug_loc     0x00002b6e       0x59 C:/APPS/Freescale/CW MCU v10.4/MCU/ARM_GCC_Support/ewl/lib/armv7e-m\libc.a(memcpy.o)
 .debug_loc     0x00002bc7       0x7c C:/APPS/Freescale/CW MCU v10.4/MCU/ARM_GCC_Support/ewl/lib/armv7e-m\libc.a(strchr.o)
 .debug_loc     0x00002c43       0x26 C:/APPS/Freescale/CW MCU v10.4/MCU/ARM_GCC_Support/ewl/lib/armv7e-m\libc.a(strlen.o)
 .debug_loc     0x00002c69      0x144 C:/APPS/Freescale/CW MCU v10.4/MCU/ARM_GCC_Support/ewl/lib/armv7e-m\libc.a(__buffer_io.o)
 .debug_loc     0x00002dad       0x9d C:/APPS/Freescale/CW MCU v10.4/MCU/ARM_GCC_Support/ewl/lib/armv7e-m\librt.a(gcc_ctor_dtor.o)
 .debug_loc     0x00002e4a       0xb9 C:/APPS/Freescale/CW MCU v10.4/MCU/ARM_GCC_Support/ewl/lib/armv7e-m\librt.a(ROMCopy.o)
 .debug_loc     0x00002f03      0x144 C:/APPS/Freescale/CW MCU v10.4/MCU/ARM_GCC_Support/ewl/lib/armv7e-m\librt.a(__arm_eabi_init.o)

.debug_aranges  0x00000000      0x6a8
 .debug_aranges
                0x00000000       0x38 ./Project_Settings/Startup_Code/kinetis_sysinit.o
 .debug_aranges
                0x00000038       0x30 ./Project_Settings/Startup_Code/__arm_start.o
 .debug_aranges
                0x00000068       0x20 ./Project_Settings/Startup_Code/__arm_end.o
 .debug_aranges
                0x00000088       0x48 ./Sources/uart.o
 .debug_aranges
                0x000000d0       0x28 ./Sources/timer.o
 .debug_aranges
                0x000000f8       0x88 ./Sources/nokia_LCD.o
 .debug_aranges
                0x00000180       0x60 ./Sources/menu.o
 .debug_aranges
                0x000001e0       0x48 ./Sources/lcd_spi.o
 .debug_aranges
                0x00000228       0x18 ./Sources/lcd_fonts.o
 .debug_aranges
                0x00000240       0x30 ./Sources/display.o
 .debug_aranges
                0x00000270       0x28 ./Sources/clock.o
 .debug_aranges
                0x00000298       0x20 ./Sources/T6_Main.o
 .debug_aranges
                0x000002b8       0x48 ./Sources/PIT.o
 .debug_aranges
                0x00000300       0x38 ./Sources/Joystick.o
 .debug_aranges
                0x00000338       0x28 ./Sources/ADC.o
 .debug_aranges
                0x00000360       0x20 C:/APPS/Freescale/CW MCU v10.4/MCU/ARM_GCC_Support/ewl/lib/armv7e-m\libc.a(printf.o)
 .debug_aranges
                0x00000380       0x20 C:/APPS/Freescale/CW MCU v10.4/MCU/ARM_GCC_Support/ewl/lib/armv7e-m\libc.a(exit.o)
 .debug_aranges
                0x000003a0       0x20 C:/APPS/Freescale/CW MCU v10.4/MCU/ARM_GCC_Support/ewl/lib/armv7e-m\libc.a(memset.o)
 .debug_aranges
                0x000003c0       0x28 C:/APPS/Freescale/CW MCU v10.4/MCU/ARM_GCC_Support/ewl/lib/armv7e-m\libc.a(printformat_.o)
 .debug_aranges
                0x000003e8       0x20 C:/APPS/Freescale/CW MCU v10.4/MCU/ARM_GCC_Support/ewl/lib/armv7e-m\libc.a(scanformat_.o)
 .debug_aranges
                0x00000408       0x88 C:/APPS/Freescale/CW MCU v10.4/MCU/ARM_GCC_Support/ewl/lib/armv7e-m\libc.a(ctype_aeabi.o)
 .debug_aranges
                0x00000490       0x28 C:/APPS/Freescale/CW MCU v10.4/MCU/ARM_GCC_Support/ewl/lib/armv7e-m\libc.a(ansi_files.o)
 .debug_aranges
                0x000004b8       0x30 C:/APPS/Freescale/CW MCU v10.4/MCU/ARM_GCC_Support/ewl/lib/armv7e-m\libc.a(fwrite.o)
 .debug_aranges
                0x000004e8       0x20 C:/APPS/Freescale/CW MCU v10.4/MCU/ARM_GCC_Support/ewl/lib/armv7e-m\libc.a(__strtoul.o)
 .debug_aranges
                0x00000508       0x20 C:/APPS/Freescale/CW MCU v10.4/MCU/ARM_GCC_Support/ewl/lib/armv7e-m\libc.a(__filll_mem.o)
 .debug_aranges
                0x00000528       0x20 C:/APPS/Freescale/CW MCU v10.4/MCU/ARM_GCC_Support/ewl/lib/armv7e-m\libc.a(__memrchr.o)
 .debug_aranges
                0x00000548       0x20 C:/APPS/Freescale/CW MCU v10.4/MCU/ARM_GCC_Support/ewl/lib/armv7e-m\libc.a(memchr.o)
 .debug_aranges
                0x00000568       0x20 C:/APPS/Freescale/CW MCU v10.4/MCU/ARM_GCC_Support/ewl/lib/armv7e-m\libc.a(memcpy.o)
 .debug_aranges
                0x00000588       0x20 C:/APPS/Freescale/CW MCU v10.4/MCU/ARM_GCC_Support/ewl/lib/armv7e-m\libc.a(strchr.o)
 .debug_aranges
                0x000005a8       0x20 C:/APPS/Freescale/CW MCU v10.4/MCU/ARM_GCC_Support/ewl/lib/armv7e-m\libc.a(strlen.o)
 .debug_aranges
                0x000005c8       0x30 C:/APPS/Freescale/CW MCU v10.4/MCU/ARM_GCC_Support/ewl/lib/armv7e-m\libc.a(__buffer_io.o)
 .debug_aranges
                0x000005f8       0x28 C:/APPS/Freescale/CW MCU v10.4/MCU/ARM_GCC_Support/ewl/lib/armv7e-m\librt.a(gcc_ctor_dtor.o)
 .debug_aranges
                0x00000620       0x30 C:/APPS/Freescale/CW MCU v10.4/MCU/ARM_GCC_Support/ewl/lib/armv7e-m\librt.a(ROMCopy.o)
 .debug_aranges
                0x00000650       0x58 C:/APPS/Freescale/CW MCU v10.4/MCU/ARM_GCC_Support/ewl/lib/armv7e-m\librt.a(__arm_eabi_init.o)

.debug_macinfo  0x00000000   0x2ee5e6
 .debug_macinfo
                0x00000000    0x3cca4 ./Project_Settings/Startup_Code/kinetis_sysinit.o
 .debug_macinfo
                0x0003cca4     0x3f3e ./Project_Settings/Startup_Code/__arm_start.o
 .debug_macinfo
                0x00040be2     0x3527 ./Project_Settings/Startup_Code/__arm_end.o
 .debug_macinfo
                0x00044109    0x3dcbc ./Sources/uart.o
 .debug_macinfo
                0x00081dc5    0x3cc3f ./Sources/timer.o
 .debug_macinfo
                0x000bea04    0x3e0c0 ./Sources/nokia_LCD.o
 .debug_macinfo
                0x000fcac4    0x3e62e ./Sources/menu.o
 .debug_macinfo
                0x0013b0f2    0x3d3d1 ./Sources/lcd_spi.o
 .debug_macinfo
                0x001784c3     0x25bd ./Sources/lcd_fonts.o
 .debug_macinfo
                0x0017aa80    0x3e4ee ./Sources/display.o
 .debug_macinfo
                0x001b8f6e    0x3e202 ./Sources/clock.o
 .debug_macinfo
                0x001f7170    0x3da24 ./Sources/T6_Main.o
 .debug_macinfo
                0x00234b94    0x3e1d4 ./Sources/PIT.o
 .debug_macinfo
                0x00272d68    0x3d366 ./Sources/Joystick.o
 .debug_macinfo
                0x002b00ce    0x3e518 ./Sources/ADC.o

.debug_line     0x00000000     0x3b95
 .debug_line    0x00000000      0x249 ./Project_Settings/Startup_Code/kinetis_sysinit.o
 .debug_line    0x00000249      0x295 ./Project_Settings/Startup_Code/__arm_start.o
 .debug_line    0x000004de      0x27a ./Project_Settings/Startup_Code/__arm_end.o
 .debug_line    0x00000758      0x33c ./Sources/uart.o
 .debug_line    0x00000a94      0x1fe ./Sources/timer.o
 .debug_line    0x00000c92      0x521 ./Sources/nokia_LCD.o
 .debug_line    0x000011b3      0x356 ./Sources/menu.o
 .debug_line    0x00001509      0x27e ./Sources/lcd_spi.o
 .debug_line    0x00001787       0xeb ./Sources/lcd_fonts.o
 .debug_line    0x00001872      0x28b ./Sources/display.o
 .debug_line    0x00001afd      0x2c1 ./Sources/clock.o
 .debug_line    0x00001dbe      0x2f2 ./Sources/T6_Main.o
 .debug_line    0x000020b0      0x2a0 ./Sources/PIT.o
 .debug_line    0x00002350      0x29c ./Sources/Joystick.o
 .debug_line    0x000025ec      0x2b9 ./Sources/ADC.o
 .debug_line    0x000028a5       0xb6 C:/APPS/Freescale/CW MCU v10.4/MCU/ARM_GCC_Support/ewl/lib/armv7e-m\libc.a(printf.o)
 .debug_line    0x0000295b       0x94 C:/APPS/Freescale/CW MCU v10.4/MCU/ARM_GCC_Support/ewl/lib/armv7e-m\libc.a(exit.o)
 .debug_line    0x000029ef       0x8f C:/APPS/Freescale/CW MCU v10.4/MCU/ARM_GCC_Support/ewl/lib/armv7e-m\libc.a(memset.o)
 .debug_line    0x00002a7e      0x2b4 C:/APPS/Freescale/CW MCU v10.4/MCU/ARM_GCC_Support/ewl/lib/armv7e-m\libc.a(printformat_.o)
 .debug_line    0x00002d32      0x2df C:/APPS/Freescale/CW MCU v10.4/MCU/ARM_GCC_Support/ewl/lib/armv7e-m\libc.a(scanformat_.o)
 .debug_line    0x00003011      0x1a9 C:/APPS/Freescale/CW MCU v10.4/MCU/ARM_GCC_Support/ewl/lib/armv7e-m\libc.a(ctype_aeabi.o)
 .debug_line    0x000031ba       0xc0 C:/APPS/Freescale/CW MCU v10.4/MCU/ARM_GCC_Support/ewl/lib/armv7e-m\libc.a(ansi_files.o)
 .debug_line    0x0000327a      0x155 C:/APPS/Freescale/CW MCU v10.4/MCU/ARM_GCC_Support/ewl/lib/armv7e-m\libc.a(fwrite.o)
 .debug_line    0x000033cf      0x11b C:/APPS/Freescale/CW MCU v10.4/MCU/ARM_GCC_Support/ewl/lib/armv7e-m\libc.a(__strtoul.o)
 .debug_line    0x000034ea       0xcd C:/APPS/Freescale/CW MCU v10.4/MCU/ARM_GCC_Support/ewl/lib/armv7e-m\libc.a(__filll_mem.o)
 .debug_line    0x000035b7       0x99 C:/APPS/Freescale/CW MCU v10.4/MCU/ARM_GCC_Support/ewl/lib/armv7e-m\libc.a(__memrchr.o)
 .debug_line    0x00003650       0x9f C:/APPS/Freescale/CW MCU v10.4/MCU/ARM_GCC_Support/ewl/lib/armv7e-m\libc.a(memchr.o)
 .debug_line    0x000036ef       0x8b C:/APPS/Freescale/CW MCU v10.4/MCU/ARM_GCC_Support/ewl/lib/armv7e-m\libc.a(memcpy.o)
 .debug_line    0x0000377a       0x7d C:/APPS/Freescale/CW MCU v10.4/MCU/ARM_GCC_Support/ewl/lib/armv7e-m\libc.a(strchr.o)
 .debug_line    0x000037f7       0x83 C:/APPS/Freescale/CW MCU v10.4/MCU/ARM_GCC_Support/ewl/lib/armv7e-m\libc.a(strlen.o)
 .debug_line    0x0000387a       0xfa C:/APPS/Freescale/CW MCU v10.4/MCU/ARM_GCC_Support/ewl/lib/armv7e-m\libc.a(__buffer_io.o)
 .debug_line    0x00003974       0x67 C:/APPS/Freescale/CW MCU v10.4/MCU/ARM_GCC_Support/ewl/lib/armv7e-m\librt.a(gcc_ctor_dtor.o)
 .debug_line    0x000039db       0xa9 C:/APPS/Freescale/CW MCU v10.4/MCU/ARM_GCC_Support/ewl/lib/armv7e-m\librt.a(ROMCopy.o)
 .debug_line    0x00003a84      0x111 C:/APPS/Freescale/CW MCU v10.4/MCU/ARM_GCC_Support/ewl/lib/armv7e-m\librt.a(__arm_eabi_init.o)

.debug_str      0x00000000     0x1e6f
 .debug_str     0x00000000      0x281 ./Project_Settings/Startup_Code/kinetis_sysinit.o
                                0x2c7 (size before relaxing)
 .debug_str     0x00000281       0x85 ./Project_Settings/Startup_Code/__arm_start.o
                                0x189 (size before relaxing)
 .debug_str     0x00000306       0x41 ./Project_Settings/Startup_Code/__arm_end.o
                                 0xc0 (size before relaxing)
 .debug_str     0x00000347      0x28d ./Sources/uart.o
                                0x3d5 (size before relaxing)
 .debug_str     0x000005d4       0x85 ./Sources/timer.o
                                0x257 (size before relaxing)
 .debug_str     0x00000659      0x213 ./Sources/nokia_LCD.o
                                0x42e (size before relaxing)
 .debug_str     0x0000086c      0x15d ./Sources/menu.o
                                0x278 (size before relaxing)
 .debug_str     0x000009c9      0x140 ./Sources/lcd_spi.o
                                0x39e (size before relaxing)
 .debug_str     0x00000b09       0x17 ./Sources/lcd_fonts.o
                                 0xb9 (size before relaxing)
 .debug_str     0x00000b20       0x75 ./Sources/display.o
                                0x18d (size before relaxing)
 .debug_str     0x00000b95       0x81 ./Sources/clock.o
                                0x2b1 (size before relaxing)
 .debug_str     0x00000c16       0x1a ./Sources/T6_Main.o
                                0x11e (size before relaxing)
 .debug_str     0x00000c30      0x3f0 ./Sources/PIT.o
                                0x603 (size before relaxing)
 .debug_str     0x00001020       0x6e ./Sources/Joystick.o
                                0x301 (size before relaxing)
 .debug_str     0x0000108e       0x8e ./Sources/ADC.o
                                0x2e7 (size before relaxing)
 .debug_str     0x0000111c      0x191 C:/APPS/Freescale/CW MCU v10.4/MCU/ARM_GCC_Support/ewl/lib/armv7e-m\libc.a(printf.o)
                                0x2e9 (size before relaxing)
 .debug_str     0x000012ad       0x2e C:/APPS/Freescale/CW MCU v10.4/MCU/ARM_GCC_Support/ewl/lib/armv7e-m\libc.a(exit.o)
                                0x157 (size before relaxing)
 .debug_str     0x000012db       0x1c C:/APPS/Freescale/CW MCU v10.4/MCU/ARM_GCC_Support/ewl/lib/armv7e-m\libc.a(memset.o)
                                0x140 (size before relaxing)
 .debug_str     0x000012f7      0x227 C:/APPS/Freescale/CW MCU v10.4/MCU/ARM_GCC_Support/ewl/lib/armv7e-m\libc.a(printformat_.o)
                                0x3b3 (size before relaxing)
 .debug_str     0x0000151e      0x176 C:/APPS/Freescale/CW MCU v10.4/MCU/ARM_GCC_Support/ewl/lib/armv7e-m\libc.a(scanformat_.o)
                                0x3f9 (size before relaxing)
 .debug_str     0x00001694       0x9d C:/APPS/Freescale/CW MCU v10.4/MCU/ARM_GCC_Support/ewl/lib/armv7e-m\libc.a(ctype_aeabi.o)
                                0x1bc (size before relaxing)
 .debug_str     0x00001731      0x189 C:/APPS/Freescale/CW MCU v10.4/MCU/ARM_GCC_Support/ewl/lib/armv7e-m\libc.a(ansi_files.o)
                                0x442 (size before relaxing)
 .debug_str     0x000018ba      0x164 C:/APPS/Freescale/CW MCU v10.4/MCU/ARM_GCC_Support/ewl/lib/armv7e-m\libc.a(fwrite.o)
                                0x53b (size before relaxing)
 .debug_str     0x00001a1e       0x5b C:/APPS/Freescale/CW MCU v10.4/MCU/ARM_GCC_Support/ewl/lib/armv7e-m\libc.a(__strtoul.o)
                                0x1fb (size before relaxing)
 .debug_str     0x00001a79       0x25 C:/APPS/Freescale/CW MCU v10.4/MCU/ARM_GCC_Support/ewl/lib/armv7e-m\libc.a(__filll_mem.o)
                                0x152 (size before relaxing)
 .debug_str     0x00001a9e       0x22 C:/APPS/Freescale/CW MCU v10.4/MCU/ARM_GCC_Support/ewl/lib/armv7e-m\libc.a(__memrchr.o)
                                0x145 (size before relaxing)
 .debug_str     0x00001ac0       0x1c C:/APPS/Freescale/CW MCU v10.4/MCU/ARM_GCC_Support/ewl/lib/armv7e-m\libc.a(memchr.o)
                                0x148 (size before relaxing)
 .debug_str     0x00001adc       0x1c C:/APPS/Freescale/CW MCU v10.4/MCU/ARM_GCC_Support/ewl/lib/armv7e-m\libc.a(memcpy.o)
                                0x138 (size before relaxing)
 .debug_str     0x00001af8       0x1c C:/APPS/Freescale/CW MCU v10.4/MCU/ARM_GCC_Support/ewl/lib/armv7e-m\libc.a(strchr.o)
                                0x137 (size before relaxing)
 .debug_str     0x00001b14       0x1c C:/APPS/Freescale/CW MCU v10.4/MCU/ARM_GCC_Support/ewl/lib/armv7e-m\libc.a(strlen.o)
                                0x140 (size before relaxing)
 .debug_str     0x00001b30       0x8b C:/APPS/Freescale/CW MCU v10.4/MCU/ARM_GCC_Support/ewl/lib/armv7e-m\libc.a(__buffer_io.o)
                                0x373 (size before relaxing)
 .debug_str     0x00001bbb      0x126 C:/APPS/Freescale/CW MCU v10.4/MCU/ARM_GCC_Support/ewl/lib/armv7e-m\librt.a(gcc_ctor_dtor.o)
                                0x181 (size before relaxing)
 .debug_str     0x00001ce1       0x96 C:/APPS/Freescale/CW MCU v10.4/MCU/ARM_GCC_Support/ewl/lib/armv7e-m\librt.a(ROMCopy.o)
                                0x13c (size before relaxing)
 .debug_str     0x00001d77       0xf8 C:/APPS/Freescale/CW MCU v10.4/MCU/ARM_GCC_Support/ewl/lib/armv7e-m\librt.a(__arm_eabi_init.o)
                                0x1b5 (size before relaxing)

.comment        0x00000000       0x79
 .comment       0x00000000       0x79 ./Project_Settings/Startup_Code/kinetis_sysinit.o
                                 0x7a (size before relaxing)
 .comment       0x00000000       0x7a ./Project_Settings/Startup_Code/__arm_start.o
 .comment       0x00000000       0x7a ./Project_Settings/Startup_Code/__arm_end.o
 .comment       0x00000000       0x7a ./Sources/uart.o
 .comment       0x00000000       0x7a ./Sources/timer.o
 .comment       0x00000000       0x7a ./Sources/nokia_LCD.o
 .comment       0x00000000       0x7a ./Sources/menu.o
 .comment       0x00000000       0x7a ./Sources/lcd_spi.o
 .comment       0x00000000       0x7a ./Sources/lcd_fonts.o
 .comment       0x00000000       0x7a ./Sources/display.o
 .comment       0x00000000       0x7a ./Sources/clock.o
 .comment       0x00000000       0x7a ./Sources/T6_Main.o
 .comment       0x00000000       0x7a ./Sources/PIT.o
 .comment       0x00000000       0x7a ./Sources/Joystick.o
 .comment       0x00000000       0x7a ./Sources/ADC.o
 .comment       0x00000000       0x7a C:/APPS/Freescale/CW MCU v10.4/MCU/ARM_GCC_Support/ewl/lib/armv7e-m\libc.a(printf.o)
 .comment       0x00000000       0x7a C:/APPS/Freescale/CW MCU v10.4/MCU/ARM_GCC_Support/ewl/lib/armv7e-m\libc.a(exit.o)
 .comment       0x00000000       0x7a C:/APPS/Freescale/CW MCU v10.4/MCU/ARM_GCC_Support/ewl/lib/armv7e-m\libc.a(memset.o)
 .comment       0x00000000       0x7a C:/APPS/Freescale/CW MCU v10.4/MCU/ARM_GCC_Support/ewl/lib/armv7e-m\libc.a(printformat_.o)
 .comment       0x00000000       0x7a C:/APPS/Freescale/CW MCU v10.4/MCU/ARM_GCC_Support/ewl/lib/armv7e-m\libc.a(scanformat_.o)
 .comment       0x00000000       0x7a C:/APPS/Freescale/CW MCU v10.4/MCU/ARM_GCC_Support/ewl/lib/armv7e-m\libc.a(ctype_aeabi.o)
 .comment       0x00000000       0x7a C:/APPS/Freescale/CW MCU v10.4/MCU/ARM_GCC_Support/ewl/lib/armv7e-m\libc.a(ansi_files.o)
 .comment       0x00000000       0x7a C:/APPS/Freescale/CW MCU v10.4/MCU/ARM_GCC_Support/ewl/lib/armv7e-m\libc.a(fwrite.o)
 .comment       0x00000000       0x7a C:/APPS/Freescale/CW MCU v10.4/MCU/ARM_GCC_Support/ewl/lib/armv7e-m\libc.a(__strtoul.o)
 .comment       0x00000000       0x7a C:/APPS/Freescale/CW MCU v10.4/MCU/ARM_GCC_Support/ewl/lib/armv7e-m\libc.a(__filll_mem.o)
 .comment       0x00000000       0x7a C:/APPS/Freescale/CW MCU v10.4/MCU/ARM_GCC_Support/ewl/lib/armv7e-m\libc.a(__memrchr.o)
 .comment       0x00000000       0x7a C:/APPS/Freescale/CW MCU v10.4/MCU/ARM_GCC_Support/ewl/lib/armv7e-m\libc.a(memchr.o)
 .comment       0x00000000       0x7a C:/APPS/Freescale/CW MCU v10.4/MCU/ARM_GCC_Support/ewl/lib/armv7e-m\libc.a(memcpy.o)
 .comment       0x00000000       0x7a C:/APPS/Freescale/CW MCU v10.4/MCU/ARM_GCC_Support/ewl/lib/armv7e-m\libc.a(strchr.o)
 .comment       0x00000000       0x7a C:/APPS/Freescale/CW MCU v10.4/MCU/ARM_GCC_Support/ewl/lib/armv7e-m\libc.a(strlen.o)
 .comment       0x00000000       0x7a C:/APPS/Freescale/CW MCU v10.4/MCU/ARM_GCC_Support/ewl/lib/armv7e-m\libc.a(__buffer_io.o)
 .comment       0x00000000       0x7a C:/APPS/Freescale/CW MCU v10.4/MCU/ARM_GCC_Support/ewl/lib/armv7e-m\librt.a(gcc_ctor_dtor.o)
 .comment       0x00000000       0x7a C:/APPS/Freescale/CW MCU v10.4/MCU/ARM_GCC_Support/ewl/lib/armv7e-m\librt.a(ROMCopy.o)
 .comment       0x00000000       0x7a C:/APPS/Freescale/CW MCU v10.4/MCU/ARM_GCC_Support/ewl/lib/armv7e-m\librt.a(__arm_eabi_init.o)

.debug_frame    0x00000000      0xd40
 .debug_frame   0x00000000       0x70 ./Project_Settings/Startup_Code/kinetis_sysinit.o
 .debug_frame   0x00000070       0x4c ./Project_Settings/Startup_Code/__arm_start.o
 .debug_frame   0x000000bc       0x2c ./Project_Settings/Startup_Code/__arm_end.o
 .debug_frame   0x000000e8       0xbc ./Sources/uart.o
 .debug_frame   0x000001a4       0x44 ./Sources/timer.o
 .debug_frame   0x000001e8      0x1b8 ./Sources/nokia_LCD.o
 .debug_frame   0x000003a0      0x118 ./Sources/menu.o
 .debug_frame   0x000004b8       0xc0 ./Sources/lcd_spi.o
 .debug_frame   0x00000578       0x70 ./Sources/display.o
 .debug_frame   0x000005e8       0x48 ./Sources/clock.o
 .debug_frame   0x00000630       0x2c ./Sources/T6_Main.o
 .debug_frame   0x0000065c       0xbc ./Sources/PIT.o
 .debug_frame   0x00000718       0x7c ./Sources/Joystick.o
 .debug_frame   0x00000794       0x40 ./Sources/ADC.o
 .debug_frame   0x000007d4       0x3c C:/APPS/Freescale/CW MCU v10.4/MCU/ARM_GCC_Support/ewl/lib/armv7e-m\libc.a(printf.o)
 .debug_frame   0x00000810       0x28 C:/APPS/Freescale/CW MCU v10.4/MCU/ARM_GCC_Support/ewl/lib/armv7e-m\libc.a(exit.o)
 .debug_frame   0x00000838       0x28 C:/APPS/Freescale/CW MCU v10.4/MCU/ARM_GCC_Support/ewl/lib/armv7e-m\libc.a(memset.o)
 .debug_frame   0x00000860       0x64 C:/APPS/Freescale/CW MCU v10.4/MCU/ARM_GCC_Support/ewl/lib/armv7e-m\libc.a(printformat_.o)
 .debug_frame   0x000008c4       0x3c C:/APPS/Freescale/CW MCU v10.4/MCU/ARM_GCC_Support/ewl/lib/armv7e-m\libc.a(scanformat_.o)
 .debug_frame   0x00000900       0xf0 C:/APPS/Freescale/CW MCU v10.4/MCU/ARM_GCC_Support/ewl/lib/armv7e-m\libc.a(ctype_aeabi.o)
 .debug_frame   0x000009f0       0x48 C:/APPS/Freescale/CW MCU v10.4/MCU/ARM_GCC_Support/ewl/lib/armv7e-m\libc.a(ansi_files.o)
 .debug_frame   0x00000a38       0x64 C:/APPS/Freescale/CW MCU v10.4/MCU/ARM_GCC_Support/ewl/lib/armv7e-m\libc.a(fwrite.o)
 .debug_frame   0x00000a9c       0x3c C:/APPS/Freescale/CW MCU v10.4/MCU/ARM_GCC_Support/ewl/lib/armv7e-m\libc.a(__strtoul.o)
 .debug_frame   0x00000ad8       0x2c C:/APPS/Freescale/CW MCU v10.4/MCU/ARM_GCC_Support/ewl/lib/armv7e-m\libc.a(__filll_mem.o)
 .debug_frame   0x00000b04       0x28 C:/APPS/Freescale/CW MCU v10.4/MCU/ARM_GCC_Support/ewl/lib/armv7e-m\libc.a(__memrchr.o)
 .debug_frame   0x00000b2c       0x20 C:/APPS/Freescale/CW MCU v10.4/MCU/ARM_GCC_Support/ewl/lib/armv7e-m\libc.a(memchr.o)
 .debug_frame   0x00000b4c       0x28 C:/APPS/Freescale/CW MCU v10.4/MCU/ARM_GCC_Support/ewl/lib/armv7e-m\libc.a(memcpy.o)
 .debug_frame   0x00000b74       0x20 C:/APPS/Freescale/CW MCU v10.4/MCU/ARM_GCC_Support/ewl/lib/armv7e-m\libc.a(strchr.o)
 .debug_frame   0x00000b94       0x20 C:/APPS/Freescale/CW MCU v10.4/MCU/ARM_GCC_Support/ewl/lib/armv7e-m\libc.a(strlen.o)
 .debug_frame   0x00000bb4       0x58 C:/APPS/Freescale/CW MCU v10.4/MCU/ARM_GCC_Support/ewl/lib/armv7e-m\libc.a(__buffer_io.o)
 .debug_frame   0x00000c0c       0x40 C:/APPS/Freescale/CW MCU v10.4/MCU/ARM_GCC_Support/ewl/lib/armv7e-m\librt.a(gcc_ctor_dtor.o)
 .debug_frame   0x00000c4c       0x48 C:/APPS/Freescale/CW MCU v10.4/MCU/ARM_GCC_Support/ewl/lib/armv7e-m\librt.a(ROMCopy.o)
 .debug_frame   0x00000c94       0xac C:/APPS/Freescale/CW MCU v10.4/MCU/ARM_GCC_Support/ewl/lib/armv7e-m\librt.a(__arm_eabi_init.o)
